<?xml version="1.0" encoding="UTF-8"?>
<testsuites>
  <testsuite name="C:\Users\roche\Documents\RochesWebStudio\Projet_OnlyRoll\OnlyRoll\backend\phpunit.dist.xml" tests="298" assertions="527" errors="97" failures="12" skipped="0" time="66.410095">
    <testsuite name="Unit" tests="204" assertions="527" errors="3" failures="12" skipped="0" time="66.410095">
      <testsuite name="App\Tests\Unit\Service\FileUploaderTest" file="C:\Users\roche\Documents\RochesWebStudio\Projet_OnlyRoll\OnlyRoll\backend\tests\Unit\Service\FileUploaderTest.php" tests="14" assertions="28" errors="0" failures="1" skipped="0" time="22.550134">
        <testcase name="testUploadTokenImageSuccess" file="C:\Users\roche\Documents\RochesWebStudio\Projet_OnlyRoll\OnlyRoll\backend\tests\Unit\Service\FileUploaderTest.php" line="69" class="App\Tests\Unit\Service\FileUploaderTest" classname="App.Tests.Unit.Service.FileUploaderTest" assertions="3" time="20.793138"/>
        <testcase name="testAcceptsWebpMimeType" file="C:\Users\roche\Documents\RochesWebStudio\Projet_OnlyRoll\OnlyRoll\backend\tests\Unit\Service\FileUploaderTest.php" line="228" class="App\Tests\Unit\Service\FileUploaderTest" classname="App.Tests.Unit.Service.FileUploaderTest" assertions="1" time="0.354797"/>
        <testcase name="testUploadAvatarSuccess" file="C:\Users\roche\Documents\RochesWebStudio\Projet_OnlyRoll\OnlyRoll\backend\tests\Unit\Service\FileUploaderTest.php" line="85" class="App\Tests\Unit\Service\FileUploaderTest" classname="App.Tests.Unit.Service.FileUploaderTest" assertions="3" time="0.040543"/>
        <testcase name="testAcceptsPngMimeType" file="C:\Users\roche\Documents\RochesWebStudio\Projet_OnlyRoll\OnlyRoll\backend\tests\Unit\Service\FileUploaderTest.php" line="213" class="App\Tests\Unit\Service\FileUploaderTest" classname="App.Tests.Unit.Service.FileUploaderTest" assertions="1" time="0.121448"/>
        <testcase name="testAcceptsJpegMimeType" file="C:\Users\roche\Documents\RochesWebStudio\Projet_OnlyRoll\OnlyRoll\backend\tests\Unit\Service\FileUploaderTest.php" line="197" class="App\Tests\Unit\Service\FileUploaderTest" classname="App.Tests.Unit.Service.FileUploaderTest" assertions="1" time="0.037230"/>
        <testcase name="testGeneratedFilenameIsUnique" file="C:\Users\roche\Documents\RochesWebStudio\Projet_OnlyRoll\OnlyRoll\backend\tests\Unit\Service\FileUploaderTest.php" line="184" class="App\Tests\Unit\Service\FileUploaderTest" classname="App.Tests.Unit.Service.FileUploaderTest" assertions="1" time="0.137464"/>
        <testcase name="testUploadCreatesDirectoryIfNotExists" file="C:\Users\roche\Documents\RochesWebStudio\Projet_OnlyRoll\OnlyRoll\backend\tests\Unit\Service\FileUploaderTest.php" line="172" class="App\Tests\Unit\Service\FileUploaderTest" classname="App.Tests.Unit.Service.FileUploaderTest" assertions="1" time="0.153457"/>
        <testcase name="testUploadMapImageSuccess" file="C:\Users\roche\Documents\RochesWebStudio\Projet_OnlyRoll\OnlyRoll\backend\tests\Unit\Service\FileUploaderTest.php" line="51" class="App\Tests\Unit\Service\FileUploaderTest" classname="App.Tests.Unit.Service.FileUploaderTest" assertions="5" time="0.086839"/>
        <testcase name="testDeleteFileWithInvalidUrl" file="C:\Users\roche\Documents\RochesWebStudio\Projet_OnlyRoll\OnlyRoll\backend\tests\Unit\Service\FileUploaderTest.php" line="163" class="App\Tests\Unit\Service\FileUploaderTest" classname="App.Tests.Unit.Service.FileUploaderTest" assertions="1" time="0.586320">
          <failure type="PHPUnit\Framework\ExpectationFailedException">App\Tests\Unit\Service\FileUploaderTest::testDeleteFileWithInvalidUrl&#13;
Expectation failed for method name is "warning" when invoked 1 time.
Method was expected to be called 1 time, actually called 0 times.</failure>
        </testcase>
        <testcase name="testUploadThrowsExceptionForInvalidFile" file="C:\Users\roche\Documents\RochesWebStudio\Projet_OnlyRoll\OnlyRoll\backend\tests\Unit\Service\FileUploaderTest.php" line="101" class="App\Tests\Unit\Service\FileUploaderTest" classname="App.Tests.Unit.Service.FileUploaderTest" assertions="2" time="0.101542"/>
        <testcase name="testDeleteFileDoesNothingWhenFileNotExists" file="C:\Users\roche\Documents\RochesWebStudio\Projet_OnlyRoll\OnlyRoll\backend\tests\Unit\Service\FileUploaderTest.php" line="152" class="App\Tests\Unit\Service\FileUploaderTest" classname="App.Tests.Unit.Service.FileUploaderTest" assertions="1" time="0.008420"/>
        <testcase name="testUploadThrowsExceptionForInvalidMimeType" file="C:\Users\roche\Documents\RochesWebStudio\Projet_OnlyRoll\OnlyRoll\backend\tests\Unit\Service\FileUploaderTest.php" line="125" class="App\Tests\Unit\Service\FileUploaderTest" classname="App.Tests.Unit.Service.FileUploaderTest" assertions="2" time="0.033590"/>
        <testcase name="testUploadThrowsExceptionForFileTooLarge" file="C:\Users\roche\Documents\RochesWebStudio\Projet_OnlyRoll\OnlyRoll\backend\tests\Unit\Service\FileUploaderTest.php" line="113" class="App\Tests\Unit\Service\FileUploaderTest" classname="App.Tests.Unit.Service.FileUploaderTest" assertions="2" time="0.016393"/>
        <testcase name="testDeleteFileSuccess" file="C:\Users\roche\Documents\RochesWebStudio\Projet_OnlyRoll\OnlyRoll\backend\tests\Unit\Service\FileUploaderTest.php" line="138" class="App\Tests\Unit\Service\FileUploaderTest" classname="App.Tests.Unit.Service.FileUploaderTest" assertions="4" time="0.078955"/>
      </testsuite>
      <testsuite name="App\Tests\Unit\Service\GameServiceTest" file="C:\Users\roche\Documents\RochesWebStudio\Projet_OnlyRoll\OnlyRoll\backend\tests\Unit\Service\GameServiceTest.php" tests="20" assertions="53" errors="0" failures="2" skipped="0" time="33.584325">
        <testcase name="testUpdateGameWithAllFields" file="C:\Users\roche\Documents\RochesWebStudio\Projet_OnlyRoll\OnlyRoll\backend\tests\Unit\Service\GameServiceTest.php" line="157" class="App\Tests\Unit\Service\GameServiceTest" classname="App.Tests.Unit.Service.GameServiceTest" assertions="2" time="0.610934"/>
        <testcase name="testCreateGameWithPublicGame" file="C:\Users\roche\Documents\RochesWebStudio\Projet_OnlyRoll\OnlyRoll\backend\tests\Unit\Service\GameServiceTest.php" line="55" class="App\Tests\Unit\Service\GameServiceTest" classname="App.Tests.Unit.Service.GameServiceTest" assertions="2" time="0.285904">
          <failure type="PHPUnit\Framework\ExpectationFailedException">App\Tests\Unit\Service\GameServiceTest::testCreateGameWithPublicGame&#13;
Expectation failed for method name is "persist" when invoked 2 times
Parameter 0 for invocation Doctrine\Persistence\ObjectManager::persist(App\Entity\GamePlayer Object (...)): void does not match expected value.
Failed asserting that an instance of class App\Entity\GamePlayer is an instance of class App\Entity\Game.
&#13;
C:\Users\roche\Documents\RochesWebStudio\Projet_OnlyRoll\OnlyRoll\backend\src\Service\GameService.php:87
C:\Users\roche\Documents\RochesWebStudio\Projet_OnlyRoll\OnlyRoll\backend\tests\Unit\Service\GameServiceTest.php:76</failure>
        </testcase>
        <testcase name="testCreateGameThrowsExceptionWhenPasswordTooShort" file="C:\Users\roche\Documents\RochesWebStudio\Projet_OnlyRoll\OnlyRoll\backend\tests\Unit\Service\GameServiceTest.php" line="125" class="App\Tests\Unit\Service\GameServiceTest" classname="App.Tests.Unit.Service.GameServiceTest" assertions="2" time="0.113181"/>
        <testcase name="testCreateGameThrowsExceptionWhenPrivateWithoutPassword" file="C:\Users\roche\Documents\RochesWebStudio\Projet_OnlyRoll\OnlyRoll\backend\tests\Unit\Service\GameServiceTest.php" line="110" class="App\Tests\Unit\Service\GameServiceTest" classname="App.Tests.Unit.Service.GameServiceTest" assertions="2" time="0.011509"/>
        <testcase name="testCreateGameThrowsExceptionWhenPasswordTooLong" file="C:\Users\roche\Documents\RochesWebStudio\Projet_OnlyRoll\OnlyRoll\backend\tests\Unit\Service\GameServiceTest.php" line="140" class="App\Tests\Unit\Service\GameServiceTest" classname="App.Tests.Unit.Service.GameServiceTest" assertions="2" time="0.089638"/>
        <testcase name="testDeleteGameThrowsExceptionWhenNotGameMaster" file="C:\Users\roche\Documents\RochesWebStudio\Projet_OnlyRoll\OnlyRoll\backend\tests\Unit\Service\GameServiceTest.php" line="444" class="App\Tests\Unit\Service\GameServiceTest" classname="App.Tests.Unit.Service.GameServiceTest" assertions="1" time="0.171432"/>
        <testcase name="testUpdateGameWithPartialFields" file="C:\Users\roche\Documents\RochesWebStudio\Projet_OnlyRoll\OnlyRoll\backend\tests\Unit\Service\GameServiceTest.php" line="195" class="App\Tests\Unit\Service\GameServiceTest" classname="App.Tests.Unit.Service.GameServiceTest" assertions="1" time="0.008811"/>
        <testcase name="testJoinGameThrowsExceptionWhenGameNotFound" file="C:\Users\roche\Documents\RochesWebStudio\Projet_OnlyRoll\OnlyRoll\backend\tests\Unit\Service\GameServiceTest.php" line="244" class="App\Tests\Unit\Service\GameServiceTest" classname="App.Tests.Unit.Service.GameServiceTest" assertions="3" time="0.062944"/>
        <testcase name="testLeaveGameThrowsExceptionWhenUserIsGameMaster" file="C:\Users\roche\Documents\RochesWebStudio\Projet_OnlyRoll\OnlyRoll\backend\tests\Unit\Service\GameServiceTest.php" line="411" class="App\Tests\Unit\Service\GameServiceTest" classname="App.Tests.Unit.Service.GameServiceTest" assertions="3" time="0.124003"/>
        <testcase name="testJoinGameThrowsExceptionWhenGameStatusNotAccepting" file="C:\Users\roche\Documents\RochesWebStudio\Projet_OnlyRoll\OnlyRoll\backend\tests\Unit\Service\GameServiceTest.php" line="352" class="App\Tests\Unit\Service\GameServiceTest" classname="App.Tests.Unit.Service.GameServiceTest" assertions="1" time="0.106801">
          <failure type="PHPUnit\Framework\ExpectationFailedException">App\Tests\Unit\Service\GameServiceTest::testJoinGameThrowsExceptionWhenGameStatusNotAccepting&#13;
Failed asserting that exception of type "App\Exception\Game\AccessDeniedException" is thrown.</failure>
        </testcase>
        <testcase name="testLeaveGameSuccessfully" file="C:\Users\roche\Documents\RochesWebStudio\Projet_OnlyRoll\OnlyRoll\backend\tests\Unit\Service\GameServiceTest.php" line="377" class="App\Tests\Unit\Service\GameServiceTest" classname="App.Tests.Unit.Service.GameServiceTest" assertions="4" time="0.014035"/>
        <testcase name="testDeleteGameSuccessfully" file="C:\Users\roche\Documents\RochesWebStudio\Projet_OnlyRoll\OnlyRoll\backend\tests\Unit\Service\GameServiceTest.php" line="431" class="App\Tests\Unit\Service\GameServiceTest" classname="App.Tests.Unit.Service.GameServiceTest" assertions="1" time="0.010062"/>
        <testcase name="testLeaveGameThrowsExceptionWhenNotInGame" file="C:\Users\roche\Documents\RochesWebStudio\Projet_OnlyRoll\OnlyRoll\backend\tests\Unit\Service\GameServiceTest.php" line="396" class="App\Tests\Unit\Service\GameServiceTest" classname="App.Tests.Unit.Service.GameServiceTest" assertions="3" time="0.016095"/>
        <testcase name="testJoinGameThrowsExceptionWhenUserAlreadyInGame" file="C:\Users\roche\Documents\RochesWebStudio\Projet_OnlyRoll\OnlyRoll\backend\tests\Unit\Service\GameServiceTest.php" line="258" class="App\Tests\Unit\Service\GameServiceTest" classname="App.Tests.Unit.Service.GameServiceTest" assertions="4" time="0.035797"/>
        <testcase name="testUpdateGameThrowsExceptionWhenNotGameMaster" file="C:\Users\roche\Documents\RochesWebStudio\Projet_OnlyRoll\OnlyRoll\backend\tests\Unit\Service\GameServiceTest.php" line="179" class="App\Tests\Unit\Service\GameServiceTest" classname="App.Tests.Unit.Service.GameServiceTest" assertions="2" time="0.014058"/>
        <testcase name="testJoinGameThrowsExceptionWhenGameFull" file="C:\Users\roche\Documents\RochesWebStudio\Projet_OnlyRoll\OnlyRoll\backend\tests\Unit\Service\GameServiceTest.php" line="277" class="App\Tests\Unit\Service\GameServiceTest" classname="App.Tests.Unit.Service.GameServiceTest" assertions="3" time="0.018080"/>
        <testcase name="testJoinGameSuccessfully" file="C:\Users\roche\Documents\RochesWebStudio\Projet_OnlyRoll\OnlyRoll\backend\tests\Unit\Service\GameServiceTest.php" line="214" class="App\Tests\Unit\Service\GameServiceTest" classname="App.Tests.Unit.Service.GameServiceTest" assertions="6" time="0.018662"/>
        <testcase name="testCreateGameWithPrivateGame" file="C:\Users\roche\Documents\RochesWebStudio\Projet_OnlyRoll\OnlyRoll\backend\tests\Unit\Service\GameServiceTest.php" line="86" class="App\Tests\Unit\Service\GameServiceTest" classname="App.Tests.Unit.Service.GameServiceTest" assertions="4" time="9.634853"/>
        <testcase name="testJoinPrivateGameWithIncorrectPassword" file="C:\Users\roche\Documents\RochesWebStudio\Projet_OnlyRoll\OnlyRoll\backend\tests\Unit\Service\GameServiceTest.php" line="328" class="App\Tests\Unit\Service\GameServiceTest" classname="App.Tests.Unit.Service.GameServiceTest" assertions="3" time="13.423871"/>
        <testcase name="testJoinPrivateGameWithCorrectPassword" file="C:\Users\roche\Documents\RochesWebStudio\Projet_OnlyRoll\OnlyRoll\backend\tests\Unit\Service\GameServiceTest.php" line="297" class="App\Tests\Unit\Service\GameServiceTest" classname="App.Tests.Unit.Service.GameServiceTest" assertions="4" time="8.813655"/>
      </testsuite>
      <testsuite name="App\Tests\Unit\Entity\GamePlayerTest" file="C:\Users\roche\Documents\RochesWebStudio\Projet_OnlyRoll\OnlyRoll\backend\tests\Unit\Entity\GamePlayerTest.php" tests="14" assertions="20" errors="0" failures="3" skipped="0" time="0.278169">
        <testcase name="testCanReactivateWhenLeft" file="C:\Users\roche\Documents\RochesWebStudio\Projet_OnlyRoll\OnlyRoll\backend\tests\Unit\Entity\GamePlayerTest.php" line="64" class="App\Tests\Unit\Entity\GamePlayerTest" classname="App.Tests.Unit.Entity.GamePlayerTest" assertions="1" time="0.038409">
          <failure type="PHPUnit\Framework\ExpectationFailedException">App\Tests\Unit\Entity\GamePlayerTest::testCanReactivateWhenLeft&#13;
Failed asserting that false is true.
&#13;
C:\Users\roche\Documents\RochesWebStudio\Projet_OnlyRoll\OnlyRoll\backend\tests\Unit\Entity\GamePlayerTest.php:68</failure>
        </testcase>
        <testcase name="testCanReactivateWhenKicked" file="C:\Users\roche\Documents\RochesWebStudio\Projet_OnlyRoll\OnlyRoll\backend\tests\Unit\Entity\GamePlayerTest.php" line="71" class="App\Tests\Unit\Entity\GamePlayerTest" classname="App.Tests.Unit.Entity.GamePlayerTest" assertions="1" time="0.027723">
          <failure type="PHPUnit\Framework\ExpectationFailedException">App\Tests\Unit\Entity\GamePlayerTest::testCanReactivateWhenKicked&#13;
Failed asserting that false is true.
&#13;
C:\Users\roche\Documents\RochesWebStudio\Projet_OnlyRoll\OnlyRoll\backend\tests\Unit\Entity\GamePlayerTest.php:75</failure>
        </testcase>
        <testcase name="testIsParticipatingWithPendingStatus" file="C:\Users\roche\Documents\RochesWebStudio\Projet_OnlyRoll\OnlyRoll\backend\tests\Unit\Entity\GamePlayerTest.php" line="43" class="App\Tests\Unit\Entity\GamePlayerTest" classname="App.Tests.Unit.Entity.GamePlayerTest" assertions="1" time="0.063149">
          <failure type="PHPUnit\Framework\ExpectationFailedException">App\Tests\Unit\Entity\GamePlayerTest::testIsParticipatingWithPendingStatus&#13;
Failed asserting that false is true.
&#13;
C:\Users\roche\Documents\RochesWebStudio\Projet_OnlyRoll\OnlyRoll\backend\tests\Unit\Entity\GamePlayerTest.php:47</failure>
        </testcase>
        <testcase name="testCanEditAsGameMaster" file="C:\Users\roche\Documents\RochesWebStudio\Projet_OnlyRoll\OnlyRoll\backend\tests\Unit\Entity\GamePlayerTest.php" line="22" class="App\Tests\Unit\Entity\GamePlayerTest" classname="App.Tests.Unit.Entity.GamePlayerTest" assertions="1" time="0.009186"/>
        <testcase name="testIsParticipatingWithActiveStatus" file="C:\Users\roche\Documents\RochesWebStudio\Projet_OnlyRoll\OnlyRoll\backend\tests\Unit\Entity\GamePlayerTest.php" line="36" class="App\Tests\Unit\Entity\GamePlayerTest" classname="App.Tests.Unit.Entity.GamePlayerTest" assertions="1" time="0.002554"/>
        <testcase name="testIsParticipatingWithLeftStatus" file="C:\Users\roche\Documents\RochesWebStudio\Projet_OnlyRoll\OnlyRoll\backend\tests\Unit\Entity\GamePlayerTest.php" line="50" class="App\Tests\Unit\Entity\GamePlayerTest" classname="App.Tests.Unit.Entity.GamePlayerTest" assertions="1" time="0.008837"/>
        <testcase name="testIsParticipatingWithKickedStatus" file="C:\Users\roche\Documents\RochesWebStudio\Projet_OnlyRoll\OnlyRoll\backend\tests\Unit\Entity\GamePlayerTest.php" line="57" class="App\Tests\Unit\Entity\GamePlayerTest" classname="App.Tests.Unit.Entity.GamePlayerTest" assertions="1" time="0.009577"/>
        <testcase name="testCanReactivateWhenActive" file="C:\Users\roche\Documents\RochesWebStudio\Projet_OnlyRoll\OnlyRoll\backend\tests\Unit\Entity\GamePlayerTest.php" line="78" class="App\Tests\Unit\Entity\GamePlayerTest" classname="App.Tests.Unit.Entity.GamePlayerTest" assertions="1" time="0.006135"/>
        <testcase name="testLeave" file="C:\Users\roche\Documents\RochesWebStudio\Projet_OnlyRoll\OnlyRoll\backend\tests\Unit\Entity\GamePlayerTest.php" line="85" class="App\Tests\Unit\Entity\GamePlayerTest" classname="App.Tests.Unit.Entity.GamePlayerTest" assertions="3" time="0.033787"/>
        <testcase name="testKick" file="C:\Users\roche\Documents\RochesWebStudio\Projet_OnlyRoll\OnlyRoll\backend\tests\Unit\Entity\GamePlayerTest.php" line="96" class="App\Tests\Unit\Entity\GamePlayerTest" classname="App.Tests.Unit.Entity.GamePlayerTest" assertions="3" time="0.003474"/>
        <testcase name="testActivate" file="C:\Users\roche\Documents\RochesWebStudio\Projet_OnlyRoll\OnlyRoll\backend\tests\Unit\Entity\GamePlayerTest.php" line="107" class="App\Tests\Unit\Entity\GamePlayerTest" classname="App.Tests.Unit.Entity.GamePlayerTest" assertions="2" time="0.011236"/>
        <testcase name="testOnPrePersistSetsJoinedAt" file="C:\Users\roche\Documents\RochesWebStudio\Projet_OnlyRoll\OnlyRoll\backend\tests\Unit\Entity\GamePlayerTest.php" line="118" class="App\Tests\Unit\Entity\GamePlayerTest" classname="App.Tests.Unit.Entity.GamePlayerTest" assertions="2" time="0.013910"/>
        <testcase name="testOnPrePersistDoesNotOverrideExistingJoinedAt" file="C:\Users\roche\Documents\RochesWebStudio\Projet_OnlyRoll\OnlyRoll\backend\tests\Unit\Entity\GamePlayerTest.php" line="127" class="App\Tests\Unit\Entity\GamePlayerTest" classname="App.Tests.Unit.Entity.GamePlayerTest" assertions="1" time="0.007246"/>
        <testcase name="testCanEditAsPlayer" file="C:\Users\roche\Documents\RochesWebStudio\Projet_OnlyRoll\OnlyRoll\backend\tests\Unit\Entity\GamePlayerTest.php" line="29" class="App\Tests\Unit\Entity\GamePlayerTest" classname="App.Tests.Unit.Entity.GamePlayerTest" assertions="1" time="0.042946"/>
      </testsuite>
      <testsuite name="App\Tests\Unit\Entity\GameTest" file="C:\Users\roche\Documents\RochesWebStudio\Projet_OnlyRoll\OnlyRoll\backend\tests\Unit\Entity\GameTest.php" tests="25" assertions="31" errors="0" failures="1" skipped="0" time="0.326048">
        <testcase name="testGetActivePlayersCountIncludesPendingPlayers" file="C:\Users\roche\Documents\RochesWebStudio\Projet_OnlyRoll\OnlyRoll\backend\tests\Unit\Entity\GameTest.php" line="171" class="App\Tests\Unit\Entity\GameTest" classname="App.Tests.Unit.Entity.GameTest" assertions="1" time="0.030583">
          <failure type="PHPUnit\Framework\ExpectationFailedException">App\Tests\Unit\Entity\GameTest::testGetActivePlayersCountIncludesPendingPlayers&#13;
Failed asserting that 1 matches expected 2.
&#13;
C:\Users\roche\Documents\RochesWebStudio\Projet_OnlyRoll\OnlyRoll\backend\tests\Unit\Entity\GameTest.php:184</failure>
        </testcase>
        <testcase name="testConstructorGeneratesInviteCode" file="C:\Users\roche\Documents\RochesWebStudio\Projet_OnlyRoll\OnlyRoll\backend\tests\Unit\Entity\GameTest.php" line="39" class="App\Tests\Unit\Entity\GameTest" classname="App.Tests.Unit.Entity.GameTest" assertions="2" time="0.032028"/>
        <testcase name="testCanBeViewedByWhenPublic" file="C:\Users\roche\Documents\RochesWebStudio\Projet_OnlyRoll\OnlyRoll\backend\tests\Unit\Entity\GameTest.php" line="47" class="App\Tests\Unit\Entity\GameTest" classname="App.Tests.Unit.Entity.GameTest" assertions="1" time="0.008938"/>
        <testcase name="testCanBeViewedByWhenPrivateAndNotPlayer" file="C:\Users\roche\Documents\RochesWebStudio\Projet_OnlyRoll\OnlyRoll\backend\tests\Unit\Entity\GameTest.php" line="66" class="App\Tests\Unit\Entity\GameTest" classname="App.Tests.Unit.Entity.GameTest" assertions="1" time="0.018092"/>
        <testcase name="testCanBeViewedByWithNullUserId" file="C:\Users\roche\Documents\RochesWebStudio\Projet_OnlyRoll\OnlyRoll\backend\tests\Unit\Entity\GameTest.php" line="73" class="App\Tests\Unit\Entity\GameTest" classname="App.Tests.Unit.Entity.GameTest" assertions="1" time="0.011379"/>
        <testcase name="testIsGameMasterReturnsTrueForGM" file="C:\Users\roche\Documents\RochesWebStudio\Projet_OnlyRoll\OnlyRoll\backend\tests\Unit\Entity\GameTest.php" line="81" class="App\Tests\Unit\Entity\GameTest" classname="App.Tests.Unit.Entity.GameTest" assertions="1" time="0.013537"/>
        <testcase name="testIsGameMasterWithNullIds" file="C:\Users\roche\Documents\RochesWebStudio\Projet_OnlyRoll\OnlyRoll\backend\tests\Unit\Entity\GameTest.php" line="91" class="App\Tests\Unit\Entity\GameTest" classname="App.Tests.Unit.Entity.GameTest" assertions="1" time="0.021569"/>
        <testcase name="testGetPlayerByUserReturnsPlayer" file="C:\Users\roche\Documents\RochesWebStudio\Projet_OnlyRoll\OnlyRoll\backend\tests\Unit\Entity\GameTest.php" line="98" class="App\Tests\Unit\Entity\GameTest" classname="App.Tests.Unit.Entity.GameTest" assertions="1" time="0.015864"/>
        <testcase name="testGetPlayerByUserWithNullUserId" file="C:\Users\roche\Documents\RochesWebStudio\Projet_OnlyRoll\OnlyRoll\backend\tests\Unit\Entity\GameTest.php" line="116" class="App\Tests\Unit\Entity\GameTest" classname="App.Tests.Unit.Entity.GameTest" assertions="1" time="0.014940"/>
        <testcase name="testHasPlayerReturnsTrueWhenUserIsPlayer" file="C:\Users\roche\Documents\RochesWebStudio\Projet_OnlyRoll\OnlyRoll\backend\tests\Unit\Entity\GameTest.php" line="125" class="App\Tests\Unit\Entity\GameTest" classname="App.Tests.Unit.Entity.GameTest" assertions="1" time="0.001649"/>
        <testcase name="testHasPlayerReturnsFalseWhenUserIsNotPlayer" file="C:\Users\roche\Documents\RochesWebStudio\Projet_OnlyRoll\OnlyRoll\backend\tests\Unit\Entity\GameTest.php" line="134" class="App\Tests\Unit\Entity\GameTest" classname="App.Tests.Unit.Entity.GameTest" assertions="1" time="0.002099"/>
        <testcase name="testGetActivePlayersCountExcludesInactivePlayers" file="C:\Users\roche\Documents\RochesWebStudio\Projet_OnlyRoll\OnlyRoll\backend\tests\Unit\Entity\GameTest.php" line="155" class="App\Tests\Unit\Entity\GameTest" classname="App.Tests.Unit.Entity.GameTest" assertions="1" time="0.003344"/>
        <testcase name="testIsFullReturnsTrueWhenMaxReached" file="C:\Users\roche\Documents\RochesWebStudio\Projet_OnlyRoll\OnlyRoll\backend\tests\Unit\Entity\GameTest.php" line="187" class="App\Tests\Unit\Entity\GameTest" classname="App.Tests.Unit.Entity.GameTest" assertions="1" time="0.009180"/>
        <testcase name="testIsFullReturnsFalseWhenNotMaxReached" file="C:\Users\roche\Documents\RochesWebStudio\Projet_OnlyRoll\OnlyRoll\backend\tests\Unit\Entity\GameTest.php" line="203" class="App\Tests\Unit\Entity\GameTest" classname="App.Tests.Unit.Entity.GameTest" assertions="1" time="0.013880"/>
        <testcase name="testIsFullExcludesLeftPlayers" file="C:\Users\roche\Documents\RochesWebStudio\Projet_OnlyRoll\OnlyRoll\backend\tests\Unit\Entity\GameTest.php" line="215" class="App\Tests\Unit\Entity\GameTest" classname="App.Tests.Unit.Entity.GameTest" assertions="1" time="0.012557"/>
        <testcase name="testGetCurrentPlayersCountReturnsCorrectCount" file="C:\Users\roche\Documents\RochesWebStudio\Projet_OnlyRoll\OnlyRoll\backend\tests\Unit\Entity\GameTest.php" line="233" class="App\Tests\Unit\Entity\GameTest" classname="App.Tests.Unit.Entity.GameTest" assertions="1" time="0.021802"/>
        <testcase name="testOnPreUpdateSetsUpdatedAt" file="C:\Users\roche\Documents\RochesWebStudio\Projet_OnlyRoll\OnlyRoll\backend\tests\Unit\Entity\GameTest.php" line="260" class="App\Tests\Unit\Entity\GameTest" classname="App.Tests.Unit.Entity.GameTest" assertions="2" time="0.009025"/>
        <testcase name="testAddGamePlayerDoesNotAddDuplicate" file="C:\Users\roche\Documents\RochesWebStudio\Projet_OnlyRoll\OnlyRoll\backend\tests\Unit\Entity\GameTest.php" line="281" class="App\Tests\Unit\Entity\GameTest" classname="App.Tests.Unit.Entity.GameTest" assertions="1" time="0.008805"/>
        <testcase name="testRemoveGamePlayerRemovesFromCollection" file="C:\Users\roche\Documents\RochesWebStudio\Projet_OnlyRoll\OnlyRoll\backend\tests\Unit\Entity\GameTest.php" line="291" class="App\Tests\Unit\Entity\GameTest" classname="App.Tests.Unit.Entity.GameTest" assertions="1" time="0.003797"/>
        <testcase name="testAddGamePlayerAddsPlayerToCollection" file="C:\Users\roche\Documents\RochesWebStudio\Projet_OnlyRoll\OnlyRoll\backend\tests\Unit\Entity\GameTest.php" line="271" class="App\Tests\Unit\Entity\GameTest" classname="App.Tests.Unit.Entity.GameTest" assertions="2" time="0.010027"/>
        <testcase name="testIsGameMasterReturnsFalseForOtherUser" file="C:\Users\roche\Documents\RochesWebStudio\Projet_OnlyRoll\OnlyRoll\backend\tests\Unit\Entity\GameTest.php" line="86" class="App\Tests\Unit\Entity\GameTest" classname="App.Tests.Unit.Entity.GameTest" assertions="1" time="0.043998"/>
        <testcase name="testOnPrePersistSetsTimestamps" file="C:\Users\roche\Documents\RochesWebStudio\Projet_OnlyRoll\OnlyRoll\backend\tests\Unit\Entity\GameTest.php" line="249" class="App\Tests\Unit\Entity\GameTest" classname="App.Tests.Unit.Entity.GameTest" assertions="4" time="0.008975"/>
        <testcase name="testGetPlayerByUserReturnsNullWhenNotFound" file="C:\Users\roche\Documents\RochesWebStudio\Projet_OnlyRoll\OnlyRoll\backend\tests\Unit\Entity\GameTest.php" line="109" class="App\Tests\Unit\Entity\GameTest" classname="App.Tests.Unit.Entity.GameTest" assertions="1" time="0.001482"/>
        <testcase name="testCanBeViewedByWhenPrivateAndIsPlayer" file="C:\Users\roche\Documents\RochesWebStudio\Projet_OnlyRoll\OnlyRoll\backend\tests\Unit\Entity\GameTest.php" line="54" class="App\Tests\Unit\Entity\GameTest" classname="App.Tests.Unit.Entity.GameTest" assertions="1" time="0.001677"/>
        <testcase name="testGetActivePlayersCountWithActivePlayers" file="C:\Users\roche\Documents\RochesWebStudio\Projet_OnlyRoll\OnlyRoll\backend\tests\Unit\Entity\GameTest.php" line="139" class="App\Tests\Unit\Entity\GameTest" classname="App.Tests.Unit.Entity.GameTest" assertions="1" time="0.006822"/>
      </testsuite>
      <testsuite name="App\Tests\Unit\Service\ChatServiceTest" file="C:\Users\roche\Documents\RochesWebStudio\Projet_OnlyRoll\OnlyRoll\backend\tests\Unit\Service\ChatServiceTest.php" tests="16" assertions="59" errors="0" failures="1" skipped="0" time="1.001481">
        <testcase name="testCreateDiceRollMessage" file="C:\Users\roche\Documents\RochesWebStudio\Projet_OnlyRoll\OnlyRoll\backend\tests\Unit\Service\ChatServiceTest.php" line="251" class="App\Tests\Unit\Service\ChatServiceTest" classname="App.Tests.Unit.Service.ChatServiceTest" assertions="4" time="0.472999">
          <failure type="PHPUnit\Framework\ExpectationFailedException">App\Tests\Unit\Service\ChatServiceTest::testCreateDiceRollMessage&#13;
Expectation failed for method name is "publishDiceRoll" when invoked 1 time.
Method was expected to be called 1 time, actually called 0 times.</failure>
        </testcase>
        <testcase name="testCreateSystemMessage" file="C:\Users\roche\Documents\RochesWebStudio\Projet_OnlyRoll\OnlyRoll\backend\tests\Unit\Service\ChatServiceTest.php" line="229" class="App\Tests\Unit\Service\ChatServiceTest" classname="App.Tests.Unit.Service.ChatServiceTest" assertions="4" time="0.023886"/>
        <testcase name="testSendMessageSuccess" file="C:\Users\roche\Documents\RochesWebStudio\Projet_OnlyRoll\OnlyRoll\backend\tests\Unit\Service\ChatServiceTest.php" line="48" class="App\Tests\Unit\Service\ChatServiceTest" classname="App.Tests.Unit.Service.ChatServiceTest" assertions="4" time="0.044158"/>
        <testcase name="testSendWhisperWithInvalidRecipientThrowsException" file="C:\Users\roche\Documents\RochesWebStudio\Projet_OnlyRoll\OnlyRoll\backend\tests\Unit\Service\ChatServiceTest.php" line="93" class="App\Tests\Unit\Service\ChatServiceTest" classname="App.Tests.Unit.Service.ChatServiceTest" assertions="4" time="0.033831"/>
        <testcase name="testGetRecentMessagesWithInvalidLimitThrowsException" file="C:\Users\roche\Documents\RochesWebStudio\Projet_OnlyRoll\OnlyRoll\backend\tests\Unit\Service\ChatServiceTest.php" line="178" class="App\Tests\Unit\Service\ChatServiceTest" classname="App.Tests.Unit.Service.ChatServiceTest" assertions="2" time="0.013941"/>
        <testcase name="testGetMessagesSinceWithUser" file="C:\Users\roche\Documents\RochesWebStudio\Projet_OnlyRoll\OnlyRoll\backend\tests\Unit\Service\ChatServiceTest.php" line="310" class="App\Tests\Unit\Service\ChatServiceTest" classname="App.Tests.Unit.Service.ChatServiceTest" assertions="5" time="0.068968"/>
        <testcase name="testGetMessagesByType" file="C:\Users\roche\Documents\RochesWebStudio\Projet_OnlyRoll\OnlyRoll\backend\tests\Unit\Service\ChatServiceTest.php" line="204" class="App\Tests\Unit\Service\ChatServiceTest" classname="App.Tests.Unit.Service.ChatServiceTest" assertions="4" time="0.008259"/>
        <testcase name="testGetMessageStats" file="C:\Users\roche\Documents\RochesWebStudio\Projet_OnlyRoll\OnlyRoll\backend\tests\Unit\Service\ChatServiceTest.php" line="280" class="App\Tests\Unit\Service\ChatServiceTest" classname="App.Tests.Unit.Service.ChatServiceTest" assertions="3" time="0.021924"/>
        <testcase name="testSendWhisperWithoutRecipientThrowsException" file="C:\Users\roche\Documents\RochesWebStudio\Projet_OnlyRoll\OnlyRoll\backend\tests\Unit\Service\ChatServiceTest.php" line="77" class="App\Tests\Unit\Service\ChatServiceTest" classname="App.Tests.Unit.Service.ChatServiceTest" assertions="2" time="0.024952"/>
        <testcase name="testGetRecentMessages" file="C:\Users\roche\Documents\RochesWebStudio\Projet_OnlyRoll\OnlyRoll\backend\tests\Unit\Service\ChatServiceTest.php" line="160" class="App\Tests\Unit\Service\ChatServiceTest" classname="App.Tests.Unit.Service.ChatServiceTest" assertions="4" time="0.043536"/>
        <testcase name="testSendSystemMessageAsNonGMThrowsException" file="C:\Users\roche\Documents\RochesWebStudio\Projet_OnlyRoll\OnlyRoll\backend\tests\Unit\Service\ChatServiceTest.php" line="140" class="App\Tests\Unit\Service\ChatServiceTest" classname="App.Tests.Unit.Service.ChatServiceTest" assertions="4" time="0.042435"/>
        <testcase name="testGetMessagesByTypeWithInvalidTypeThrowsException" file="C:\Users\roche\Documents\RochesWebStudio\Projet_OnlyRoll\OnlyRoll\backend\tests\Unit\Service\ChatServiceTest.php" line="219" class="App\Tests\Unit\Service\ChatServiceTest" classname="App.Tests.Unit.Service.ChatServiceTest" assertions="2" time="0.040597"/>
        <testcase name="testGetMessagesSinceWithoutUser" file="C:\Users\roche\Documents\RochesWebStudio\Projet_OnlyRoll\OnlyRoll\backend\tests\Unit\Service\ChatServiceTest.php" line="327" class="App\Tests\Unit\Service\ChatServiceTest" classname="App.Tests.Unit.Service.ChatServiceTest" assertions="4" time="0.053020"/>
        <testcase name="testDeleteOldMessages" file="C:\Users\roche\Documents\RochesWebStudio\Projet_OnlyRoll\OnlyRoll\backend\tests\Unit\Service\ChatServiceTest.php" line="295" class="App\Tests\Unit\Service\ChatServiceTest" classname="App.Tests.Unit.Service.ChatServiceTest" assertions="4" time="0.015013"/>
        <testcase name="testSendWhisperWithRecipientNotInGameThrowsException" file="C:\Users\roche\Documents\RochesWebStudio\Projet_OnlyRoll\OnlyRoll\backend\tests\Unit\Service\ChatServiceTest.php" line="114" class="App\Tests\Unit\Service\ChatServiceTest" classname="App.Tests.Unit.Service.ChatServiceTest" assertions="5" time="0.037132"/>
        <testcase name="testGetVisibleMessagesForUser" file="C:\Users\roche\Documents\RochesWebStudio\Projet_OnlyRoll\OnlyRoll\backend\tests\Unit\Service\ChatServiceTest.php" line="188" class="App\Tests\Unit\Service\ChatServiceTest" classname="App.Tests.Unit.Service.ChatServiceTest" assertions="4" time="0.056829"/>
      </testsuite>
      <testsuite name="App\Tests\Unit\Service\MapServiceTest" file="C:\Users\roche\Documents\RochesWebStudio\Projet_OnlyRoll\OnlyRoll\backend\tests\Unit\Service\MapServiceTest.php" tests="11" assertions="57" errors="0" failures="2" skipped="0" time="0.856361">
        <testcase name="testUpdateMapActivationDeactivatesOthers" file="C:\Users\roche\Documents\RochesWebStudio\Projet_OnlyRoll\OnlyRoll\backend\tests\Unit\Service\MapServiceTest.php" line="200" class="App\Tests\Unit\Service\MapServiceTest" classname="App.Tests.Unit.Service.MapServiceTest" assertions="4" time="0.231237">
          <failure type="PHPUnit\Framework\ExpectationFailedException">App\Tests\Unit\Service\MapServiceTest::testUpdateMapActivationDeactivatesOthers&#13;
App\Entity\GameMap::getGame(): App\Entity\Game was not expected to be called more than once.
&#13;
C:\Users\roche\Documents\RochesWebStudio\Projet_OnlyRoll\OnlyRoll\backend\src\Service\MapService.php:114
C:\Users\roche\Documents\RochesWebStudio\Projet_OnlyRoll\OnlyRoll\backend\tests\Unit\Service\MapServiceTest.php:231</failure>
        </testcase>
        <testcase name="testActivateMap" file="C:\Users\roche\Documents\RochesWebStudio\Projet_OnlyRoll\OnlyRoll\backend\tests\Unit\Service\MapServiceTest.php" line="234" class="App\Tests\Unit\Service\MapServiceTest" classname="App.Tests.Unit.Service.MapServiceTest" assertions="4" time="0.172589">
          <failure type="PHPUnit\Framework\ExpectationFailedException">App\Tests\Unit\Service\MapServiceTest::testActivateMap&#13;
Expectation failed for method name is "publishGameEvent" when invoked 1 time.
Method was expected to be called 1 time, actually called 0 times.</failure>
        </testcase>
        <testcase name="testGetActiveMap" file="C:\Users\roche\Documents\RochesWebStudio\Projet_OnlyRoll\OnlyRoll\backend\tests\Unit\Service\MapServiceTest.php" line="105" class="App\Tests\Unit\Service\MapServiceTest" classname="App.Tests.Unit.Service.MapServiceTest" assertions="3" time="0.011621"/>
        <testcase name="testUpdateMapWithPartialFields" file="C:\Users\roche\Documents\RochesWebStudio\Projet_OnlyRoll\OnlyRoll\backend\tests\Unit\Service\MapServiceTest.php" line="175" class="App\Tests\Unit\Service\MapServiceTest" classname="App.Tests.Unit.Service.MapServiceTest" assertions="3" time="0.091541"/>
        <testcase name="testGetMapsByGame" file="C:\Users\roche\Documents\RochesWebStudio\Projet_OnlyRoll\OnlyRoll\backend\tests\Unit\Service\MapServiceTest.php" line="269" class="App\Tests\Unit\Service\MapServiceTest" classname="App.Tests.Unit.Service.MapServiceTest" assertions="5" time="0.017726"/>
        <testcase name="testCreateMapWithAllFields" file="C:\Users\roche\Documents\RochesWebStudio\Projet_OnlyRoll\OnlyRoll\backend\tests\Unit\Service\MapServiceTest.php" line="41" class="App\Tests\Unit\Service\MapServiceTest" classname="App.Tests.Unit.Service.MapServiceTest" assertions="10" time="0.038156"/>
        <testcase name="testDeleteMap" file="C:\Users\roche\Documents\RochesWebStudio\Projet_OnlyRoll\OnlyRoll\backend\tests\Unit\Service\MapServiceTest.php" line="255" class="App\Tests\Unit\Service\MapServiceTest" classname="App.Tests.Unit.Service.MapServiceTest" assertions="2" time="0.065212"/>
        <testcase name="testGetActiveMapReturnsNull" file="C:\Users\roche\Documents\RochesWebStudio\Projet_OnlyRoll\OnlyRoll\backend\tests\Unit\Service\MapServiceTest.php" line="120" class="App\Tests\Unit\Service\MapServiceTest" classname="App.Tests.Unit.Service.MapServiceTest" assertions="3" time="0.024517"/>
        <testcase name="testGetMapsByGameActiveOnly" file="C:\Users\roche\Documents\RochesWebStudio\Projet_OnlyRoll\OnlyRoll\backend\tests\Unit\Service\MapServiceTest.php" line="285" class="App\Tests\Unit\Service\MapServiceTest" classname="App.Tests.Unit.Service.MapServiceTest" assertions="4" time="0.019817"/>
        <testcase name="testCreateMapDeactivatesOtherMapsWhenActive" file="C:\Users\roche\Documents\RochesWebStudio\Projet_OnlyRoll\OnlyRoll\backend\tests\Unit\Service\MapServiceTest.php" line="75" class="App\Tests\Unit\Service\MapServiceTest" classname="App.Tests.Unit.Service.MapServiceTest" assertions="6" time="0.038055"/>
        <testcase name="testUpdateMapWithAllFields" file="C:\Users\roche\Documents\RochesWebStudio\Projet_OnlyRoll\OnlyRoll\backend\tests\Unit\Service\MapServiceTest.php" line="134" class="App\Tests\Unit\Service\MapServiceTest" classname="App.Tests.Unit.Service.MapServiceTest" assertions="13" time="0.145888"/>
      </testsuite>
      <testsuite name="App\Tests\Unit\Entity\GameMapTest" file="C:\Users\roche\Documents\RochesWebStudio\Projet_OnlyRoll\OnlyRoll\backend\tests\Unit\Entity\GameMapTest.php" tests="12" assertions="20" errors="0" failures="0" skipped="0" time="0.343952">
        <testcase name="testGetTotalCellsWithDifferentDimensions" file="C:\Users\roche\Documents\RochesWebStudio\Projet_OnlyRoll\OnlyRoll\backend\tests\Unit\Entity\GameMapTest.php" line="29" class="App\Tests\Unit\Entity\GameMapTest" classname="App.Tests.Unit.Entity.GameMapTest" assertions="1" time="0.001478"/>
        <testcase name="testGetDimensions" file="C:\Users\roche\Documents\RochesWebStudio\Projet_OnlyRoll\OnlyRoll\backend\tests\Unit\Entity\GameMapTest.php" line="57" class="App\Tests\Unit\Entity\GameMapTest" classname="App.Tests.Unit.Entity.GameMapTest" assertions="1" time="0.001461"/>
        <testcase name="testGetTokensCountWithNoTokens" file="C:\Users\roche\Documents\RochesWebStudio\Projet_OnlyRoll\OnlyRoll\backend\tests\Unit\Entity\GameMapTest.php" line="65" class="App\Tests\Unit\Entity\GameMapTest" classname="App.Tests.Unit.Entity.GameMapTest" assertions="1" time="0.001708"/>
        <testcase name="testAddTokenAddsToCollection" file="C:\Users\roche\Documents\RochesWebStudio\Projet_OnlyRoll\OnlyRoll\backend\tests\Unit\Entity\GameMapTest.php" line="81" class="App\Tests\Unit\Entity\GameMapTest" classname="App.Tests.Unit.Entity.GameMapTest" assertions="2" time="0.130606"/>
        <testcase name="testAddTokenDoesNotAddDuplicate" file="C:\Users\roche\Documents\RochesWebStudio\Projet_OnlyRoll\OnlyRoll\backend\tests\Unit\Entity\GameMapTest.php" line="91" class="App\Tests\Unit\Entity\GameMapTest" classname="App.Tests.Unit.Entity.GameMapTest" assertions="1" time="0.003993"/>
        <testcase name="testRemoveTokenRemovesFromCollection" file="C:\Users\roche\Documents\RochesWebStudio\Projet_OnlyRoll\OnlyRoll\backend\tests\Unit\Entity\GameMapTest.php" line="101" class="App\Tests\Unit\Entity\GameMapTest" classname="App.Tests.Unit.Entity.GameMapTest" assertions="1" time="0.005395"/>
        <testcase name="testDeactivate" file="C:\Users\roche\Documents\RochesWebStudio\Projet_OnlyRoll\OnlyRoll\backend\tests\Unit\Entity\GameMapTest.php" line="47" class="App\Tests\Unit\Entity\GameMapTest" classname="App.Tests.Unit.Entity.GameMapTest" assertions="2" time="0.049694"/>
        <testcase name="testActivate" file="C:\Users\roche\Documents\RochesWebStudio\Projet_OnlyRoll\OnlyRoll\backend\tests\Unit\Entity\GameMapTest.php" line="37" class="App\Tests\Unit\Entity\GameMapTest" classname="App.Tests.Unit.Entity.GameMapTest" assertions="2" time="0.073145"/>
        <testcase name="testOnPreUpdateSetsUpdatedAt" file="C:\Users\roche\Documents\RochesWebStudio\Projet_OnlyRoll\OnlyRoll\backend\tests\Unit\Entity\GameMapTest.php" line="122" class="App\Tests\Unit\Entity\GameMapTest" classname="App.Tests.Unit.Entity.GameMapTest" assertions="3" time="0.026232"/>
        <testcase name="testOnPrePersistSetsTimestamps" file="C:\Users\roche\Documents\RochesWebStudio\Projet_OnlyRoll\OnlyRoll\backend\tests\Unit\Entity\GameMapTest.php" line="111" class="App\Tests\Unit\Entity\GameMapTest" classname="App.Tests.Unit.Entity.GameMapTest" assertions="4" time="0.001326"/>
        <testcase name="testGetTokensCountWithTokens" file="C:\Users\roche\Documents\RochesWebStudio\Projet_OnlyRoll\OnlyRoll\backend\tests\Unit\Entity\GameMapTest.php" line="70" class="App\Tests\Unit\Entity\GameMapTest" classname="App.Tests.Unit.Entity.GameMapTest" assertions="1" time="0.035191"/>
        <testcase name="testGetTotalCells" file="C:\Users\roche\Documents\RochesWebStudio\Projet_OnlyRoll\OnlyRoll\backend\tests\Unit\Entity\GameMapTest.php" line="24" class="App\Tests\Unit\Entity\GameMapTest" classname="App.Tests.Unit.Entity.GameMapTest" assertions="1" time="0.013723"/>
      </testsuite>
      <testsuite name="App\Tests\Unit\Entity\GameMessageTest" file="C:\Users\roche\Documents\RochesWebStudio\Projet_OnlyRoll\OnlyRoll\backend\tests\Unit\Entity\GameMessageTest.php" tests="20" assertions="26" errors="0" failures="0" skipped="0" time="1.046630">
        <testcase name="testIsDiceRoll" file="C:\Users\roche\Documents\RochesWebStudio\Projet_OnlyRoll\OnlyRoll\backend\tests\Unit\Entity\GameMessageTest.php" line="32" class="App\Tests\Unit\Entity\GameMessageTest" classname="App.Tests.Unit.Entity.GameMessageTest" assertions="2" time="0.003031"/>
        <testcase name="testIsSystemMessage" file="C:\Users\roche\Documents\RochesWebStudio\Projet_OnlyRoll\OnlyRoll\backend\tests\Unit\Entity\GameMessageTest.php" line="41" class="App\Tests\Unit\Entity\GameMessageTest" classname="App.Tests.Unit.Entity.GameMessageTest" assertions="2" time="0.004952"/>
        <testcase name="testIsWhisper" file="C:\Users\roche\Documents\RochesWebStudio\Projet_OnlyRoll\OnlyRoll\backend\tests\Unit\Entity\GameMessageTest.php" line="50" class="App\Tests\Unit\Entity\GameMessageTest" classname="App.Tests.Unit.Entity.GameMessageTest" assertions="2" time="0.007176"/>
        <testcase name="testIsChat" file="C:\Users\roche\Documents\RochesWebStudio\Projet_OnlyRoll\OnlyRoll\backend\tests\Unit\Entity\GameMessageTest.php" line="68" class="App\Tests\Unit\Entity\GameMessageTest" classname="App.Tests.Unit.Entity.GameMessageTest" assertions="2" time="0.004486"/>
        <testcase name="testCanBeSeenByWithWhisperForSender" file="C:\Users\roche\Documents\RochesWebStudio\Projet_OnlyRoll\OnlyRoll\backend\tests\Unit\Entity\GameMessageTest.php" line="85" class="App\Tests\Unit\Entity\GameMessageTest" classname="App.Tests.Unit.Entity.GameMessageTest" assertions="1" time="0.007954"/>
        <testcase name="testCanBeSeenByWithWhisperForOtherUser" file="C:\Users\roche\Documents\RochesWebStudio\Projet_OnlyRoll\OnlyRoll\backend\tests\Unit\Entity\GameMessageTest.php" line="103" class="App\Tests\Unit\Entity\GameMessageTest" classname="App.Tests.Unit.Entity.GameMessageTest" assertions="1" time="0.148949"/>
        <testcase name="testGetDiceTotalWithDiceRoll" file="C:\Users\roche\Documents\RochesWebStudio\Projet_OnlyRoll\OnlyRoll\backend\tests\Unit\Entity\GameMessageTest.php" line="133" class="App\Tests\Unit\Entity\GameMessageTest" classname="App.Tests.Unit.Entity.GameMessageTest" assertions="1" time="0.015284"/>
        <testcase name="testGetDiceTotalWithoutDiceRoll" file="C:\Users\roche\Documents\RochesWebStudio\Projet_OnlyRoll\OnlyRoll\backend\tests\Unit\Entity\GameMessageTest.php" line="141" class="App\Tests\Unit\Entity\GameMessageTest" classname="App.Tests.Unit.Entity.GameMessageTest" assertions="1" time="0.013827"/>
        <testcase name="testGetDiceTotalWithNullResult" file="C:\Users\roche\Documents\RochesWebStudio\Projet_OnlyRoll\OnlyRoll\backend\tests\Unit\Entity\GameMessageTest.php" line="148" class="App\Tests\Unit\Entity\GameMessageTest" classname="App.Tests.Unit.Entity.GameMessageTest" assertions="1" time="0.307447"/>
        <testcase name="testGetFormattedContentForChat" file="C:\Users\roche\Documents\RochesWebStudio\Projet_OnlyRoll\OnlyRoll\backend\tests\Unit\Entity\GameMessageTest.php" line="156" class="App\Tests\Unit\Entity\GameMessageTest" classname="App.Tests.Unit.Entity.GameMessageTest" assertions="1" time="0.272763"/>
        <testcase name="testGetFormattedContentForWhisper" file="C:\Users\roche\Documents\RochesWebStudio\Projet_OnlyRoll\OnlyRoll\backend\tests\Unit\Entity\GameMessageTest.php" line="172" class="App\Tests\Unit\Entity\GameMessageTest" classname="App.Tests.Unit.Entity.GameMessageTest" assertions="1" time="0.001434"/>
        <testcase name="testGetFormattedContentForSystem" file="C:\Users\roche\Documents\RochesWebStudio\Projet_OnlyRoll\OnlyRoll\backend\tests\Unit\Entity\GameMessageTest.php" line="180" class="App\Tests\Unit\Entity\GameMessageTest" classname="App.Tests.Unit.Entity.GameMessageTest" assertions="1" time="0.001630"/>
        <testcase name="testGetFormattedContentWithNullContent" file="C:\Users\roche\Documents\RochesWebStudio\Projet_OnlyRoll\OnlyRoll\backend\tests\Unit\Entity\GameMessageTest.php" line="188" class="App\Tests\Unit\Entity\GameMessageTest" classname="App.Tests.Unit.Entity.GameMessageTest" assertions="1" time="0.032515"/>
        <testcase name="testOnPrePersistSetsCreatedAt" file="C:\Users\roche\Documents\RochesWebStudio\Projet_OnlyRoll\OnlyRoll\backend\tests\Unit\Entity\GameMessageTest.php" line="195" class="App\Tests\Unit\Entity\GameMessageTest" classname="App.Tests.Unit.Entity.GameMessageTest" assertions="2" time="0.030283"/>
        <testcase name="testIsEmote" file="C:\Users\roche\Documents\RochesWebStudio\Projet_OnlyRoll\OnlyRoll\backend\tests\Unit\Entity\GameMessageTest.php" line="59" class="App\Tests\Unit\Entity\GameMessageTest" classname="App.Tests.Unit.Entity.GameMessageTest" assertions="2" time="0.042916"/>
        <testcase name="testGetFormattedContentForEmote" file="C:\Users\roche\Documents\RochesWebStudio\Projet_OnlyRoll\OnlyRoll\backend\tests\Unit\Entity\GameMessageTest.php" line="164" class="App\Tests\Unit\Entity\GameMessageTest" classname="App.Tests.Unit.Entity.GameMessageTest" assertions="1" time="0.040612"/>
        <testcase name="testCanBeSeenByWithSystemMessage" file="C:\Users\roche\Documents\RochesWebStudio\Projet_OnlyRoll\OnlyRoll\backend\tests\Unit\Entity\GameMessageTest.php" line="77" class="App\Tests\Unit\Entity\GameMessageTest" classname="App.Tests.Unit.Entity.GameMessageTest" assertions="1" time="0.046023"/>
        <testcase name="testCanBeSeenByWithRegularMessage" file="C:\Users\roche\Documents\RochesWebStudio\Projet_OnlyRoll\OnlyRoll\backend\tests\Unit\Entity\GameMessageTest.php" line="125" class="App\Tests\Unit\Entity\GameMessageTest" classname="App.Tests.Unit.Entity.GameMessageTest" assertions="1" time="0.017414"/>
        <testcase name="testCanBeSeenByWithWhisperAndNullIds" file="C:\Users\roche\Documents\RochesWebStudio\Projet_OnlyRoll\OnlyRoll\backend\tests\Unit\Entity\GameMessageTest.php" line="115" class="App\Tests\Unit\Entity\GameMessageTest" classname="App.Tests.Unit.Entity.GameMessageTest" assertions="1" time="0.026670"/>
        <testcase name="testCanBeSeenByWithWhisperForRecipient" file="C:\Users\roche\Documents\RochesWebStudio\Projet_OnlyRoll\OnlyRoll\backend\tests\Unit\Entity\GameMessageTest.php" line="94" class="App\Tests\Unit\Entity\GameMessageTest" classname="App.Tests.Unit.Entity.GameMessageTest" assertions="1" time="0.021264"/>
      </testsuite>
      <testsuite name="App\Tests\Unit\Entity\GameTokenTest" file="C:\Users\roche\Documents\RochesWebStudio\Projet_OnlyRoll\OnlyRoll\backend\tests\Unit\Entity\GameTokenTest.php" tests="19" assertions="46" errors="0" failures="0" skipped="0" time="0.622916">
        <testcase name="testHide" file="C:\Users\roche\Documents\RochesWebStudio\Projet_OnlyRoll\OnlyRoll\backend\tests\Unit\Entity\GameTokenTest.php" line="97" class="App\Tests\Unit\Entity\GameTokenTest" classname="App.Tests.Unit.Entity.GameTokenTest" assertions="2" time="0.102276"/>
        <testcase name="testMoveWhenNotLocked" file="C:\Users\roche\Documents\RochesWebStudio\Projet_OnlyRoll\OnlyRoll\backend\tests\Unit\Entity\GameTokenTest.php" line="25" class="App\Tests\Unit\Entity\GameTokenTest" classname="App.Tests.Unit.Entity.GameTokenTest" assertions="3" time="0.015780"/>
        <testcase name="testMoveWhenLocked" file="C:\Users\roche\Documents\RochesWebStudio\Projet_OnlyRoll\OnlyRoll\backend\tests\Unit\Entity\GameTokenTest.php" line="36" class="App\Tests\Unit\Entity\GameTokenTest" classname="App.Tests.Unit.Entity.GameTokenTest" assertions="2" time="0.126384"/>
        <testcase name="testRotateWhenNotLocked" file="C:\Users\roche\Documents\RochesWebStudio\Projet_OnlyRoll\OnlyRoll\backend\tests\Unit\Entity\GameTokenTest.php" line="46" class="App\Tests\Unit\Entity\GameTokenTest" classname="App.Tests.Unit.Entity.GameTokenTest" assertions="2" time="0.001233"/>
        <testcase name="testRotateWrapsAround360" file="C:\Users\roche\Documents\RochesWebStudio\Projet_OnlyRoll\OnlyRoll\backend\tests\Unit\Entity\GameTokenTest.php" line="67" class="App\Tests\Unit\Entity\GameTokenTest" classname="App.Tests.Unit.Entity.GameTokenTest" assertions="1" time="0.082088"/>
        <testcase name="testRotateWithNegativeValue" file="C:\Users\roche\Documents\RochesWebStudio\Projet_OnlyRoll\OnlyRoll\backend\tests\Unit\Entity\GameTokenTest.php" line="77" class="App\Tests\Unit\Entity\GameTokenTest" classname="App.Tests.Unit.Entity.GameTokenTest" assertions="1" time="0.016274"/>
        <testcase name="testShow" file="C:\Users\roche\Documents\RochesWebStudio\Projet_OnlyRoll\OnlyRoll\backend\tests\Unit\Entity\GameTokenTest.php" line="87" class="App\Tests\Unit\Entity\GameTokenTest" classname="App.Tests.Unit.Entity.GameTokenTest" assertions="2" time="0.001439"/>
        <testcase name="testLock" file="C:\Users\roche\Documents\RochesWebStudio\Projet_OnlyRoll\OnlyRoll\backend\tests\Unit\Entity\GameTokenTest.php" line="107" class="App\Tests\Unit\Entity\GameTokenTest" classname="App.Tests.Unit.Entity.GameTokenTest" assertions="2" time="0.018350"/>
        <testcase name="testUnlock" file="C:\Users\roche\Documents\RochesWebStudio\Projet_OnlyRoll\OnlyRoll\backend\tests\Unit\Entity\GameTokenTest.php" line="117" class="App\Tests\Unit\Entity\GameTokenTest" classname="App.Tests.Unit.Entity.GameTokenTest" assertions="2" time="0.001200"/>
        <testcase name="testIsAtReturnsTrueWhenAtPosition" file="C:\Users\roche\Documents\RochesWebStudio\Projet_OnlyRoll\OnlyRoll\backend\tests\Unit\Entity\GameTokenTest.php" line="127" class="App\Tests\Unit\Entity\GameTokenTest" classname="App.Tests.Unit.Entity.GameTokenTest" assertions="1" time="0.037521"/>
        <testcase name="testGetPosition" file="C:\Users\roche\Documents\RochesWebStudio\Projet_OnlyRoll\OnlyRoll\backend\tests\Unit\Entity\GameTokenTest.php" line="144" class="App\Tests\Unit\Entity\GameTokenTest" classname="App.Tests.Unit.Entity.GameTokenTest" assertions="1" time="0.117435"/>
        <testcase name="testGetCenterPosition" file="C:\Users\roche\Documents\RochesWebStudio\Projet_OnlyRoll\OnlyRoll\backend\tests\Unit\Entity\GameTokenTest.php" line="154" class="App\Tests\Unit\Entity\GameTokenTest" classname="App.Tests.Unit.Entity.GameTokenTest" assertions="1" time="0.022885"/>
        <testcase name="testOccupiesCellWithSingleCell" file="C:\Users\roche\Documents\RochesWebStudio\Projet_OnlyRoll\OnlyRoll\backend\tests\Unit\Entity\GameTokenTest.php" line="165" class="App\Tests\Unit\Entity\GameTokenTest" classname="App.Tests.Unit.Entity.GameTokenTest" assertions="3" time="0.012395"/>
        <testcase name="testOccupiesCellWithMultipleCells" file="C:\Users\roche\Documents\RochesWebStudio\Projet_OnlyRoll\OnlyRoll\backend\tests\Unit\Entity\GameTokenTest.php" line="176" class="App\Tests\Unit\Entity\GameTokenTest" classname="App.Tests.Unit.Entity.GameTokenTest" assertions="8" time="0.007230"/>
        <testcase name="testOccupiesCellWithFractionalSize" file="C:\Users\roche\Documents\RochesWebStudio\Projet_OnlyRoll\OnlyRoll\backend\tests\Unit\Entity\GameTokenTest.php" line="195" class="App\Tests\Unit\Entity\GameTokenTest" classname="App.Tests.Unit.Entity.GameTokenTest" assertions="5" time="0.002838"/>
        <testcase name="testOnPrePersistSetsTimestamps" file="C:\Users\roche\Documents\RochesWebStudio\Projet_OnlyRoll\OnlyRoll\backend\tests\Unit\Entity\GameTokenTest.php" line="209" class="App\Tests\Unit\Entity\GameTokenTest" classname="App.Tests.Unit.Entity.GameTokenTest" assertions="4" time="0.006169"/>
        <testcase name="testRotateWhenLocked" file="C:\Users\roche\Documents\RochesWebStudio\Projet_OnlyRoll\OnlyRoll\backend\tests\Unit\Entity\GameTokenTest.php" line="57" class="App\Tests\Unit\Entity\GameTokenTest" classname="App.Tests.Unit.Entity.GameTokenTest" assertions="1" time="0.001478"/>
        <testcase name="testIsAtReturnsFalseWhenNotAtPosition" file="C:\Users\roche\Documents\RochesWebStudio\Projet_OnlyRoll\OnlyRoll\backend\tests\Unit\Entity\GameTokenTest.php" line="135" class="App\Tests\Unit\Entity\GameTokenTest" classname="App.Tests.Unit.Entity.GameTokenTest" assertions="2" time="0.035855"/>
        <testcase name="testOnPreUpdateSetsUpdatedAt" file="C:\Users\roche\Documents\RochesWebStudio\Projet_OnlyRoll\OnlyRoll\backend\tests\Unit\Entity\GameTokenTest.php" line="220" class="App\Tests\Unit\Entity\GameTokenTest" classname="App.Tests.Unit.Entity.GameTokenTest" assertions="3" time="0.014087"/>
      </testsuite>
      <testsuite name="App\Tests\Unit\Entity\UserTest" file="C:\Users\roche\Documents\RochesWebStudio\Projet_OnlyRoll\OnlyRoll\backend\tests\Unit\Entity\UserTest.php" tests="20" assertions="43" errors="0" failures="0" skipped="0" time="1.363203">
        <testcase name="testConstructorSetsDefaultValues" file="C:\Users\roche\Documents\RochesWebStudio\Projet_OnlyRoll\OnlyRoll\backend\tests\Unit\Entity\UserTest.php" line="21" class="App\Tests\Unit\Entity\UserTest" classname="App.Tests.Unit.Entity.UserTest" assertions="9" time="0.009222"/>
        <testcase name="testEmailGetterAndSetter" file="C:\Users\roche\Documents\RochesWebStudio\Projet_OnlyRoll\OnlyRoll\backend\tests\Unit\Entity\UserTest.php" line="34" class="App\Tests\Unit\Entity\UserTest" classname="App.Tests.Unit.Entity.UserTest" assertions="2" time="0.007182"/>
        <testcase name="testPseudoGetterAndSetter" file="C:\Users\roche\Documents\RochesWebStudio\Projet_OnlyRoll\OnlyRoll\backend\tests\Unit\Entity\UserTest.php" line="59" class="App\Tests\Unit\Entity\UserTest" classname="App.Tests.Unit.Entity.UserTest" assertions="2" time="0.001483"/>
        <testcase name="testPasswordGetterAndSetter" file="C:\Users\roche\Documents\RochesWebStudio\Projet_OnlyRoll\OnlyRoll\backend\tests\Unit\Entity\UserTest.php" line="97" class="App\Tests\Unit\Entity\UserTest" classname="App.Tests.Unit.Entity.UserTest" assertions="2" time="0.001417"/>
        <testcase name="testEraseCredentials" file="C:\Users\roche\Documents\RochesWebStudio\Projet_OnlyRoll\OnlyRoll\backend\tests\Unit\Entity\UserTest.php" line="106" class="App\Tests\Unit\Entity\UserTest" classname="App.Tests.Unit.Entity.UserTest" assertions="1" time="0.001385"/>
        <testcase name="testTimezoneGetterAndSetter" file="C:\Users\roche\Documents\RochesWebStudio\Projet_OnlyRoll\OnlyRoll\backend\tests\Unit\Entity\UserTest.php" line="113" class="App\Tests\Unit\Entity\UserTest" classname="App.Tests.Unit.Entity.UserTest" assertions="2" time="0.001550"/>
        <testcase name="testLanguageGetterAndSetter" file="C:\Users\roche\Documents\RochesWebStudio\Projet_OnlyRoll\OnlyRoll\backend\tests\Unit\Entity\UserTest.php" line="122" class="App\Tests\Unit\Entity\UserTest" classname="App.Tests.Unit.Entity.UserTest" assertions="2" time="0.027518"/>
        <testcase name="testAvatarGetterAndSetter" file="C:\Users\roche\Documents\RochesWebStudio\Projet_OnlyRoll\OnlyRoll\backend\tests\Unit\Entity\UserTest.php" line="131" class="App\Tests\Unit\Entity\UserTest" classname="App.Tests.Unit.Entity.UserTest" assertions="2" time="0.001432"/>
        <testcase name="testAvatarCanBeSetToNull" file="C:\Users\roche\Documents\RochesWebStudio\Projet_OnlyRoll\OnlyRoll\backend\tests\Unit\Entity\UserTest.php" line="140" class="App\Tests\Unit\Entity\UserTest" classname="App.Tests.Unit.Entity.UserTest" assertions="1" time="0.018572"/>
        <testcase name="testLastLoginGetterAndSetter" file="C:\Users\roche\Documents\RochesWebStudio\Projet_OnlyRoll\OnlyRoll\backend\tests\Unit\Entity\UserTest.php" line="166" class="App\Tests\Unit\Entity\UserTest" classname="App.Tests.Unit.Entity.UserTest" assertions="2" time="0.001386"/>
        <testcase name="testLastLoginCanBeSetToNull" file="C:\Users\roche\Documents\RochesWebStudio\Projet_OnlyRoll\OnlyRoll\backend\tests\Unit\Entity\UserTest.php" line="175" class="App\Tests\Unit\Entity\UserTest" classname="App.Tests.Unit.Entity.UserTest" assertions="1" time="0.031804"/>
        <testcase name="testIsVerified" file="C:\Users\roche\Documents\RochesWebStudio\Projet_OnlyRoll\OnlyRoll\backend\tests\Unit\Entity\UserTest.php" line="183" class="App\Tests\Unit\Entity\UserTest" classname="App.Tests.Unit.Entity.UserTest" assertions="3" time="0.013528"/>
        <testcase name="testUpdatedAtGetterAndSetter" file="C:\Users\roche\Documents\RochesWebStudio\Projet_OnlyRoll\OnlyRoll\backend\tests\Unit\Entity\UserTest.php" line="157" class="App\Tests\Unit\Entity\UserTest" classname="App.Tests.Unit.Entity.UserTest" assertions="2" time="0.037087"/>
        <testcase name="testRolesAlwaysIncludeRoleUser" file="C:\Users\roche\Documents\RochesWebStudio\Projet_OnlyRoll\OnlyRoll\backend\tests\Unit\Entity\UserTest.php" line="79" class="App\Tests\Unit\Entity\UserTest" classname="App.Tests.Unit.Entity.UserTest" assertions="1" time="0.029413"/>
        <testcase name="testGetUserIdentifier" file="C:\Users\roche\Documents\RochesWebStudio\Projet_OnlyRoll\OnlyRoll\backend\tests\Unit\Entity\UserTest.php" line="43" class="App\Tests\Unit\Entity\UserTest" classname="App.Tests.Unit.Entity.UserTest" assertions="1" time="0.016795"/>
        <testcase name="testRolesAreUnique" file="C:\Users\roche\Documents\RochesWebStudio\Projet_OnlyRoll\OnlyRoll\backend\tests\Unit\Entity\UserTest.php" line="87" class="App\Tests\Unit\Entity\UserTest" classname="App.Tests.Unit.Entity.UserTest" assertions="3" time="0.015612"/>
        <testcase name="testCreatedAtGetterAndSetter" file="C:\Users\roche\Documents\RochesWebStudio\Projet_OnlyRoll\OnlyRoll\backend\tests\Unit\Entity\UserTest.php" line="148" class="App\Tests\Unit\Entity\UserTest" classname="App.Tests.Unit.Entity.UserTest" assertions="2" time="0.019048"/>
        <testcase name="testRolesGetterAndSetter" file="C:\Users\roche\Documents\RochesWebStudio\Projet_OnlyRoll\OnlyRoll\backend\tests\Unit\Entity\UserTest.php" line="68" class="App\Tests\Unit\Entity\UserTest" classname="App.Tests.Unit.Entity.UserTest" assertions="2" time="0.023952"/>
        <testcase name="testGetUserIdentifierThrowsExceptionWhenEmailIsEmpty" file="C:\Users\roche\Documents\RochesWebStudio\Projet_OnlyRoll\OnlyRoll\backend\tests\Unit\Entity\UserTest.php" line="51" class="App\Tests\Unit\Entity\UserTest" classname="App.Tests.Unit.Entity.UserTest" assertions="2" time="0.023511"/>
        <testcase name="testSetUpdatedAtValue" file="C:\Users\roche\Documents\RochesWebStudio\Projet_OnlyRoll\OnlyRoll\backend\tests\Unit\Entity\UserTest.php" line="193" class="App\Tests\Unit\Entity\UserTest" classname="App.Tests.Unit.Entity.UserTest" assertions="1" time="1.081306"/>
      </testsuite>
      <testsuite name="App\Tests\Unit\Service\DtoValidatorServiceTest" file="C:\Users\roche\Documents\RochesWebStudio\Projet_OnlyRoll\OnlyRoll\backend\tests\Unit\Service\DtoValidatorServiceTest.php" tests="6" assertions="35" errors="0" failures="0" skipped="0" time="1.869459">
        <testcase name="testValidateDtoWithSingleViolation" file="C:\Users\roche\Documents\RochesWebStudio\Projet_OnlyRoll\OnlyRoll\backend\tests\Unit\Service\DtoValidatorServiceTest.php" line="147" class="App\Tests\Unit\Service\DtoValidatorServiceTest" classname="App.Tests.Unit.Service.DtoValidatorServiceTest" assertions="6" time="0.626700"/>
        <testcase name="testValidateDtoPreservesPropertyPath" file="C:\Users\roche\Documents\RochesWebStudio\Projet_OnlyRoll\OnlyRoll\backend\tests\Unit\Service\DtoValidatorServiceTest.php" line="181" class="App\Tests\Unit\Service\DtoValidatorServiceTest" classname="App.Tests.Unit.Service.DtoValidatorServiceTest" assertions="3" time="0.258227"/>
        <testcase name="testValidateDtoWithEmptyViolationList" file="C:\Users\roche\Documents\RochesWebStudio\Projet_OnlyRoll\OnlyRoll\backend\tests\Unit\Service\DtoValidatorServiceTest.php" line="128" class="App\Tests\Unit\Service\DtoValidatorServiceTest" classname="App.Tests.Unit.Service.DtoValidatorServiceTest" assertions="4" time="0.150779"/>
        <testcase name="testValidateDtoWithInvalidJson" file="C:\Users\roche\Documents\RochesWebStudio\Projet_OnlyRoll\OnlyRoll\backend\tests\Unit\Service\DtoValidatorServiceTest.php" line="108" class="App\Tests\Unit\Service\DtoValidatorServiceTest" classname="App.Tests.Unit.Service.DtoValidatorServiceTest" assertions="5" time="0.734510"/>
        <testcase name="testValidateDtoSuccess" file="C:\Users\roche\Documents\RochesWebStudio\Projet_OnlyRoll\OnlyRoll\backend\tests\Unit\Service\DtoValidatorServiceTest.php" line="37" class="App\Tests\Unit\Service\DtoValidatorServiceTest" classname="App.Tests.Unit.Service.DtoValidatorServiceTest" assertions="8" time="0.053640"/>
        <testcase name="testValidateDtoWithValidationErrors" file="C:\Users\roche\Documents\RochesWebStudio\Projet_OnlyRoll\OnlyRoll\backend\tests\Unit\Service\DtoValidatorServiceTest.php" line="60" class="App\Tests\Unit\Service\DtoValidatorServiceTest" classname="App.Tests.Unit.Service.DtoValidatorServiceTest" assertions="9" time="0.045602"/>
      </testsuite>
      <testsuite name="App\Tests\Unit\Service\MercurePublisherTest" file="C:\Users\roche\Documents\RochesWebStudio\Projet_OnlyRoll\OnlyRoll\backend\tests\Unit\Service\MercurePublisherTest.php" tests="13" assertions="79" errors="0" failures="1" skipped="0" time="0.445709">
        <testcase name="testPublishGameEventWithPrivateFlag" file="C:\Users\roche\Documents\RochesWebStudio\Projet_OnlyRoll\OnlyRoll\backend\tests\Unit\Service\MercurePublisherTest.php" line="63" class="App\Tests\Unit\Service\MercurePublisherTest" classname="App.Tests.Unit.Service.MercurePublisherTest" assertions="5" time="0.074783"/>
        <testcase name="testPublishChatMessage" file="C:\Users\roche\Documents\RochesWebStudio\Projet_OnlyRoll\OnlyRoll\backend\tests\Unit\Service\MercurePublisherTest.php" line="101" class="App\Tests\Unit\Service\MercurePublisherTest" classname="App.Tests.Unit.Service.MercurePublisherTest" assertions="7" time="0.020995"/>
        <testcase name="testPublishTokenMove" file="C:\Users\roche\Documents\RochesWebStudio\Projet_OnlyRoll\OnlyRoll\backend\tests\Unit\Service\MercurePublisherTest.php" line="132" class="App\Tests\Unit\Service\MercurePublisherTest" classname="App.Tests.Unit.Service.MercurePublisherTest" assertions="5" time="0.002557"/>
        <testcase name="testPublishTokenCreated" file="C:\Users\roche\Documents\RochesWebStudio\Projet_OnlyRoll\OnlyRoll\backend\tests\Unit\Service\MercurePublisherTest.php" line="158" class="App\Tests\Unit\Service\MercurePublisherTest" classname="App.Tests.Unit.Service.MercurePublisherTest" assertions="6" time="0.020227"/>
        <testcase name="testPublishTokenDeleted" file="C:\Users\roche\Documents\RochesWebStudio\Projet_OnlyRoll\OnlyRoll\backend\tests\Unit\Service\MercurePublisherTest.php" line="180" class="App\Tests\Unit\Service\MercurePublisherTest" classname="App.Tests.Unit.Service.MercurePublisherTest" assertions="4" time="0.128089">
          <failure type="PHPUnit\Framework\ExpectationFailedException">App\Tests\Unit\Service\MercurePublisherTest::testPublishTokenDeleted&#13;
Failed asserting that false is true.
&#13;
C:\Users\roche\Documents\RochesWebStudio\Projet_OnlyRoll\OnlyRoll\backend\tests\Unit\Service\MercurePublisherTest.php:197</failure>
        </testcase>
        <testcase name="testPublishMapChange" file="C:\Users\roche\Documents\RochesWebStudio\Projet_OnlyRoll\OnlyRoll\backend\tests\Unit\Service\MercurePublisherTest.php" line="200" class="App\Tests\Unit\Service\MercurePublisherTest" classname="App.Tests.Unit.Service.MercurePublisherTest" assertions="5" time="0.028971"/>
        <testcase name="testPublishDiceRoll" file="C:\Users\roche\Documents\RochesWebStudio\Projet_OnlyRoll\OnlyRoll\backend\tests\Unit\Service\MercurePublisherTest.php" line="221" class="App\Tests\Unit\Service\MercurePublisherTest" classname="App.Tests.Unit.Service.MercurePublisherTest" assertions="5" time="0.010441"/>
        <testcase name="testPublishPlayerEvent" file="C:\Users\roche\Documents\RochesWebStudio\Projet_OnlyRoll\OnlyRoll\backend\tests\Unit\Service\MercurePublisherTest.php" line="242" class="App\Tests\Unit\Service\MercurePublisherTest" classname="App.Tests.Unit.Service.MercurePublisherTest" assertions="5" time="0.014931"/>
        <testcase name="testPublishSystemEvent" file="C:\Users\roche\Documents\RochesWebStudio\Projet_OnlyRoll\OnlyRoll\backend\tests\Unit\Service\MercurePublisherTest.php" line="263" class="App\Tests\Unit\Service\MercurePublisherTest" classname="App.Tests.Unit.Service.MercurePublisherTest" assertions="5" time="0.052716"/>
        <testcase name="testPublishGameEventFailure" file="C:\Users\roche\Documents\RochesWebStudio\Projet_OnlyRoll\OnlyRoll\backend\tests\Unit\Service\MercurePublisherTest.php" line="81" class="App\Tests\Unit\Service\MercurePublisherTest" classname="App.Tests.Unit.Service.MercurePublisherTest" assertions="7" time="0.029425"/>
        <testcase name="testTopicFormatting" file="C:\Users\roche\Documents\RochesWebStudio\Projet_OnlyRoll\OnlyRoll\backend\tests\Unit\Service\MercurePublisherTest.php" line="284" class="App\Tests\Unit\Service\MercurePublisherTest" classname="App.Tests.Unit.Service.MercurePublisherTest" assertions="4" time="0.018045"/>
        <testcase name="testPayloadStructure" file="C:\Users\roche\Documents\RochesWebStudio\Projet_OnlyRoll\OnlyRoll\backend\tests\Unit\Service\MercurePublisherTest.php" line="301" class="App\Tests\Unit\Service\MercurePublisherTest" classname="App.Tests.Unit.Service.MercurePublisherTest" assertions="11" time="0.031870"/>
        <testcase name="testPublishGameEventSuccess" file="C:\Users\roche\Documents\RochesWebStudio\Projet_OnlyRoll\OnlyRoll\backend\tests\Unit\Service\MercurePublisherTest.php" line="34" class="App\Tests\Unit\Service\MercurePublisherTest" classname="App.Tests.Unit.Service.MercurePublisherTest" assertions="10" time="0.012659"/>
      </testsuite>
      <testsuite name="App\Tests\Unit\Service\TokenServiceTest" file="C:\Users\roche\Documents\RochesWebStudio\Projet_OnlyRoll\OnlyRoll\backend\tests\Unit\Service\TokenServiceTest.php" tests="14" assertions="30" errors="3" failures="1" skipped="0" time="2.121708">
        <testcase name="testGetTokenById" file="C:\Users\roche\Documents\RochesWebStudio\Projet_OnlyRoll\OnlyRoll\backend\tests\Unit\Service\TokenServiceTest.php" line="222" class="App\Tests\Unit\Service\TokenServiceTest" classname="App.Tests.Unit.Service.TokenServiceTest" assertions="3" time="0.355089"/>
        <testcase name="testCreateTokenWithNegativeCoordinates" file="C:\Users\roche\Documents\RochesWebStudio\Projet_OnlyRoll\OnlyRoll\backend\tests\Unit\Service\TokenServiceTest.php" line="100" class="App\Tests\Unit\Service\TokenServiceTest" classname="App.Tests.Unit.Service.TokenServiceTest" assertions="1" time="0.038311"/>
        <testcase name="testMoveLockedTokenThrowsException" file="C:\Users\roche\Documents\RochesWebStudio\Projet_OnlyRoll\OnlyRoll\backend\tests\Unit\Service\TokenServiceTest.php" line="154" class="App\Tests\Unit\Service\TokenServiceTest" classname="App.Tests.Unit.Service.TokenServiceTest" assertions="2" time="0.049686"/>
        <testcase name="testGetTokensByMapWithUser" file="C:\Users\roche\Documents\RochesWebStudio\Projet_OnlyRoll\OnlyRoll\backend\tests\Unit\Service\TokenServiceTest.php" line="188" class="App\Tests\Unit\Service\TokenServiceTest" classname="App.Tests.Unit.Service.TokenServiceTest" assertions="4" time="0.015108"/>
        <testcase name="testGetTokensByMapWithoutUser" file="C:\Users\roche\Documents\RochesWebStudio\Projet_OnlyRoll\OnlyRoll\backend\tests\Unit\Service\TokenServiceTest.php" line="204" class="App\Tests\Unit\Service\TokenServiceTest" classname="App.Tests.Unit.Service.TokenServiceTest" assertions="3" time="0.034283"/>
        <testcase name="testCountTokensOnMap" file="C:\Users\roche\Documents\RochesWebStudio\Projet_OnlyRoll\OnlyRoll\backend\tests\Unit\Service\TokenServiceTest.php" line="337" class="App\Tests\Unit\Service\TokenServiceTest" classname="App.Tests.Unit.Service.TokenServiceTest" assertions="3" time="0.054158"/>
        <testcase name="testCreateTokenThrowsExceptionWhenOutOfBounds" file="C:\Users\roche\Documents\RochesWebStudio\Projet_OnlyRoll\OnlyRoll\backend\tests\Unit\Service\TokenServiceTest.php" line="82" class="App\Tests\Unit\Service\TokenServiceTest" classname="App.Tests.Unit.Service.TokenServiceTest" assertions="2" time="0.020931"/>
        <testcase name="testCreateTokenSuccess" file="C:\Users\roche\Documents\RochesWebStudio\Projet_OnlyRoll\OnlyRoll\backend\tests\Unit\Service\TokenServiceTest.php" line="44" class="App\Tests\Unit\Service\TokenServiceTest" classname="App.Tests.Unit.Service.TokenServiceTest" assertions="2" time="0.090783">
          <failure type="AssertionError">App\Tests\Unit\Service\TokenServiceTest::testCreateTokenSuccess&#13;
AssertionError: Token ID cannot be null after flush
&#13;
C:\Users\roche\Documents\RochesWebStudio\Projet_OnlyRoll\OnlyRoll\backend\src\Service\TokenService.php:69
C:\Users\roche\Documents\RochesWebStudio\Projet_OnlyRoll\OnlyRoll\backend\tests\Unit\Service\TokenServiceTest.php:77</failure>
        </testcase>
        <testcase name="testMoveTokenOutOfBoundsThrowsException" file="C:\Users\roche\Documents\RochesWebStudio\Projet_OnlyRoll\OnlyRoll\backend\tests\Unit\Service\TokenServiceTest.php" line="169" class="App\Tests\Unit\Service\TokenServiceTest" classname="App.Tests.Unit.Service.TokenServiceTest" assertions="1" time="0.025723"/>
        <testcase name="testDeleteToken" file="C:\Users\roche\Documents\RochesWebStudio\Projet_OnlyRoll\OnlyRoll\backend\tests\Unit\Service\TokenServiceTest.php" line="295" class="App\Tests\Unit\Service\TokenServiceTest" classname="App.Tests.Unit.Service.TokenServiceTest" assertions="5" time="0.071922"/>
        <testcase name="testGetVisibleTokens" file="C:\Users\roche\Documents\RochesWebStudio\Projet_OnlyRoll\OnlyRoll\backend\tests\Unit\Service\TokenServiceTest.php" line="321" class="App\Tests\Unit\Service\TokenServiceTest" classname="App.Tests.Unit.Service.TokenServiceTest" assertions="4" time="0.050954"/>
        <testcase name="testToggleLock" file="C:\Users\roche\Documents\RochesWebStudio\Projet_OnlyRoll\OnlyRoll\backend\tests\Unit\Service\TokenServiceTest.php" line="266" class="App\Tests\Unit\Service\TokenServiceTest" classname="App.Tests.Unit.Service.TokenServiceTest" assertions="0" time="0.811129">
          <error type="PHPUnit\Framework\MockObject\IncompatibleReturnValueException">App\Tests\Unit\Service\TokenServiceTest::testToggleLock&#13;
PHPUnit\Framework\MockObject\IncompatibleReturnValueException: Method getUpdatedAt may not return value of type DateTime, its declared return type is "?DateTimeImmutable"
&#13;
C:\Users\roche\Documents\RochesWebStudio\Projet_OnlyRoll\OnlyRoll\backend\tests\Unit\Service\TokenServiceTest.php:278</error>
        </testcase>
        <testcase name="testToggleVisibility" file="C:\Users\roche\Documents\RochesWebStudio\Projet_OnlyRoll\OnlyRoll\backend\tests\Unit\Service\TokenServiceTest.php" line="236" class="App\Tests\Unit\Service\TokenServiceTest" classname="App.Tests.Unit.Service.TokenServiceTest" assertions="0" time="0.204835">
          <error type="PHPUnit\Framework\MockObject\IncompatibleReturnValueException">App\Tests\Unit\Service\TokenServiceTest::testToggleVisibility&#13;
PHPUnit\Framework\MockObject\IncompatibleReturnValueException: Method getUpdatedAt may not return value of type DateTime, its declared return type is "?DateTimeImmutable"
&#13;
C:\Users\roche\Documents\RochesWebStudio\Projet_OnlyRoll\OnlyRoll\backend\tests\Unit\Service\TokenServiceTest.php:248</error>
        </testcase>
        <testcase name="testMoveTokenSuccess" file="C:\Users\roche\Documents\RochesWebStudio\Projet_OnlyRoll\OnlyRoll\backend\tests\Unit\Service\TokenServiceTest.php" line="117" class="App\Tests\Unit\Service\TokenServiceTest" classname="App.Tests.Unit.Service.TokenServiceTest" assertions="0" time="0.298797">
          <error type="PHPUnit\Framework\MockObject\IncompatibleReturnValueException">App\Tests\Unit\Service\TokenServiceTest::testMoveTokenSuccess&#13;
PHPUnit\Framework\MockObject\IncompatibleReturnValueException: Method getUpdatedAt may not return value of type DateTime, its declared return type is "?DateTimeImmutable"
&#13;
C:\Users\roche\Documents\RochesWebStudio\Projet_OnlyRoll\OnlyRoll\backend\tests\Unit\Service\TokenServiceTest.php:132</error>
        </testcase>
      </testsuite>
    </testsuite>
    <testsuite name="Functional" tests="94" assertions="0" errors="94" failures="0" skipped="0" time="0.000000">
      <testsuite name="App\Tests\Functional\Controller\AuthControllerTest" file="C:\Users\roche\Documents\RochesWebStudio\Projet_OnlyRoll\OnlyRoll\backend\tests\Functional\Controller\AuthControllerTest.php" tests="13" assertions="0" errors="13" failures="0" skipped="0" time="0.000000">
        <testcase name="testRegisterWithValidData" file="C:\Users\roche\Documents\RochesWebStudio\Projet_OnlyRoll\OnlyRoll\backend\tests\Functional\Controller\AuthControllerTest.php" line="36" class="App\Tests\Functional\Controller\AuthControllerTest" classname="App.Tests.Functional.Controller.AuthControllerTest" assertions="0" time="0.000000">
          <error type="Doctrine\DBAL\Exception\ConnectionException">App\Tests\Functional\Controller\AuthControllerTest::testRegisterWithValidData&#13;
Doctrine\DBAL\Exception\ConnectionException: An exception occurred in the driver: SQLSTATE[HY000] [1045] Accès refusé pour l'utilisateur: 'root'@'@localhost' (mot de passe: OUI)
&#13;
C:\Users\roche\Documents\RochesWebStudio\Projet_OnlyRoll\OnlyRoll\backend\vendor\doctrine\dbal\src\Driver\API\MySQL\ExceptionConverter.php:112
C:\Users\roche\Documents\RochesWebStudio\Projet_OnlyRoll\OnlyRoll\backend\vendor\doctrine\dbal\src\Connection.php:1976
C:\Users\roche\Documents\RochesWebStudio\Projet_OnlyRoll\OnlyRoll\backend\vendor\doctrine\dbal\src\Connection.php:1924
C:\Users\roche\Documents\RochesWebStudio\Projet_OnlyRoll\OnlyRoll\backend\vendor\doctrine\dbal\src\Connection.php:385
C:\Users\roche\Documents\RochesWebStudio\Projet_OnlyRoll\OnlyRoll\backend\vendor\doctrine\dbal\src\Connection.php:1692
C:\Users\roche\Documents\RochesWebStudio\Projet_OnlyRoll\OnlyRoll\backend\vendor\doctrine\dbal\src\Connection.php:1087
C:\Users\roche\Documents\RochesWebStudio\Projet_OnlyRoll\OnlyRoll\backend\vendor\doctrine\orm\src\Persisters\Entity\BasicEntityPersister.php:942
C:\Users\roche\Documents\RochesWebStudio\Projet_OnlyRoll\OnlyRoll\backend\vendor\doctrine\orm\src\EntityRepository.php:110
C:\Users\roche\Documents\RochesWebStudio\Projet_OnlyRoll\OnlyRoll\backend\vendor\doctrine\doctrine-bundle\src\Repository\ServiceEntityRepositoryProxy.php:73
C:\Users\roche\Documents\RochesWebStudio\Projet_OnlyRoll\OnlyRoll\backend\vendor\doctrine\orm\src\EntityRepository.php:96
C:\Users\roche\Documents\RochesWebStudio\Projet_OnlyRoll\OnlyRoll\backend\tests\Functional\Controller\AuthControllerTest.php:286
C:\Users\roche\Documents\RochesWebStudio\Projet_OnlyRoll\OnlyRoll\backend\tests\Functional\Controller\AuthControllerTest.php:25</error>
        </testcase>
        <testcase name="testRegisterWithExistingEmail" file="C:\Users\roche\Documents\RochesWebStudio\Projet_OnlyRoll\OnlyRoll\backend\tests\Functional\Controller\AuthControllerTest.php" line="65" class="App\Tests\Functional\Controller\AuthControllerTest" classname="App.Tests.Functional.Controller.AuthControllerTest" assertions="0" time="0.000000">
          <error type="Doctrine\DBAL\Exception\ConnectionException">App\Tests\Functional\Controller\AuthControllerTest::testRegisterWithExistingEmail&#13;
Doctrine\DBAL\Exception\ConnectionException: An exception occurred in the driver: SQLSTATE[HY000] [1045] Accès refusé pour l'utilisateur: 'root'@'@localhost' (mot de passe: OUI)
&#13;
C:\Users\roche\Documents\RochesWebStudio\Projet_OnlyRoll\OnlyRoll\backend\vendor\doctrine\dbal\src\Driver\API\MySQL\ExceptionConverter.php:112
C:\Users\roche\Documents\RochesWebStudio\Projet_OnlyRoll\OnlyRoll\backend\vendor\doctrine\dbal\src\Connection.php:1976
C:\Users\roche\Documents\RochesWebStudio\Projet_OnlyRoll\OnlyRoll\backend\vendor\doctrine\dbal\src\Connection.php:1924
C:\Users\roche\Documents\RochesWebStudio\Projet_OnlyRoll\OnlyRoll\backend\vendor\doctrine\dbal\src\Connection.php:385
C:\Users\roche\Documents\RochesWebStudio\Projet_OnlyRoll\OnlyRoll\backend\vendor\doctrine\dbal\src\Connection.php:1692
C:\Users\roche\Documents\RochesWebStudio\Projet_OnlyRoll\OnlyRoll\backend\vendor\doctrine\dbal\src\Connection.php:1087
C:\Users\roche\Documents\RochesWebStudio\Projet_OnlyRoll\OnlyRoll\backend\vendor\doctrine\orm\src\Persisters\Entity\BasicEntityPersister.php:942
C:\Users\roche\Documents\RochesWebStudio\Projet_OnlyRoll\OnlyRoll\backend\vendor\doctrine\orm\src\EntityRepository.php:110
C:\Users\roche\Documents\RochesWebStudio\Projet_OnlyRoll\OnlyRoll\backend\vendor\doctrine\doctrine-bundle\src\Repository\ServiceEntityRepositoryProxy.php:73
C:\Users\roche\Documents\RochesWebStudio\Projet_OnlyRoll\OnlyRoll\backend\vendor\doctrine\orm\src\EntityRepository.php:96
C:\Users\roche\Documents\RochesWebStudio\Projet_OnlyRoll\OnlyRoll\backend\tests\Functional\Controller\AuthControllerTest.php:286
C:\Users\roche\Documents\RochesWebStudio\Projet_OnlyRoll\OnlyRoll\backend\tests\Functional\Controller\AuthControllerTest.php:25</error>
        </testcase>
        <testcase name="testRegisterWithExistingPseudo" file="C:\Users\roche\Documents\RochesWebStudio\Projet_OnlyRoll\OnlyRoll\backend\tests\Functional\Controller\AuthControllerTest.php" line="85" class="App\Tests\Functional\Controller\AuthControllerTest" classname="App.Tests.Functional.Controller.AuthControllerTest" assertions="0" time="0.000000">
          <error type="Doctrine\DBAL\Exception\ConnectionException">App\Tests\Functional\Controller\AuthControllerTest::testRegisterWithExistingPseudo&#13;
Doctrine\DBAL\Exception\ConnectionException: An exception occurred in the driver: SQLSTATE[HY000] [1045] Accès refusé pour l'utilisateur: 'root'@'@localhost' (mot de passe: OUI)
&#13;
C:\Users\roche\Documents\RochesWebStudio\Projet_OnlyRoll\OnlyRoll\backend\vendor\doctrine\dbal\src\Driver\API\MySQL\ExceptionConverter.php:112
C:\Users\roche\Documents\RochesWebStudio\Projet_OnlyRoll\OnlyRoll\backend\vendor\doctrine\dbal\src\Connection.php:1976
C:\Users\roche\Documents\RochesWebStudio\Projet_OnlyRoll\OnlyRoll\backend\vendor\doctrine\dbal\src\Connection.php:1924
C:\Users\roche\Documents\RochesWebStudio\Projet_OnlyRoll\OnlyRoll\backend\vendor\doctrine\dbal\src\Connection.php:385
C:\Users\roche\Documents\RochesWebStudio\Projet_OnlyRoll\OnlyRoll\backend\vendor\doctrine\dbal\src\Connection.php:1692
C:\Users\roche\Documents\RochesWebStudio\Projet_OnlyRoll\OnlyRoll\backend\vendor\doctrine\dbal\src\Connection.php:1087
C:\Users\roche\Documents\RochesWebStudio\Projet_OnlyRoll\OnlyRoll\backend\vendor\doctrine\orm\src\Persisters\Entity\BasicEntityPersister.php:942
C:\Users\roche\Documents\RochesWebStudio\Projet_OnlyRoll\OnlyRoll\backend\vendor\doctrine\orm\src\EntityRepository.php:110
C:\Users\roche\Documents\RochesWebStudio\Projet_OnlyRoll\OnlyRoll\backend\vendor\doctrine\doctrine-bundle\src\Repository\ServiceEntityRepositoryProxy.php:73
C:\Users\roche\Documents\RochesWebStudio\Projet_OnlyRoll\OnlyRoll\backend\vendor\doctrine\orm\src\EntityRepository.php:96
C:\Users\roche\Documents\RochesWebStudio\Projet_OnlyRoll\OnlyRoll\backend\tests\Functional\Controller\AuthControllerTest.php:286
C:\Users\roche\Documents\RochesWebStudio\Projet_OnlyRoll\OnlyRoll\backend\tests\Functional\Controller\AuthControllerTest.php:25</error>
        </testcase>
        <testcase name="testRegisterWithInvalidEmail" file="C:\Users\roche\Documents\RochesWebStudio\Projet_OnlyRoll\OnlyRoll\backend\tests\Functional\Controller\AuthControllerTest.php" line="105" class="App\Tests\Functional\Controller\AuthControllerTest" classname="App.Tests.Functional.Controller.AuthControllerTest" assertions="0" time="0.000000">
          <error type="Doctrine\DBAL\Exception\ConnectionException">App\Tests\Functional\Controller\AuthControllerTest::testRegisterWithInvalidEmail&#13;
Doctrine\DBAL\Exception\ConnectionException: An exception occurred in the driver: SQLSTATE[HY000] [1045] Accès refusé pour l'utilisateur: 'root'@'@localhost' (mot de passe: OUI)
&#13;
C:\Users\roche\Documents\RochesWebStudio\Projet_OnlyRoll\OnlyRoll\backend\vendor\doctrine\dbal\src\Driver\API\MySQL\ExceptionConverter.php:112
C:\Users\roche\Documents\RochesWebStudio\Projet_OnlyRoll\OnlyRoll\backend\vendor\doctrine\dbal\src\Connection.php:1976
C:\Users\roche\Documents\RochesWebStudio\Projet_OnlyRoll\OnlyRoll\backend\vendor\doctrine\dbal\src\Connection.php:1924
C:\Users\roche\Documents\RochesWebStudio\Projet_OnlyRoll\OnlyRoll\backend\vendor\doctrine\dbal\src\Connection.php:385
C:\Users\roche\Documents\RochesWebStudio\Projet_OnlyRoll\OnlyRoll\backend\vendor\doctrine\dbal\src\Connection.php:1692
C:\Users\roche\Documents\RochesWebStudio\Projet_OnlyRoll\OnlyRoll\backend\vendor\doctrine\dbal\src\Connection.php:1087
C:\Users\roche\Documents\RochesWebStudio\Projet_OnlyRoll\OnlyRoll\backend\vendor\doctrine\orm\src\Persisters\Entity\BasicEntityPersister.php:942
C:\Users\roche\Documents\RochesWebStudio\Projet_OnlyRoll\OnlyRoll\backend\vendor\doctrine\orm\src\EntityRepository.php:110
C:\Users\roche\Documents\RochesWebStudio\Projet_OnlyRoll\OnlyRoll\backend\vendor\doctrine\doctrine-bundle\src\Repository\ServiceEntityRepositoryProxy.php:73
C:\Users\roche\Documents\RochesWebStudio\Projet_OnlyRoll\OnlyRoll\backend\vendor\doctrine\orm\src\EntityRepository.php:96
C:\Users\roche\Documents\RochesWebStudio\Projet_OnlyRoll\OnlyRoll\backend\tests\Functional\Controller\AuthControllerTest.php:286
C:\Users\roche\Documents\RochesWebStudio\Projet_OnlyRoll\OnlyRoll\backend\tests\Functional\Controller\AuthControllerTest.php:25</error>
        </testcase>
        <testcase name="testRegisterWithMissingFields" file="C:\Users\roche\Documents\RochesWebStudio\Projet_OnlyRoll\OnlyRoll\backend\tests\Functional\Controller\AuthControllerTest.php" line="118" class="App\Tests\Functional\Controller\AuthControllerTest" classname="App.Tests.Functional.Controller.AuthControllerTest" assertions="0" time="0.000000">
          <error type="Doctrine\DBAL\Exception\ConnectionException">App\Tests\Functional\Controller\AuthControllerTest::testRegisterWithMissingFields&#13;
Doctrine\DBAL\Exception\ConnectionException: An exception occurred in the driver: SQLSTATE[HY000] [1045] Accès refusé pour l'utilisateur: 'root'@'@localhost' (mot de passe: OUI)
&#13;
C:\Users\roche\Documents\RochesWebStudio\Projet_OnlyRoll\OnlyRoll\backend\vendor\doctrine\dbal\src\Driver\API\MySQL\ExceptionConverter.php:112
C:\Users\roche\Documents\RochesWebStudio\Projet_OnlyRoll\OnlyRoll\backend\vendor\doctrine\dbal\src\Connection.php:1976
C:\Users\roche\Documents\RochesWebStudio\Projet_OnlyRoll\OnlyRoll\backend\vendor\doctrine\dbal\src\Connection.php:1924
C:\Users\roche\Documents\RochesWebStudio\Projet_OnlyRoll\OnlyRoll\backend\vendor\doctrine\dbal\src\Connection.php:385
C:\Users\roche\Documents\RochesWebStudio\Projet_OnlyRoll\OnlyRoll\backend\vendor\doctrine\dbal\src\Connection.php:1692
C:\Users\roche\Documents\RochesWebStudio\Projet_OnlyRoll\OnlyRoll\backend\vendor\doctrine\dbal\src\Connection.php:1087
C:\Users\roche\Documents\RochesWebStudio\Projet_OnlyRoll\OnlyRoll\backend\vendor\doctrine\orm\src\Persisters\Entity\BasicEntityPersister.php:942
C:\Users\roche\Documents\RochesWebStudio\Projet_OnlyRoll\OnlyRoll\backend\vendor\doctrine\orm\src\EntityRepository.php:110
C:\Users\roche\Documents\RochesWebStudio\Projet_OnlyRoll\OnlyRoll\backend\vendor\doctrine\doctrine-bundle\src\Repository\ServiceEntityRepositoryProxy.php:73
C:\Users\roche\Documents\RochesWebStudio\Projet_OnlyRoll\OnlyRoll\backend\vendor\doctrine\orm\src\EntityRepository.php:96
C:\Users\roche\Documents\RochesWebStudio\Projet_OnlyRoll\OnlyRoll\backend\tests\Functional\Controller\AuthControllerTest.php:286
C:\Users\roche\Documents\RochesWebStudio\Projet_OnlyRoll\OnlyRoll\backend\tests\Functional\Controller\AuthControllerTest.php:25</error>
        </testcase>
        <testcase name="testRegisterWithEmptyPassword" file="C:\Users\roche\Documents\RochesWebStudio\Projet_OnlyRoll\OnlyRoll\backend\tests\Functional\Controller\AuthControllerTest.php" line="131" class="App\Tests\Functional\Controller\AuthControllerTest" classname="App.Tests.Functional.Controller.AuthControllerTest" assertions="0" time="0.000000">
          <error type="Doctrine\DBAL\Exception\ConnectionException">App\Tests\Functional\Controller\AuthControllerTest::testRegisterWithEmptyPassword&#13;
Doctrine\DBAL\Exception\ConnectionException: An exception occurred in the driver: SQLSTATE[HY000] [1045] Accès refusé pour l'utilisateur: 'root'@'@localhost' (mot de passe: OUI)
&#13;
C:\Users\roche\Documents\RochesWebStudio\Projet_OnlyRoll\OnlyRoll\backend\vendor\doctrine\dbal\src\Driver\API\MySQL\ExceptionConverter.php:112
C:\Users\roche\Documents\RochesWebStudio\Projet_OnlyRoll\OnlyRoll\backend\vendor\doctrine\dbal\src\Connection.php:1976
C:\Users\roche\Documents\RochesWebStudio\Projet_OnlyRoll\OnlyRoll\backend\vendor\doctrine\dbal\src\Connection.php:1924
C:\Users\roche\Documents\RochesWebStudio\Projet_OnlyRoll\OnlyRoll\backend\vendor\doctrine\dbal\src\Connection.php:385
C:\Users\roche\Documents\RochesWebStudio\Projet_OnlyRoll\OnlyRoll\backend\vendor\doctrine\dbal\src\Connection.php:1692
C:\Users\roche\Documents\RochesWebStudio\Projet_OnlyRoll\OnlyRoll\backend\vendor\doctrine\dbal\src\Connection.php:1087
C:\Users\roche\Documents\RochesWebStudio\Projet_OnlyRoll\OnlyRoll\backend\vendor\doctrine\orm\src\Persisters\Entity\BasicEntityPersister.php:942
C:\Users\roche\Documents\RochesWebStudio\Projet_OnlyRoll\OnlyRoll\backend\vendor\doctrine\orm\src\EntityRepository.php:110
C:\Users\roche\Documents\RochesWebStudio\Projet_OnlyRoll\OnlyRoll\backend\vendor\doctrine\doctrine-bundle\src\Repository\ServiceEntityRepositoryProxy.php:73
C:\Users\roche\Documents\RochesWebStudio\Projet_OnlyRoll\OnlyRoll\backend\vendor\doctrine\orm\src\EntityRepository.php:96
C:\Users\roche\Documents\RochesWebStudio\Projet_OnlyRoll\OnlyRoll\backend\tests\Functional\Controller\AuthControllerTest.php:286
C:\Users\roche\Documents\RochesWebStudio\Projet_OnlyRoll\OnlyRoll\backend\tests\Functional\Controller\AuthControllerTest.php:25</error>
        </testcase>
        <testcase name="testRegisterWithInvalidJson" file="C:\Users\roche\Documents\RochesWebStudio\Projet_OnlyRoll\OnlyRoll\backend\tests\Functional\Controller\AuthControllerTest.php" line="144" class="App\Tests\Functional\Controller\AuthControllerTest" classname="App.Tests.Functional.Controller.AuthControllerTest" assertions="0" time="0.000000">
          <error type="Doctrine\DBAL\Exception\ConnectionException">App\Tests\Functional\Controller\AuthControllerTest::testRegisterWithInvalidJson&#13;
Doctrine\DBAL\Exception\ConnectionException: An exception occurred in the driver: SQLSTATE[HY000] [1045] Accès refusé pour l'utilisateur: 'root'@'@localhost' (mot de passe: OUI)
&#13;
C:\Users\roche\Documents\RochesWebStudio\Projet_OnlyRoll\OnlyRoll\backend\vendor\doctrine\dbal\src\Driver\API\MySQL\ExceptionConverter.php:112
C:\Users\roche\Documents\RochesWebStudio\Projet_OnlyRoll\OnlyRoll\backend\vendor\doctrine\dbal\src\Connection.php:1976
C:\Users\roche\Documents\RochesWebStudio\Projet_OnlyRoll\OnlyRoll\backend\vendor\doctrine\dbal\src\Connection.php:1924
C:\Users\roche\Documents\RochesWebStudio\Projet_OnlyRoll\OnlyRoll\backend\vendor\doctrine\dbal\src\Connection.php:385
C:\Users\roche\Documents\RochesWebStudio\Projet_OnlyRoll\OnlyRoll\backend\vendor\doctrine\dbal\src\Connection.php:1692
C:\Users\roche\Documents\RochesWebStudio\Projet_OnlyRoll\OnlyRoll\backend\vendor\doctrine\dbal\src\Connection.php:1087
C:\Users\roche\Documents\RochesWebStudio\Projet_OnlyRoll\OnlyRoll\backend\vendor\doctrine\orm\src\Persisters\Entity\BasicEntityPersister.php:942
C:\Users\roche\Documents\RochesWebStudio\Projet_OnlyRoll\OnlyRoll\backend\vendor\doctrine\orm\src\EntityRepository.php:110
C:\Users\roche\Documents\RochesWebStudio\Projet_OnlyRoll\OnlyRoll\backend\vendor\doctrine\doctrine-bundle\src\Repository\ServiceEntityRepositoryProxy.php:73
C:\Users\roche\Documents\RochesWebStudio\Projet_OnlyRoll\OnlyRoll\backend\vendor\doctrine\orm\src\EntityRepository.php:96
C:\Users\roche\Documents\RochesWebStudio\Projet_OnlyRoll\OnlyRoll\backend\tests\Functional\Controller\AuthControllerTest.php:286
C:\Users\roche\Documents\RochesWebStudio\Projet_OnlyRoll\OnlyRoll\backend\tests\Functional\Controller\AuthControllerTest.php:25</error>
        </testcase>
        <testcase name="testMeWithAuthenticatedUser" file="C:\Users\roche\Documents\RochesWebStudio\Projet_OnlyRoll\OnlyRoll\backend\tests\Functional\Controller\AuthControllerTest.php" line="155" class="App\Tests\Functional\Controller\AuthControllerTest" classname="App.Tests.Functional.Controller.AuthControllerTest" assertions="0" time="0.000000">
          <error type="Doctrine\DBAL\Exception\ConnectionException">App\Tests\Functional\Controller\AuthControllerTest::testMeWithAuthenticatedUser&#13;
Doctrine\DBAL\Exception\ConnectionException: An exception occurred in the driver: SQLSTATE[HY000] [1045] Accès refusé pour l'utilisateur: 'root'@'@localhost' (mot de passe: OUI)
&#13;
C:\Users\roche\Documents\RochesWebStudio\Projet_OnlyRoll\OnlyRoll\backend\vendor\doctrine\dbal\src\Driver\API\MySQL\ExceptionConverter.php:112
C:\Users\roche\Documents\RochesWebStudio\Projet_OnlyRoll\OnlyRoll\backend\vendor\doctrine\dbal\src\Connection.php:1976
C:\Users\roche\Documents\RochesWebStudio\Projet_OnlyRoll\OnlyRoll\backend\vendor\doctrine\dbal\src\Connection.php:1924
C:\Users\roche\Documents\RochesWebStudio\Projet_OnlyRoll\OnlyRoll\backend\vendor\doctrine\dbal\src\Connection.php:385
C:\Users\roche\Documents\RochesWebStudio\Projet_OnlyRoll\OnlyRoll\backend\vendor\doctrine\dbal\src\Connection.php:1692
C:\Users\roche\Documents\RochesWebStudio\Projet_OnlyRoll\OnlyRoll\backend\vendor\doctrine\dbal\src\Connection.php:1087
C:\Users\roche\Documents\RochesWebStudio\Projet_OnlyRoll\OnlyRoll\backend\vendor\doctrine\orm\src\Persisters\Entity\BasicEntityPersister.php:942
C:\Users\roche\Documents\RochesWebStudio\Projet_OnlyRoll\OnlyRoll\backend\vendor\doctrine\orm\src\EntityRepository.php:110
C:\Users\roche\Documents\RochesWebStudio\Projet_OnlyRoll\OnlyRoll\backend\vendor\doctrine\doctrine-bundle\src\Repository\ServiceEntityRepositoryProxy.php:73
C:\Users\roche\Documents\RochesWebStudio\Projet_OnlyRoll\OnlyRoll\backend\vendor\doctrine\orm\src\EntityRepository.php:96
C:\Users\roche\Documents\RochesWebStudio\Projet_OnlyRoll\OnlyRoll\backend\tests\Functional\Controller\AuthControllerTest.php:286
C:\Users\roche\Documents\RochesWebStudio\Projet_OnlyRoll\OnlyRoll\backend\tests\Functional\Controller\AuthControllerTest.php:25</error>
        </testcase>
        <testcase name="testMeWithoutAuthentication" file="C:\Users\roche\Documents\RochesWebStudio\Projet_OnlyRoll\OnlyRoll\backend\tests\Functional\Controller\AuthControllerTest.php" line="183" class="App\Tests\Functional\Controller\AuthControllerTest" classname="App.Tests.Functional.Controller.AuthControllerTest" assertions="0" time="0.000000">
          <error type="Doctrine\DBAL\Exception\ConnectionException">App\Tests\Functional\Controller\AuthControllerTest::testMeWithoutAuthentication&#13;
Doctrine\DBAL\Exception\ConnectionException: An exception occurred in the driver: SQLSTATE[HY000] [1045] Accès refusé pour l'utilisateur: 'root'@'@localhost' (mot de passe: OUI)
&#13;
C:\Users\roche\Documents\RochesWebStudio\Projet_OnlyRoll\OnlyRoll\backend\vendor\doctrine\dbal\src\Driver\API\MySQL\ExceptionConverter.php:112
C:\Users\roche\Documents\RochesWebStudio\Projet_OnlyRoll\OnlyRoll\backend\vendor\doctrine\dbal\src\Connection.php:1976
C:\Users\roche\Documents\RochesWebStudio\Projet_OnlyRoll\OnlyRoll\backend\vendor\doctrine\dbal\src\Connection.php:1924
C:\Users\roche\Documents\RochesWebStudio\Projet_OnlyRoll\OnlyRoll\backend\vendor\doctrine\dbal\src\Connection.php:385
C:\Users\roche\Documents\RochesWebStudio\Projet_OnlyRoll\OnlyRoll\backend\vendor\doctrine\dbal\src\Connection.php:1692
C:\Users\roche\Documents\RochesWebStudio\Projet_OnlyRoll\OnlyRoll\backend\vendor\doctrine\dbal\src\Connection.php:1087
C:\Users\roche\Documents\RochesWebStudio\Projet_OnlyRoll\OnlyRoll\backend\vendor\doctrine\orm\src\Persisters\Entity\BasicEntityPersister.php:942
C:\Users\roche\Documents\RochesWebStudio\Projet_OnlyRoll\OnlyRoll\backend\vendor\doctrine\orm\src\EntityRepository.php:110
C:\Users\roche\Documents\RochesWebStudio\Projet_OnlyRoll\OnlyRoll\backend\vendor\doctrine\doctrine-bundle\src\Repository\ServiceEntityRepositoryProxy.php:73
C:\Users\roche\Documents\RochesWebStudio\Projet_OnlyRoll\OnlyRoll\backend\vendor\doctrine\orm\src\EntityRepository.php:96
C:\Users\roche\Documents\RochesWebStudio\Projet_OnlyRoll\OnlyRoll\backend\tests\Functional\Controller\AuthControllerTest.php:286
C:\Users\roche\Documents\RochesWebStudio\Projet_OnlyRoll\OnlyRoll\backend\tests\Functional\Controller\AuthControllerTest.php:25</error>
        </testcase>
        <testcase name="testMeReturnsCorrectDataFormat" file="C:\Users\roche\Documents\RochesWebStudio\Projet_OnlyRoll\OnlyRoll\backend\tests\Functional\Controller\AuthControllerTest.php" line="190" class="App\Tests\Functional\Controller\AuthControllerTest" classname="App.Tests.Functional.Controller.AuthControllerTest" assertions="0" time="0.000000">
          <error type="Doctrine\DBAL\Exception\ConnectionException">App\Tests\Functional\Controller\AuthControllerTest::testMeReturnsCorrectDataFormat&#13;
Doctrine\DBAL\Exception\ConnectionException: An exception occurred in the driver: SQLSTATE[HY000] [1045] Accès refusé pour l'utilisateur: 'root'@'@localhost' (mot de passe: OUI)
&#13;
C:\Users\roche\Documents\RochesWebStudio\Projet_OnlyRoll\OnlyRoll\backend\vendor\doctrine\dbal\src\Driver\API\MySQL\ExceptionConverter.php:112
C:\Users\roche\Documents\RochesWebStudio\Projet_OnlyRoll\OnlyRoll\backend\vendor\doctrine\dbal\src\Connection.php:1976
C:\Users\roche\Documents\RochesWebStudio\Projet_OnlyRoll\OnlyRoll\backend\vendor\doctrine\dbal\src\Connection.php:1924
C:\Users\roche\Documents\RochesWebStudio\Projet_OnlyRoll\OnlyRoll\backend\vendor\doctrine\dbal\src\Connection.php:385
C:\Users\roche\Documents\RochesWebStudio\Projet_OnlyRoll\OnlyRoll\backend\vendor\doctrine\dbal\src\Connection.php:1692
C:\Users\roche\Documents\RochesWebStudio\Projet_OnlyRoll\OnlyRoll\backend\vendor\doctrine\dbal\src\Connection.php:1087
C:\Users\roche\Documents\RochesWebStudio\Projet_OnlyRoll\OnlyRoll\backend\vendor\doctrine\orm\src\Persisters\Entity\BasicEntityPersister.php:942
C:\Users\roche\Documents\RochesWebStudio\Projet_OnlyRoll\OnlyRoll\backend\vendor\doctrine\orm\src\EntityRepository.php:110
C:\Users\roche\Documents\RochesWebStudio\Projet_OnlyRoll\OnlyRoll\backend\vendor\doctrine\doctrine-bundle\src\Repository\ServiceEntityRepositoryProxy.php:73
C:\Users\roche\Documents\RochesWebStudio\Projet_OnlyRoll\OnlyRoll\backend\vendor\doctrine\orm\src\EntityRepository.php:96
C:\Users\roche\Documents\RochesWebStudio\Projet_OnlyRoll\OnlyRoll\backend\tests\Functional\Controller\AuthControllerTest.php:286
C:\Users\roche\Documents\RochesWebStudio\Projet_OnlyRoll\OnlyRoll\backend\tests\Functional\Controller\AuthControllerTest.php:25</error>
        </testcase>
        <testcase name="testLogout" file="C:\Users\roche\Documents\RochesWebStudio\Projet_OnlyRoll\OnlyRoll\backend\tests\Functional\Controller\AuthControllerTest.php" line="217" class="App\Tests\Functional\Controller\AuthControllerTest" classname="App.Tests.Functional.Controller.AuthControllerTest" assertions="0" time="0.000000">
          <error type="Doctrine\DBAL\Exception\ConnectionException">App\Tests\Functional\Controller\AuthControllerTest::testLogout&#13;
Doctrine\DBAL\Exception\ConnectionException: An exception occurred in the driver: SQLSTATE[HY000] [1045] Accès refusé pour l'utilisateur: 'root'@'@localhost' (mot de passe: OUI)
&#13;
C:\Users\roche\Documents\RochesWebStudio\Projet_OnlyRoll\OnlyRoll\backend\vendor\doctrine\dbal\src\Driver\API\MySQL\ExceptionConverter.php:112
C:\Users\roche\Documents\RochesWebStudio\Projet_OnlyRoll\OnlyRoll\backend\vendor\doctrine\dbal\src\Connection.php:1976
C:\Users\roche\Documents\RochesWebStudio\Projet_OnlyRoll\OnlyRoll\backend\vendor\doctrine\dbal\src\Connection.php:1924
C:\Users\roche\Documents\RochesWebStudio\Projet_OnlyRoll\OnlyRoll\backend\vendor\doctrine\dbal\src\Connection.php:385
C:\Users\roche\Documents\RochesWebStudio\Projet_OnlyRoll\OnlyRoll\backend\vendor\doctrine\dbal\src\Connection.php:1692
C:\Users\roche\Documents\RochesWebStudio\Projet_OnlyRoll\OnlyRoll\backend\vendor\doctrine\dbal\src\Connection.php:1087
C:\Users\roche\Documents\RochesWebStudio\Projet_OnlyRoll\OnlyRoll\backend\vendor\doctrine\orm\src\Persisters\Entity\BasicEntityPersister.php:942
C:\Users\roche\Documents\RochesWebStudio\Projet_OnlyRoll\OnlyRoll\backend\vendor\doctrine\orm\src\EntityRepository.php:110
C:\Users\roche\Documents\RochesWebStudio\Projet_OnlyRoll\OnlyRoll\backend\vendor\doctrine\doctrine-bundle\src\Repository\ServiceEntityRepositoryProxy.php:73
C:\Users\roche\Documents\RochesWebStudio\Projet_OnlyRoll\OnlyRoll\backend\vendor\doctrine\orm\src\EntityRepository.php:96
C:\Users\roche\Documents\RochesWebStudio\Projet_OnlyRoll\OnlyRoll\backend\tests\Functional\Controller\AuthControllerTest.php:286
C:\Users\roche\Documents\RochesWebStudio\Projet_OnlyRoll\OnlyRoll\backend\tests\Functional\Controller\AuthControllerTest.php:25</error>
        </testcase>
        <testcase name="testLogoutClearsCookie" file="C:\Users\roche\Documents\RochesWebStudio\Projet_OnlyRoll\OnlyRoll\backend\tests\Functional\Controller\AuthControllerTest.php" line="228" class="App\Tests\Functional\Controller\AuthControllerTest" classname="App.Tests.Functional.Controller.AuthControllerTest" assertions="0" time="0.000000">
          <error type="Doctrine\DBAL\Exception\ConnectionException">App\Tests\Functional\Controller\AuthControllerTest::testLogoutClearsCookie&#13;
Doctrine\DBAL\Exception\ConnectionException: An exception occurred in the driver: SQLSTATE[HY000] [1045] Accès refusé pour l'utilisateur: 'root'@'@localhost' (mot de passe: OUI)
&#13;
C:\Users\roche\Documents\RochesWebStudio\Projet_OnlyRoll\OnlyRoll\backend\vendor\doctrine\dbal\src\Driver\API\MySQL\ExceptionConverter.php:112
C:\Users\roche\Documents\RochesWebStudio\Projet_OnlyRoll\OnlyRoll\backend\vendor\doctrine\dbal\src\Connection.php:1976
C:\Users\roche\Documents\RochesWebStudio\Projet_OnlyRoll\OnlyRoll\backend\vendor\doctrine\dbal\src\Connection.php:1924
C:\Users\roche\Documents\RochesWebStudio\Projet_OnlyRoll\OnlyRoll\backend\vendor\doctrine\dbal\src\Connection.php:385
C:\Users\roche\Documents\RochesWebStudio\Projet_OnlyRoll\OnlyRoll\backend\vendor\doctrine\dbal\src\Connection.php:1692
C:\Users\roche\Documents\RochesWebStudio\Projet_OnlyRoll\OnlyRoll\backend\vendor\doctrine\dbal\src\Connection.php:1087
C:\Users\roche\Documents\RochesWebStudio\Projet_OnlyRoll\OnlyRoll\backend\vendor\doctrine\orm\src\Persisters\Entity\BasicEntityPersister.php:942
C:\Users\roche\Documents\RochesWebStudio\Projet_OnlyRoll\OnlyRoll\backend\vendor\doctrine\orm\src\EntityRepository.php:110
C:\Users\roche\Documents\RochesWebStudio\Projet_OnlyRoll\OnlyRoll\backend\vendor\doctrine\doctrine-bundle\src\Repository\ServiceEntityRepositoryProxy.php:73
C:\Users\roche\Documents\RochesWebStudio\Projet_OnlyRoll\OnlyRoll\backend\vendor\doctrine\orm\src\EntityRepository.php:96
C:\Users\roche\Documents\RochesWebStudio\Projet_OnlyRoll\OnlyRoll\backend\tests\Functional\Controller\AuthControllerTest.php:286
C:\Users\roche\Documents\RochesWebStudio\Projet_OnlyRoll\OnlyRoll\backend\tests\Functional\Controller\AuthControllerTest.php:25</error>
        </testcase>
        <testcase name="testLogoutWithAuthenticatedUser" file="C:\Users\roche\Documents\RochesWebStudio\Projet_OnlyRoll\OnlyRoll\backend\tests\Functional\Controller\AuthControllerTest.php" line="253" class="App\Tests\Functional\Controller\AuthControllerTest" classname="App.Tests.Functional.Controller.AuthControllerTest" assertions="0" time="0.000000">
          <error type="Doctrine\DBAL\Exception\ConnectionException">App\Tests\Functional\Controller\AuthControllerTest::testLogoutWithAuthenticatedUser&#13;
Doctrine\DBAL\Exception\ConnectionException: An exception occurred in the driver: SQLSTATE[HY000] [1045] Accès refusé pour l'utilisateur: 'root'@'@localhost' (mot de passe: OUI)
&#13;
C:\Users\roche\Documents\RochesWebStudio\Projet_OnlyRoll\OnlyRoll\backend\vendor\doctrine\dbal\src\Driver\API\MySQL\ExceptionConverter.php:112
C:\Users\roche\Documents\RochesWebStudio\Projet_OnlyRoll\OnlyRoll\backend\vendor\doctrine\dbal\src\Connection.php:1976
C:\Users\roche\Documents\RochesWebStudio\Projet_OnlyRoll\OnlyRoll\backend\vendor\doctrine\dbal\src\Connection.php:1924
C:\Users\roche\Documents\RochesWebStudio\Projet_OnlyRoll\OnlyRoll\backend\vendor\doctrine\dbal\src\Connection.php:385
C:\Users\roche\Documents\RochesWebStudio\Projet_OnlyRoll\OnlyRoll\backend\vendor\doctrine\dbal\src\Connection.php:1692
C:\Users\roche\Documents\RochesWebStudio\Projet_OnlyRoll\OnlyRoll\backend\vendor\doctrine\dbal\src\Connection.php:1087
C:\Users\roche\Documents\RochesWebStudio\Projet_OnlyRoll\OnlyRoll\backend\vendor\doctrine\orm\src\Persisters\Entity\BasicEntityPersister.php:942
C:\Users\roche\Documents\RochesWebStudio\Projet_OnlyRoll\OnlyRoll\backend\vendor\doctrine\orm\src\EntityRepository.php:110
C:\Users\roche\Documents\RochesWebStudio\Projet_OnlyRoll\OnlyRoll\backend\vendor\doctrine\doctrine-bundle\src\Repository\ServiceEntityRepositoryProxy.php:73
C:\Users\roche\Documents\RochesWebStudio\Projet_OnlyRoll\OnlyRoll\backend\vendor\doctrine\orm\src\EntityRepository.php:96
C:\Users\roche\Documents\RochesWebStudio\Projet_OnlyRoll\OnlyRoll\backend\tests\Functional\Controller\AuthControllerTest.php:286
C:\Users\roche\Documents\RochesWebStudio\Projet_OnlyRoll\OnlyRoll\backend\tests\Functional\Controller\AuthControllerTest.php:25</error>
        </testcase>
      </testsuite>
      <testsuite name="App\Tests\Functional\Controller\ChatControllerTest" file="C:\Users\roche\Documents\RochesWebStudio\Projet_OnlyRoll\OnlyRoll\backend\tests\Functional\Controller\ChatControllerTest.php" tests="18" assertions="0" errors="18" failures="0" skipped="0" time="0.000000">
        <testcase name="testGetMessagesWithoutAuthentication" file="C:\Users\roche\Documents\RochesWebStudio\Projet_OnlyRoll\OnlyRoll\backend\tests\Functional\Controller\ChatControllerTest.php" line="88" class="App\Tests\Functional\Controller\ChatControllerTest" classname="App.Tests.Functional.Controller.ChatControllerTest" assertions="0" time="0.000000">
          <error type="Doctrine\DBAL\Exception\ConnectionException">App\Tests\Functional\Controller\ChatControllerTest::testGetMessagesWithoutAuthentication&#13;
Doctrine\DBAL\Exception\ConnectionException: An exception occurred in the driver: SQLSTATE[HY000] [1045] Accès refusé pour l'utilisateur: 'root'@'@localhost' (mot de passe: OUI)
&#13;
C:\Users\roche\Documents\RochesWebStudio\Projet_OnlyRoll\OnlyRoll\backend\vendor\doctrine\dbal\src\Driver\API\MySQL\ExceptionConverter.php:112
C:\Users\roche\Documents\RochesWebStudio\Projet_OnlyRoll\OnlyRoll\backend\vendor\doctrine\dbal\src\Connection.php:1976
C:\Users\roche\Documents\RochesWebStudio\Projet_OnlyRoll\OnlyRoll\backend\vendor\doctrine\dbal\src\Connection.php:1924
C:\Users\roche\Documents\RochesWebStudio\Projet_OnlyRoll\OnlyRoll\backend\vendor\doctrine\dbal\src\Connection.php:385
C:\Users\roche\Documents\RochesWebStudio\Projet_OnlyRoll\OnlyRoll\backend\vendor\doctrine\dbal\src\Connection.php:1692
C:\Users\roche\Documents\RochesWebStudio\Projet_OnlyRoll\OnlyRoll\backend\vendor\doctrine\dbal\src\Connection.php:1195
C:\Users\roche\Documents\RochesWebStudio\Projet_OnlyRoll\OnlyRoll\backend\tests\Functional\Controller\ChatControllerTest.php:78
C:\Users\roche\Documents\RochesWebStudio\Projet_OnlyRoll\OnlyRoll\backend\tests\Functional\Controller\ChatControllerTest.php:35</error>
        </testcase>
        <testcase name="testGetMessagesForNonExistentGame" file="C:\Users\roche\Documents\RochesWebStudio\Projet_OnlyRoll\OnlyRoll\backend\tests\Functional\Controller\ChatControllerTest.php" line="95" class="App\Tests\Functional\Controller\ChatControllerTest" classname="App.Tests.Functional.Controller.ChatControllerTest" assertions="0" time="0.000000">
          <error type="Doctrine\DBAL\Exception\ConnectionException">App\Tests\Functional\Controller\ChatControllerTest::testGetMessagesForNonExistentGame&#13;
Doctrine\DBAL\Exception\ConnectionException: An exception occurred in the driver: SQLSTATE[HY000] [1045] Accès refusé pour l'utilisateur: 'root'@'@localhost' (mot de passe: OUI)
&#13;
C:\Users\roche\Documents\RochesWebStudio\Projet_OnlyRoll\OnlyRoll\backend\vendor\doctrine\dbal\src\Driver\API\MySQL\ExceptionConverter.php:112
C:\Users\roche\Documents\RochesWebStudio\Projet_OnlyRoll\OnlyRoll\backend\vendor\doctrine\dbal\src\Connection.php:1976
C:\Users\roche\Documents\RochesWebStudio\Projet_OnlyRoll\OnlyRoll\backend\vendor\doctrine\dbal\src\Connection.php:1924
C:\Users\roche\Documents\RochesWebStudio\Projet_OnlyRoll\OnlyRoll\backend\vendor\doctrine\dbal\src\Connection.php:385
C:\Users\roche\Documents\RochesWebStudio\Projet_OnlyRoll\OnlyRoll\backend\vendor\doctrine\dbal\src\Connection.php:1692
C:\Users\roche\Documents\RochesWebStudio\Projet_OnlyRoll\OnlyRoll\backend\vendor\doctrine\dbal\src\Connection.php:1195
C:\Users\roche\Documents\RochesWebStudio\Projet_OnlyRoll\OnlyRoll\backend\tests\Functional\Controller\ChatControllerTest.php:78
C:\Users\roche\Documents\RochesWebStudio\Projet_OnlyRoll\OnlyRoll\backend\tests\Functional\Controller\ChatControllerTest.php:35</error>
        </testcase>
        <testcase name="testGetMessagesWithoutPermission" file="C:\Users\roche\Documents\RochesWebStudio\Projet_OnlyRoll\OnlyRoll\backend\tests\Functional\Controller\ChatControllerTest.php" line="103" class="App\Tests\Functional\Controller\ChatControllerTest" classname="App.Tests.Functional.Controller.ChatControllerTest" assertions="0" time="0.000000">
          <error type="Doctrine\DBAL\Exception\ConnectionException">App\Tests\Functional\Controller\ChatControllerTest::testGetMessagesWithoutPermission&#13;
Doctrine\DBAL\Exception\ConnectionException: An exception occurred in the driver: SQLSTATE[HY000] [1045] Accès refusé pour l'utilisateur: 'root'@'@localhost' (mot de passe: OUI)
&#13;
C:\Users\roche\Documents\RochesWebStudio\Projet_OnlyRoll\OnlyRoll\backend\vendor\doctrine\dbal\src\Driver\API\MySQL\ExceptionConverter.php:112
C:\Users\roche\Documents\RochesWebStudio\Projet_OnlyRoll\OnlyRoll\backend\vendor\doctrine\dbal\src\Connection.php:1976
C:\Users\roche\Documents\RochesWebStudio\Projet_OnlyRoll\OnlyRoll\backend\vendor\doctrine\dbal\src\Connection.php:1924
C:\Users\roche\Documents\RochesWebStudio\Projet_OnlyRoll\OnlyRoll\backend\vendor\doctrine\dbal\src\Connection.php:385
C:\Users\roche\Documents\RochesWebStudio\Projet_OnlyRoll\OnlyRoll\backend\vendor\doctrine\dbal\src\Connection.php:1692
C:\Users\roche\Documents\RochesWebStudio\Projet_OnlyRoll\OnlyRoll\backend\vendor\doctrine\dbal\src\Connection.php:1195
C:\Users\roche\Documents\RochesWebStudio\Projet_OnlyRoll\OnlyRoll\backend\tests\Functional\Controller\ChatControllerTest.php:78
C:\Users\roche\Documents\RochesWebStudio\Projet_OnlyRoll\OnlyRoll\backend\tests\Functional\Controller\ChatControllerTest.php:35</error>
        </testcase>
        <testcase name="testGetMessagesSuccess" file="C:\Users\roche\Documents\RochesWebStudio\Projet_OnlyRoll\OnlyRoll\backend\tests\Functional\Controller\ChatControllerTest.php" line="118" class="App\Tests\Functional\Controller\ChatControllerTest" classname="App.Tests.Functional.Controller.ChatControllerTest" assertions="0" time="0.000000">
          <error type="Doctrine\DBAL\Exception\ConnectionException">App\Tests\Functional\Controller\ChatControllerTest::testGetMessagesSuccess&#13;
Doctrine\DBAL\Exception\ConnectionException: An exception occurred in the driver: SQLSTATE[HY000] [1045] Accès refusé pour l'utilisateur: 'root'@'@localhost' (mot de passe: OUI)
&#13;
C:\Users\roche\Documents\RochesWebStudio\Projet_OnlyRoll\OnlyRoll\backend\vendor\doctrine\dbal\src\Driver\API\MySQL\ExceptionConverter.php:112
C:\Users\roche\Documents\RochesWebStudio\Projet_OnlyRoll\OnlyRoll\backend\vendor\doctrine\dbal\src\Connection.php:1976
C:\Users\roche\Documents\RochesWebStudio\Projet_OnlyRoll\OnlyRoll\backend\vendor\doctrine\dbal\src\Connection.php:1924
C:\Users\roche\Documents\RochesWebStudio\Projet_OnlyRoll\OnlyRoll\backend\vendor\doctrine\dbal\src\Connection.php:385
C:\Users\roche\Documents\RochesWebStudio\Projet_OnlyRoll\OnlyRoll\backend\vendor\doctrine\dbal\src\Connection.php:1692
C:\Users\roche\Documents\RochesWebStudio\Projet_OnlyRoll\OnlyRoll\backend\vendor\doctrine\dbal\src\Connection.php:1195
C:\Users\roche\Documents\RochesWebStudio\Projet_OnlyRoll\OnlyRoll\backend\tests\Functional\Controller\ChatControllerTest.php:78
C:\Users\roche\Documents\RochesWebStudio\Projet_OnlyRoll\OnlyRoll\backend\tests\Functional\Controller\ChatControllerTest.php:35</error>
        </testcase>
        <testcase name="testGetMessagesWithLimit" file="C:\Users\roche\Documents\RochesWebStudio\Projet_OnlyRoll\OnlyRoll\backend\tests\Functional\Controller\ChatControllerTest.php" line="139" class="App\Tests\Functional\Controller\ChatControllerTest" classname="App.Tests.Functional.Controller.ChatControllerTest" assertions="0" time="0.000000">
          <error type="Doctrine\DBAL\Exception\ConnectionException">App\Tests\Functional\Controller\ChatControllerTest::testGetMessagesWithLimit&#13;
Doctrine\DBAL\Exception\ConnectionException: An exception occurred in the driver: SQLSTATE[HY000] [1045] Accès refusé pour l'utilisateur: 'root'@'@localhost' (mot de passe: OUI)
&#13;
C:\Users\roche\Documents\RochesWebStudio\Projet_OnlyRoll\OnlyRoll\backend\vendor\doctrine\dbal\src\Driver\API\MySQL\ExceptionConverter.php:112
C:\Users\roche\Documents\RochesWebStudio\Projet_OnlyRoll\OnlyRoll\backend\vendor\doctrine\dbal\src\Connection.php:1976
C:\Users\roche\Documents\RochesWebStudio\Projet_OnlyRoll\OnlyRoll\backend\vendor\doctrine\dbal\src\Connection.php:1924
C:\Users\roche\Documents\RochesWebStudio\Projet_OnlyRoll\OnlyRoll\backend\vendor\doctrine\dbal\src\Connection.php:385
C:\Users\roche\Documents\RochesWebStudio\Projet_OnlyRoll\OnlyRoll\backend\vendor\doctrine\dbal\src\Connection.php:1692
C:\Users\roche\Documents\RochesWebStudio\Projet_OnlyRoll\OnlyRoll\backend\vendor\doctrine\dbal\src\Connection.php:1195
C:\Users\roche\Documents\RochesWebStudio\Projet_OnlyRoll\OnlyRoll\backend\tests\Functional\Controller\ChatControllerTest.php:78
C:\Users\roche\Documents\RochesWebStudio\Projet_OnlyRoll\OnlyRoll\backend\tests\Functional\Controller\ChatControllerTest.php:35</error>
        </testcase>
        <testcase name="testSendMessageSuccess" file="C:\Users\roche\Documents\RochesWebStudio\Projet_OnlyRoll\OnlyRoll\backend\tests\Functional\Controller\ChatControllerTest.php" line="159" class="App\Tests\Functional\Controller\ChatControllerTest" classname="App.Tests.Functional.Controller.ChatControllerTest" assertions="0" time="0.000000">
          <error type="Doctrine\DBAL\Exception\ConnectionException">App\Tests\Functional\Controller\ChatControllerTest::testSendMessageSuccess&#13;
Doctrine\DBAL\Exception\ConnectionException: An exception occurred in the driver: SQLSTATE[HY000] [1045] Accès refusé pour l'utilisateur: 'root'@'@localhost' (mot de passe: OUI)
&#13;
C:\Users\roche\Documents\RochesWebStudio\Projet_OnlyRoll\OnlyRoll\backend\vendor\doctrine\dbal\src\Driver\API\MySQL\ExceptionConverter.php:112
C:\Users\roche\Documents\RochesWebStudio\Projet_OnlyRoll\OnlyRoll\backend\vendor\doctrine\dbal\src\Connection.php:1976
C:\Users\roche\Documents\RochesWebStudio\Projet_OnlyRoll\OnlyRoll\backend\vendor\doctrine\dbal\src\Connection.php:1924
C:\Users\roche\Documents\RochesWebStudio\Projet_OnlyRoll\OnlyRoll\backend\vendor\doctrine\dbal\src\Connection.php:385
C:\Users\roche\Documents\RochesWebStudio\Projet_OnlyRoll\OnlyRoll\backend\vendor\doctrine\dbal\src\Connection.php:1692
C:\Users\roche\Documents\RochesWebStudio\Projet_OnlyRoll\OnlyRoll\backend\vendor\doctrine\dbal\src\Connection.php:1195
C:\Users\roche\Documents\RochesWebStudio\Projet_OnlyRoll\OnlyRoll\backend\tests\Functional\Controller\ChatControllerTest.php:78
C:\Users\roche\Documents\RochesWebStudio\Projet_OnlyRoll\OnlyRoll\backend\tests\Functional\Controller\ChatControllerTest.php:35</error>
        </testcase>
        <testcase name="testSendMessageWithInvalidData" file="C:\Users\roche\Documents\RochesWebStudio\Projet_OnlyRoll\OnlyRoll\backend\tests\Functional\Controller\ChatControllerTest.php" line="180" class="App\Tests\Functional\Controller\ChatControllerTest" classname="App.Tests.Functional.Controller.ChatControllerTest" assertions="0" time="0.000000">
          <error type="Doctrine\DBAL\Exception\ConnectionException">App\Tests\Functional\Controller\ChatControllerTest::testSendMessageWithInvalidData&#13;
Doctrine\DBAL\Exception\ConnectionException: An exception occurred in the driver: SQLSTATE[HY000] [1045] Accès refusé pour l'utilisateur: 'root'@'@localhost' (mot de passe: OUI)
&#13;
C:\Users\roche\Documents\RochesWebStudio\Projet_OnlyRoll\OnlyRoll\backend\vendor\doctrine\dbal\src\Driver\API\MySQL\ExceptionConverter.php:112
C:\Users\roche\Documents\RochesWebStudio\Projet_OnlyRoll\OnlyRoll\backend\vendor\doctrine\dbal\src\Connection.php:1976
C:\Users\roche\Documents\RochesWebStudio\Projet_OnlyRoll\OnlyRoll\backend\vendor\doctrine\dbal\src\Connection.php:1924
C:\Users\roche\Documents\RochesWebStudio\Projet_OnlyRoll\OnlyRoll\backend\vendor\doctrine\dbal\src\Connection.php:385
C:\Users\roche\Documents\RochesWebStudio\Projet_OnlyRoll\OnlyRoll\backend\vendor\doctrine\dbal\src\Connection.php:1692
C:\Users\roche\Documents\RochesWebStudio\Projet_OnlyRoll\OnlyRoll\backend\vendor\doctrine\dbal\src\Connection.php:1195
C:\Users\roche\Documents\RochesWebStudio\Projet_OnlyRoll\OnlyRoll\backend\tests\Functional\Controller\ChatControllerTest.php:78
C:\Users\roche\Documents\RochesWebStudio\Projet_OnlyRoll\OnlyRoll\backend\tests\Functional\Controller\ChatControllerTest.php:35</error>
        </testcase>
        <testcase name="testGetMessagesByType" file="C:\Users\roche\Documents\RochesWebStudio\Projet_OnlyRoll\OnlyRoll\backend\tests\Functional\Controller\ChatControllerTest.php" line="198" class="App\Tests\Functional\Controller\ChatControllerTest" classname="App.Tests.Functional.Controller.ChatControllerTest" assertions="0" time="0.000000">
          <error type="Doctrine\DBAL\Exception\ConnectionException">App\Tests\Functional\Controller\ChatControllerTest::testGetMessagesByType&#13;
Doctrine\DBAL\Exception\ConnectionException: An exception occurred in the driver: SQLSTATE[HY000] [1045] Accès refusé pour l'utilisateur: 'root'@'@localhost' (mot de passe: OUI)
&#13;
C:\Users\roche\Documents\RochesWebStudio\Projet_OnlyRoll\OnlyRoll\backend\vendor\doctrine\dbal\src\Driver\API\MySQL\ExceptionConverter.php:112
C:\Users\roche\Documents\RochesWebStudio\Projet_OnlyRoll\OnlyRoll\backend\vendor\doctrine\dbal\src\Connection.php:1976
C:\Users\roche\Documents\RochesWebStudio\Projet_OnlyRoll\OnlyRoll\backend\vendor\doctrine\dbal\src\Connection.php:1924
C:\Users\roche\Documents\RochesWebStudio\Projet_OnlyRoll\OnlyRoll\backend\vendor\doctrine\dbal\src\Connection.php:385
C:\Users\roche\Documents\RochesWebStudio\Projet_OnlyRoll\OnlyRoll\backend\vendor\doctrine\dbal\src\Connection.php:1692
C:\Users\roche\Documents\RochesWebStudio\Projet_OnlyRoll\OnlyRoll\backend\vendor\doctrine\dbal\src\Connection.php:1195
C:\Users\roche\Documents\RochesWebStudio\Projet_OnlyRoll\OnlyRoll\backend\tests\Functional\Controller\ChatControllerTest.php:78
C:\Users\roche\Documents\RochesWebStudio\Projet_OnlyRoll\OnlyRoll\backend\tests\Functional\Controller\ChatControllerTest.php:35</error>
        </testcase>
        <testcase name="testRollDiceSuccess" file="C:\Users\roche\Documents\RochesWebStudio\Projet_OnlyRoll\OnlyRoll\backend\tests\Functional\Controller\ChatControllerTest.php" line="227" class="App\Tests\Functional\Controller\ChatControllerTest" classname="App.Tests.Functional.Controller.ChatControllerTest" assertions="0" time="0.000000">
          <error type="Doctrine\DBAL\Exception\ConnectionException">App\Tests\Functional\Controller\ChatControllerTest::testRollDiceSuccess&#13;
Doctrine\DBAL\Exception\ConnectionException: An exception occurred in the driver: SQLSTATE[HY000] [1045] Accès refusé pour l'utilisateur: 'root'@'@localhost' (mot de passe: OUI)
&#13;
C:\Users\roche\Documents\RochesWebStudio\Projet_OnlyRoll\OnlyRoll\backend\vendor\doctrine\dbal\src\Driver\API\MySQL\ExceptionConverter.php:112
C:\Users\roche\Documents\RochesWebStudio\Projet_OnlyRoll\OnlyRoll\backend\vendor\doctrine\dbal\src\Connection.php:1976
C:\Users\roche\Documents\RochesWebStudio\Projet_OnlyRoll\OnlyRoll\backend\vendor\doctrine\dbal\src\Connection.php:1924
C:\Users\roche\Documents\RochesWebStudio\Projet_OnlyRoll\OnlyRoll\backend\vendor\doctrine\dbal\src\Connection.php:385
C:\Users\roche\Documents\RochesWebStudio\Projet_OnlyRoll\OnlyRoll\backend\vendor\doctrine\dbal\src\Connection.php:1692
C:\Users\roche\Documents\RochesWebStudio\Projet_OnlyRoll\OnlyRoll\backend\vendor\doctrine\dbal\src\Connection.php:1195
C:\Users\roche\Documents\RochesWebStudio\Projet_OnlyRoll\OnlyRoll\backend\tests\Functional\Controller\ChatControllerTest.php:78
C:\Users\roche\Documents\RochesWebStudio\Projet_OnlyRoll\OnlyRoll\backend\tests\Functional\Controller\ChatControllerTest.php:35</error>
        </testcase>
        <testcase name="testRollDiceWithInvalidFormula" file="C:\Users\roche\Documents\RochesWebStudio\Projet_OnlyRoll\OnlyRoll\backend\tests\Functional\Controller\ChatControllerTest.php" line="246" class="App\Tests\Functional\Controller\ChatControllerTest" classname="App.Tests.Functional.Controller.ChatControllerTest" assertions="0" time="0.000000">
          <error type="Doctrine\DBAL\Exception\ConnectionException">App\Tests\Functional\Controller\ChatControllerTest::testRollDiceWithInvalidFormula&#13;
Doctrine\DBAL\Exception\ConnectionException: An exception occurred in the driver: SQLSTATE[HY000] [1045] Accès refusé pour l'utilisateur: 'root'@'@localhost' (mot de passe: OUI)
&#13;
C:\Users\roche\Documents\RochesWebStudio\Projet_OnlyRoll\OnlyRoll\backend\vendor\doctrine\dbal\src\Driver\API\MySQL\ExceptionConverter.php:112
C:\Users\roche\Documents\RochesWebStudio\Projet_OnlyRoll\OnlyRoll\backend\vendor\doctrine\dbal\src\Connection.php:1976
C:\Users\roche\Documents\RochesWebStudio\Projet_OnlyRoll\OnlyRoll\backend\vendor\doctrine\dbal\src\Connection.php:1924
C:\Users\roche\Documents\RochesWebStudio\Projet_OnlyRoll\OnlyRoll\backend\vendor\doctrine\dbal\src\Connection.php:385
C:\Users\roche\Documents\RochesWebStudio\Projet_OnlyRoll\OnlyRoll\backend\vendor\doctrine\dbal\src\Connection.php:1692
C:\Users\roche\Documents\RochesWebStudio\Projet_OnlyRoll\OnlyRoll\backend\vendor\doctrine\dbal\src\Connection.php:1195
C:\Users\roche\Documents\RochesWebStudio\Projet_OnlyRoll\OnlyRoll\backend\tests\Functional\Controller\ChatControllerTest.php:78
C:\Users\roche\Documents\RochesWebStudio\Projet_OnlyRoll\OnlyRoll\backend\tests\Functional\Controller\ChatControllerTest.php:35</error>
        </testcase>
        <testcase name="testRollDiceWithoutFormula" file="C:\Users\roche\Documents\RochesWebStudio\Projet_OnlyRoll\OnlyRoll\backend\tests\Functional\Controller\ChatControllerTest.php" line="261" class="App\Tests\Functional\Controller\ChatControllerTest" classname="App.Tests.Functional.Controller.ChatControllerTest" assertions="0" time="0.000000">
          <error type="Doctrine\DBAL\Exception\ConnectionException">App\Tests\Functional\Controller\ChatControllerTest::testRollDiceWithoutFormula&#13;
Doctrine\DBAL\Exception\ConnectionException: An exception occurred in the driver: SQLSTATE[HY000] [1045] Accès refusé pour l'utilisateur: 'root'@'@localhost' (mot de passe: OUI)
&#13;
C:\Users\roche\Documents\RochesWebStudio\Projet_OnlyRoll\OnlyRoll\backend\vendor\doctrine\dbal\src\Driver\API\MySQL\ExceptionConverter.php:112
C:\Users\roche\Documents\RochesWebStudio\Projet_OnlyRoll\OnlyRoll\backend\vendor\doctrine\dbal\src\Connection.php:1976
C:\Users\roche\Documents\RochesWebStudio\Projet_OnlyRoll\OnlyRoll\backend\vendor\doctrine\dbal\src\Connection.php:1924
C:\Users\roche\Documents\RochesWebStudio\Projet_OnlyRoll\OnlyRoll\backend\vendor\doctrine\dbal\src\Connection.php:385
C:\Users\roche\Documents\RochesWebStudio\Projet_OnlyRoll\OnlyRoll\backend\vendor\doctrine\dbal\src\Connection.php:1692
C:\Users\roche\Documents\RochesWebStudio\Projet_OnlyRoll\OnlyRoll\backend\vendor\doctrine\dbal\src\Connection.php:1195
C:\Users\roche\Documents\RochesWebStudio\Projet_OnlyRoll\OnlyRoll\backend\tests\Functional\Controller\ChatControllerTest.php:78
C:\Users\roche\Documents\RochesWebStudio\Projet_OnlyRoll\OnlyRoll\backend\tests\Functional\Controller\ChatControllerTest.php:35</error>
        </testcase>
        <testcase name="testRollDiceWithTooManyDice" file="C:\Users\roche\Documents\RochesWebStudio\Projet_OnlyRoll\OnlyRoll\backend\tests\Functional\Controller\ChatControllerTest.php" line="276" class="App\Tests\Functional\Controller\ChatControllerTest" classname="App.Tests.Functional.Controller.ChatControllerTest" assertions="0" time="0.000000">
          <error type="Doctrine\DBAL\Exception\ConnectionException">App\Tests\Functional\Controller\ChatControllerTest::testRollDiceWithTooManyDice&#13;
Doctrine\DBAL\Exception\ConnectionException: An exception occurred in the driver: SQLSTATE[HY000] [1045] Accès refusé pour l'utilisateur: 'root'@'@localhost' (mot de passe: OUI)
&#13;
C:\Users\roche\Documents\RochesWebStudio\Projet_OnlyRoll\OnlyRoll\backend\vendor\doctrine\dbal\src\Driver\API\MySQL\ExceptionConverter.php:112
C:\Users\roche\Documents\RochesWebStudio\Projet_OnlyRoll\OnlyRoll\backend\vendor\doctrine\dbal\src\Connection.php:1976
C:\Users\roche\Documents\RochesWebStudio\Projet_OnlyRoll\OnlyRoll\backend\vendor\doctrine\dbal\src\Connection.php:1924
C:\Users\roche\Documents\RochesWebStudio\Projet_OnlyRoll\OnlyRoll\backend\vendor\doctrine\dbal\src\Connection.php:385
C:\Users\roche\Documents\RochesWebStudio\Projet_OnlyRoll\OnlyRoll\backend\vendor\doctrine\dbal\src\Connection.php:1692
C:\Users\roche\Documents\RochesWebStudio\Projet_OnlyRoll\OnlyRoll\backend\vendor\doctrine\dbal\src\Connection.php:1195
C:\Users\roche\Documents\RochesWebStudio\Projet_OnlyRoll\OnlyRoll\backend\tests\Functional\Controller\ChatControllerTest.php:78
C:\Users\roche\Documents\RochesWebStudio\Projet_OnlyRoll\OnlyRoll\backend\tests\Functional\Controller\ChatControllerTest.php:35</error>
        </testcase>
        <testcase name="testGetStatsAsGameMaster" file="C:\Users\roche\Documents\RochesWebStudio\Projet_OnlyRoll\OnlyRoll\backend\tests\Functional\Controller\ChatControllerTest.php" line="291" class="App\Tests\Functional\Controller\ChatControllerTest" classname="App.Tests.Functional.Controller.ChatControllerTest" assertions="0" time="0.000000">
          <error type="Doctrine\DBAL\Exception\ConnectionException">App\Tests\Functional\Controller\ChatControllerTest::testGetStatsAsGameMaster&#13;
Doctrine\DBAL\Exception\ConnectionException: An exception occurred in the driver: SQLSTATE[HY000] [1045] Accès refusé pour l'utilisateur: 'root'@'@localhost' (mot de passe: OUI)
&#13;
C:\Users\roche\Documents\RochesWebStudio\Projet_OnlyRoll\OnlyRoll\backend\vendor\doctrine\dbal\src\Driver\API\MySQL\ExceptionConverter.php:112
C:\Users\roche\Documents\RochesWebStudio\Projet_OnlyRoll\OnlyRoll\backend\vendor\doctrine\dbal\src\Connection.php:1976
C:\Users\roche\Documents\RochesWebStudio\Projet_OnlyRoll\OnlyRoll\backend\vendor\doctrine\dbal\src\Connection.php:1924
C:\Users\roche\Documents\RochesWebStudio\Projet_OnlyRoll\OnlyRoll\backend\vendor\doctrine\dbal\src\Connection.php:385
C:\Users\roche\Documents\RochesWebStudio\Projet_OnlyRoll\OnlyRoll\backend\vendor\doctrine\dbal\src\Connection.php:1692
C:\Users\roche\Documents\RochesWebStudio\Projet_OnlyRoll\OnlyRoll\backend\vendor\doctrine\dbal\src\Connection.php:1195
C:\Users\roche\Documents\RochesWebStudio\Projet_OnlyRoll\OnlyRoll\backend\tests\Functional\Controller\ChatControllerTest.php:78
C:\Users\roche\Documents\RochesWebStudio\Projet_OnlyRoll\OnlyRoll\backend\tests\Functional\Controller\ChatControllerTest.php:35</error>
        </testcase>
        <testcase name="testGetStatsAsPlayerForbidden" file="C:\Users\roche\Documents\RochesWebStudio\Projet_OnlyRoll\OnlyRoll\backend\tests\Functional\Controller\ChatControllerTest.php" line="310" class="App\Tests\Functional\Controller\ChatControllerTest" classname="App.Tests.Functional.Controller.ChatControllerTest" assertions="0" time="0.000000">
          <error type="Doctrine\DBAL\Exception\ConnectionException">App\Tests\Functional\Controller\ChatControllerTest::testGetStatsAsPlayerForbidden&#13;
Doctrine\DBAL\Exception\ConnectionException: An exception occurred in the driver: SQLSTATE[HY000] [1045] Accès refusé pour l'utilisateur: 'root'@'@localhost' (mot de passe: OUI)
&#13;
C:\Users\roche\Documents\RochesWebStudio\Projet_OnlyRoll\OnlyRoll\backend\vendor\doctrine\dbal\src\Driver\API\MySQL\ExceptionConverter.php:112
C:\Users\roche\Documents\RochesWebStudio\Projet_OnlyRoll\OnlyRoll\backend\vendor\doctrine\dbal\src\Connection.php:1976
C:\Users\roche\Documents\RochesWebStudio\Projet_OnlyRoll\OnlyRoll\backend\vendor\doctrine\dbal\src\Connection.php:1924
C:\Users\roche\Documents\RochesWebStudio\Projet_OnlyRoll\OnlyRoll\backend\vendor\doctrine\dbal\src\Connection.php:385
C:\Users\roche\Documents\RochesWebStudio\Projet_OnlyRoll\OnlyRoll\backend\vendor\doctrine\dbal\src\Connection.php:1692
C:\Users\roche\Documents\RochesWebStudio\Projet_OnlyRoll\OnlyRoll\backend\vendor\doctrine\dbal\src\Connection.php:1195
C:\Users\roche\Documents\RochesWebStudio\Projet_OnlyRoll\OnlyRoll\backend\tests\Functional\Controller\ChatControllerTest.php:78
C:\Users\roche\Documents\RochesWebStudio\Projet_OnlyRoll\OnlyRoll\backend\tests\Functional\Controller\ChatControllerTest.php:35</error>
        </testcase>
        <testcase name="testGetMessagesSinceSuccess" file="C:\Users\roche\Documents\RochesWebStudio\Projet_OnlyRoll\OnlyRoll\backend\tests\Functional\Controller\ChatControllerTest.php" line="318" class="App\Tests\Functional\Controller\ChatControllerTest" classname="App.Tests.Functional.Controller.ChatControllerTest" assertions="0" time="0.000000">
          <error type="Doctrine\DBAL\Exception\ConnectionException">App\Tests\Functional\Controller\ChatControllerTest::testGetMessagesSinceSuccess&#13;
Doctrine\DBAL\Exception\ConnectionException: An exception occurred in the driver: SQLSTATE[HY000] [1045] Accès refusé pour l'utilisateur: 'root'@'@localhost' (mot de passe: OUI)
&#13;
C:\Users\roche\Documents\RochesWebStudio\Projet_OnlyRoll\OnlyRoll\backend\vendor\doctrine\dbal\src\Driver\API\MySQL\ExceptionConverter.php:112
C:\Users\roche\Documents\RochesWebStudio\Projet_OnlyRoll\OnlyRoll\backend\vendor\doctrine\dbal\src\Connection.php:1976
C:\Users\roche\Documents\RochesWebStudio\Projet_OnlyRoll\OnlyRoll\backend\vendor\doctrine\dbal\src\Connection.php:1924
C:\Users\roche\Documents\RochesWebStudio\Projet_OnlyRoll\OnlyRoll\backend\vendor\doctrine\dbal\src\Connection.php:385
C:\Users\roche\Documents\RochesWebStudio\Projet_OnlyRoll\OnlyRoll\backend\vendor\doctrine\dbal\src\Connection.php:1692
C:\Users\roche\Documents\RochesWebStudio\Projet_OnlyRoll\OnlyRoll\backend\vendor\doctrine\dbal\src\Connection.php:1195
C:\Users\roche\Documents\RochesWebStudio\Projet_OnlyRoll\OnlyRoll\backend\tests\Functional\Controller\ChatControllerTest.php:78
C:\Users\roche\Documents\RochesWebStudio\Projet_OnlyRoll\OnlyRoll\backend\tests\Functional\Controller\ChatControllerTest.php:35</error>
        </testcase>
        <testcase name="testGetMessagesSinceWithoutParameter" file="C:\Users\roche\Documents\RochesWebStudio\Projet_OnlyRoll\OnlyRoll\backend\tests\Functional\Controller\ChatControllerTest.php" line="350" class="App\Tests\Functional\Controller\ChatControllerTest" classname="App.Tests.Functional.Controller.ChatControllerTest" assertions="0" time="0.000000">
          <error type="Doctrine\DBAL\Exception\ConnectionException">App\Tests\Functional\Controller\ChatControllerTest::testGetMessagesSinceWithoutParameter&#13;
Doctrine\DBAL\Exception\ConnectionException: An exception occurred in the driver: SQLSTATE[HY000] [1045] Accès refusé pour l'utilisateur: 'root'@'@localhost' (mot de passe: OUI)
&#13;
C:\Users\roche\Documents\RochesWebStudio\Projet_OnlyRoll\OnlyRoll\backend\vendor\doctrine\dbal\src\Driver\API\MySQL\ExceptionConverter.php:112
C:\Users\roche\Documents\RochesWebStudio\Projet_OnlyRoll\OnlyRoll\backend\vendor\doctrine\dbal\src\Connection.php:1976
C:\Users\roche\Documents\RochesWebStudio\Projet_OnlyRoll\OnlyRoll\backend\vendor\doctrine\dbal\src\Connection.php:1924
C:\Users\roche\Documents\RochesWebStudio\Projet_OnlyRoll\OnlyRoll\backend\vendor\doctrine\dbal\src\Connection.php:385
C:\Users\roche\Documents\RochesWebStudio\Projet_OnlyRoll\OnlyRoll\backend\vendor\doctrine\dbal\src\Connection.php:1692
C:\Users\roche\Documents\RochesWebStudio\Projet_OnlyRoll\OnlyRoll\backend\vendor\doctrine\dbal\src\Connection.php:1195
C:\Users\roche\Documents\RochesWebStudio\Projet_OnlyRoll\OnlyRoll\backend\tests\Functional\Controller\ChatControllerTest.php:78
C:\Users\roche\Documents\RochesWebStudio\Projet_OnlyRoll\OnlyRoll\backend\tests\Functional\Controller\ChatControllerTest.php:35</error>
        </testcase>
        <testcase name="testGetMessagesSinceWithInvalidDate" file="C:\Users\roche\Documents\RochesWebStudio\Projet_OnlyRoll\OnlyRoll\backend\tests\Functional\Controller\ChatControllerTest.php" line="358" class="App\Tests\Functional\Controller\ChatControllerTest" classname="App.Tests.Functional.Controller.ChatControllerTest" assertions="0" time="0.000000">
          <error type="Doctrine\DBAL\Exception\ConnectionException">App\Tests\Functional\Controller\ChatControllerTest::testGetMessagesSinceWithInvalidDate&#13;
Doctrine\DBAL\Exception\ConnectionException: An exception occurred in the driver: SQLSTATE[HY000] [1045] Accès refusé pour l'utilisateur: 'root'@'@localhost' (mot de passe: OUI)
&#13;
C:\Users\roche\Documents\RochesWebStudio\Projet_OnlyRoll\OnlyRoll\backend\vendor\doctrine\dbal\src\Driver\API\MySQL\ExceptionConverter.php:112
C:\Users\roche\Documents\RochesWebStudio\Projet_OnlyRoll\OnlyRoll\backend\vendor\doctrine\dbal\src\Connection.php:1976
C:\Users\roche\Documents\RochesWebStudio\Projet_OnlyRoll\OnlyRoll\backend\vendor\doctrine\dbal\src\Connection.php:1924
C:\Users\roche\Documents\RochesWebStudio\Projet_OnlyRoll\OnlyRoll\backend\vendor\doctrine\dbal\src\Connection.php:385
C:\Users\roche\Documents\RochesWebStudio\Projet_OnlyRoll\OnlyRoll\backend\vendor\doctrine\dbal\src\Connection.php:1692
C:\Users\roche\Documents\RochesWebStudio\Projet_OnlyRoll\OnlyRoll\backend\vendor\doctrine\dbal\src\Connection.php:1195
C:\Users\roche\Documents\RochesWebStudio\Projet_OnlyRoll\OnlyRoll\backend\tests\Functional\Controller\ChatControllerTest.php:78
C:\Users\roche\Documents\RochesWebStudio\Projet_OnlyRoll\OnlyRoll\backend\tests\Functional\Controller\ChatControllerTest.php:35</error>
        </testcase>
        <testcase name="testGetDiceRolls" file="C:\Users\roche\Documents\RochesWebStudio\Projet_OnlyRoll\OnlyRoll\backend\tests\Functional\Controller\ChatControllerTest.php" line="369" class="App\Tests\Functional\Controller\ChatControllerTest" classname="App.Tests.Functional.Controller.ChatControllerTest" assertions="0" time="0.000000">
          <error type="Doctrine\DBAL\Exception\ConnectionException">App\Tests\Functional\Controller\ChatControllerTest::testGetDiceRolls&#13;
Doctrine\DBAL\Exception\ConnectionException: An exception occurred in the driver: SQLSTATE[HY000] [1045] Accès refusé pour l'utilisateur: 'root'@'@localhost' (mot de passe: OUI)
&#13;
C:\Users\roche\Documents\RochesWebStudio\Projet_OnlyRoll\OnlyRoll\backend\vendor\doctrine\dbal\src\Driver\API\MySQL\ExceptionConverter.php:112
C:\Users\roche\Documents\RochesWebStudio\Projet_OnlyRoll\OnlyRoll\backend\vendor\doctrine\dbal\src\Connection.php:1976
C:\Users\roche\Documents\RochesWebStudio\Projet_OnlyRoll\OnlyRoll\backend\vendor\doctrine\dbal\src\Connection.php:1924
C:\Users\roche\Documents\RochesWebStudio\Projet_OnlyRoll\OnlyRoll\backend\vendor\doctrine\dbal\src\Connection.php:385
C:\Users\roche\Documents\RochesWebStudio\Projet_OnlyRoll\OnlyRoll\backend\vendor\doctrine\dbal\src\Connection.php:1692
C:\Users\roche\Documents\RochesWebStudio\Projet_OnlyRoll\OnlyRoll\backend\vendor\doctrine\dbal\src\Connection.php:1195
C:\Users\roche\Documents\RochesWebStudio\Projet_OnlyRoll\OnlyRoll\backend\tests\Functional\Controller\ChatControllerTest.php:78
C:\Users\roche\Documents\RochesWebStudio\Projet_OnlyRoll\OnlyRoll\backend\tests\Functional\Controller\ChatControllerTest.php:35</error>
        </testcase>
      </testsuite>
      <testsuite name="App\Tests\Functional\Controller\GameControllerTest" file="C:\Users\roche\Documents\RochesWebStudio\Projet_OnlyRoll\OnlyRoll\backend\tests\Functional\Controller\GameControllerTest.php" tests="26" assertions="0" errors="26" failures="0" skipped="0" time="0.000000">
        <testcase name="testListGamesReturnsPublicGames" file="C:\Users\roche\Documents\RochesWebStudio\Projet_OnlyRoll\OnlyRoll\backend\tests\Functional\Controller\GameControllerTest.php" line="47" class="App\Tests\Functional\Controller\GameControllerTest" classname="App.Tests.Functional.Controller.GameControllerTest" assertions="0" time="0.000000">
          <error type="Doctrine\DBAL\Exception\ConnectionException">App\Tests\Functional\Controller\GameControllerTest::testListGamesReturnsPublicGames&#13;
Doctrine\DBAL\Exception\ConnectionException: An exception occurred in the driver: SQLSTATE[HY000] [1045] Accès refusé pour l'utilisateur: 'root'@'@localhost' (mot de passe: OUI)
&#13;
C:\Users\roche\Documents\RochesWebStudio\Projet_OnlyRoll\OnlyRoll\backend\vendor\doctrine\dbal\src\Driver\API\MySQL\ExceptionConverter.php:112
C:\Users\roche\Documents\RochesWebStudio\Projet_OnlyRoll\OnlyRoll\backend\vendor\doctrine\dbal\src\Connection.php:1976
C:\Users\roche\Documents\RochesWebStudio\Projet_OnlyRoll\OnlyRoll\backend\vendor\doctrine\dbal\src\Connection.php:1924
C:\Users\roche\Documents\RochesWebStudio\Projet_OnlyRoll\OnlyRoll\backend\vendor\doctrine\dbal\src\Connection.php:385
C:\Users\roche\Documents\RochesWebStudio\Projet_OnlyRoll\OnlyRoll\backend\vendor\doctrine\dbal\src\Connection.php:1692
C:\Users\roche\Documents\RochesWebStudio\Projet_OnlyRoll\OnlyRoll\backend\vendor\doctrine\dbal\src\Connection.php:1087
C:\Users\roche\Documents\RochesWebStudio\Projet_OnlyRoll\OnlyRoll\backend\vendor\doctrine\orm\src\Persisters\Entity\BasicEntityPersister.php:942
C:\Users\roche\Documents\RochesWebStudio\Projet_OnlyRoll\OnlyRoll\backend\vendor\doctrine\orm\src\EntityRepository.php:110
C:\Users\roche\Documents\RochesWebStudio\Projet_OnlyRoll\OnlyRoll\backend\vendor\doctrine\doctrine-bundle\src\Repository\ServiceEntityRepositoryProxy.php:73
C:\Users\roche\Documents\RochesWebStudio\Projet_OnlyRoll\OnlyRoll\backend\vendor\doctrine\orm\src\EntityRepository.php:96
C:\Users\roche\Documents\RochesWebStudio\Projet_OnlyRoll\OnlyRoll\backend\tests\Functional\Controller\GameControllerTest.php:502
C:\Users\roche\Documents\RochesWebStudio\Projet_OnlyRoll\OnlyRoll\backend\tests\Functional\Controller\GameControllerTest.php:33</error>
        </testcase>
        <testcase name="testListGamesWithPagination" file="C:\Users\roche\Documents\RochesWebStudio\Projet_OnlyRoll\OnlyRoll\backend\tests\Functional\Controller\GameControllerTest.php" line="65" class="App\Tests\Functional\Controller\GameControllerTest" classname="App.Tests.Functional.Controller.GameControllerTest" assertions="0" time="0.000000">
          <error type="Doctrine\DBAL\Exception\ConnectionException">App\Tests\Functional\Controller\GameControllerTest::testListGamesWithPagination&#13;
Doctrine\DBAL\Exception\ConnectionException: An exception occurred in the driver: SQLSTATE[HY000] [1045] Accès refusé pour l'utilisateur: 'root'@'@localhost' (mot de passe: OUI)
&#13;
C:\Users\roche\Documents\RochesWebStudio\Projet_OnlyRoll\OnlyRoll\backend\vendor\doctrine\dbal\src\Driver\API\MySQL\ExceptionConverter.php:112
C:\Users\roche\Documents\RochesWebStudio\Projet_OnlyRoll\OnlyRoll\backend\vendor\doctrine\dbal\src\Connection.php:1976
C:\Users\roche\Documents\RochesWebStudio\Projet_OnlyRoll\OnlyRoll\backend\vendor\doctrine\dbal\src\Connection.php:1924
C:\Users\roche\Documents\RochesWebStudio\Projet_OnlyRoll\OnlyRoll\backend\vendor\doctrine\dbal\src\Connection.php:385
C:\Users\roche\Documents\RochesWebStudio\Projet_OnlyRoll\OnlyRoll\backend\vendor\doctrine\dbal\src\Connection.php:1692
C:\Users\roche\Documents\RochesWebStudio\Projet_OnlyRoll\OnlyRoll\backend\vendor\doctrine\dbal\src\Connection.php:1087
C:\Users\roche\Documents\RochesWebStudio\Projet_OnlyRoll\OnlyRoll\backend\vendor\doctrine\orm\src\Persisters\Entity\BasicEntityPersister.php:942
C:\Users\roche\Documents\RochesWebStudio\Projet_OnlyRoll\OnlyRoll\backend\vendor\doctrine\orm\src\EntityRepository.php:110
C:\Users\roche\Documents\RochesWebStudio\Projet_OnlyRoll\OnlyRoll\backend\vendor\doctrine\doctrine-bundle\src\Repository\ServiceEntityRepositoryProxy.php:73
C:\Users\roche\Documents\RochesWebStudio\Projet_OnlyRoll\OnlyRoll\backend\vendor\doctrine\orm\src\EntityRepository.php:96
C:\Users\roche\Documents\RochesWebStudio\Projet_OnlyRoll\OnlyRoll\backend\tests\Functional\Controller\GameControllerTest.php:502
C:\Users\roche\Documents\RochesWebStudio\Projet_OnlyRoll\OnlyRoll\backend\tests\Functional\Controller\GameControllerTest.php:33</error>
        </testcase>
        <testcase name="testListGamesWithSearchFilter" file="C:\Users\roche\Documents\RochesWebStudio\Projet_OnlyRoll\OnlyRoll\backend\tests\Functional\Controller\GameControllerTest.php" line="85" class="App\Tests\Functional\Controller\GameControllerTest" classname="App.Tests.Functional.Controller.GameControllerTest" assertions="0" time="0.000000">
          <error type="Doctrine\DBAL\Exception\ConnectionException">App\Tests\Functional\Controller\GameControllerTest::testListGamesWithSearchFilter&#13;
Doctrine\DBAL\Exception\ConnectionException: An exception occurred in the driver: SQLSTATE[HY000] [1045] Accès refusé pour l'utilisateur: 'root'@'@localhost' (mot de passe: OUI)
&#13;
C:\Users\roche\Documents\RochesWebStudio\Projet_OnlyRoll\OnlyRoll\backend\vendor\doctrine\dbal\src\Driver\API\MySQL\ExceptionConverter.php:112
C:\Users\roche\Documents\RochesWebStudio\Projet_OnlyRoll\OnlyRoll\backend\vendor\doctrine\dbal\src\Connection.php:1976
C:\Users\roche\Documents\RochesWebStudio\Projet_OnlyRoll\OnlyRoll\backend\vendor\doctrine\dbal\src\Connection.php:1924
C:\Users\roche\Documents\RochesWebStudio\Projet_OnlyRoll\OnlyRoll\backend\vendor\doctrine\dbal\src\Connection.php:385
C:\Users\roche\Documents\RochesWebStudio\Projet_OnlyRoll\OnlyRoll\backend\vendor\doctrine\dbal\src\Connection.php:1692
C:\Users\roche\Documents\RochesWebStudio\Projet_OnlyRoll\OnlyRoll\backend\vendor\doctrine\dbal\src\Connection.php:1087
C:\Users\roche\Documents\RochesWebStudio\Projet_OnlyRoll\OnlyRoll\backend\vendor\doctrine\orm\src\Persisters\Entity\BasicEntityPersister.php:942
C:\Users\roche\Documents\RochesWebStudio\Projet_OnlyRoll\OnlyRoll\backend\vendor\doctrine\orm\src\EntityRepository.php:110
C:\Users\roche\Documents\RochesWebStudio\Projet_OnlyRoll\OnlyRoll\backend\vendor\doctrine\doctrine-bundle\src\Repository\ServiceEntityRepositoryProxy.php:73
C:\Users\roche\Documents\RochesWebStudio\Projet_OnlyRoll\OnlyRoll\backend\vendor\doctrine\orm\src\EntityRepository.php:96
C:\Users\roche\Documents\RochesWebStudio\Projet_OnlyRoll\OnlyRoll\backend\tests\Functional\Controller\GameControllerTest.php:502
C:\Users\roche\Documents\RochesWebStudio\Projet_OnlyRoll\OnlyRoll\backend\tests\Functional\Controller\GameControllerTest.php:33</error>
        </testcase>
        <testcase name="testListGamesRequiresAuthentication" file="C:\Users\roche\Documents\RochesWebStudio\Projet_OnlyRoll\OnlyRoll\backend\tests\Functional\Controller\GameControllerTest.php" line="101" class="App\Tests\Functional\Controller\GameControllerTest" classname="App.Tests.Functional.Controller.GameControllerTest" assertions="0" time="0.000000">
          <error type="Doctrine\DBAL\Exception\ConnectionException">App\Tests\Functional\Controller\GameControllerTest::testListGamesRequiresAuthentication&#13;
Doctrine\DBAL\Exception\ConnectionException: An exception occurred in the driver: SQLSTATE[HY000] [1045] Accès refusé pour l'utilisateur: 'root'@'@localhost' (mot de passe: OUI)
&#13;
C:\Users\roche\Documents\RochesWebStudio\Projet_OnlyRoll\OnlyRoll\backend\vendor\doctrine\dbal\src\Driver\API\MySQL\ExceptionConverter.php:112
C:\Users\roche\Documents\RochesWebStudio\Projet_OnlyRoll\OnlyRoll\backend\vendor\doctrine\dbal\src\Connection.php:1976
C:\Users\roche\Documents\RochesWebStudio\Projet_OnlyRoll\OnlyRoll\backend\vendor\doctrine\dbal\src\Connection.php:1924
C:\Users\roche\Documents\RochesWebStudio\Projet_OnlyRoll\OnlyRoll\backend\vendor\doctrine\dbal\src\Connection.php:385
C:\Users\roche\Documents\RochesWebStudio\Projet_OnlyRoll\OnlyRoll\backend\vendor\doctrine\dbal\src\Connection.php:1692
C:\Users\roche\Documents\RochesWebStudio\Projet_OnlyRoll\OnlyRoll\backend\vendor\doctrine\dbal\src\Connection.php:1087
C:\Users\roche\Documents\RochesWebStudio\Projet_OnlyRoll\OnlyRoll\backend\vendor\doctrine\orm\src\Persisters\Entity\BasicEntityPersister.php:942
C:\Users\roche\Documents\RochesWebStudio\Projet_OnlyRoll\OnlyRoll\backend\vendor\doctrine\orm\src\EntityRepository.php:110
C:\Users\roche\Documents\RochesWebStudio\Projet_OnlyRoll\OnlyRoll\backend\vendor\doctrine\doctrine-bundle\src\Repository\ServiceEntityRepositoryProxy.php:73
C:\Users\roche\Documents\RochesWebStudio\Projet_OnlyRoll\OnlyRoll\backend\vendor\doctrine\orm\src\EntityRepository.php:96
C:\Users\roche\Documents\RochesWebStudio\Projet_OnlyRoll\OnlyRoll\backend\tests\Functional\Controller\GameControllerTest.php:502
C:\Users\roche\Documents\RochesWebStudio\Projet_OnlyRoll\OnlyRoll\backend\tests\Functional\Controller\GameControllerTest.php:33</error>
        </testcase>
        <testcase name="testMyGamesReturnsUserGames" file="C:\Users\roche\Documents\RochesWebStudio\Projet_OnlyRoll\OnlyRoll\backend\tests\Functional\Controller\GameControllerTest.php" line="110" class="App\Tests\Functional\Controller\GameControllerTest" classname="App.Tests.Functional.Controller.GameControllerTest" assertions="0" time="0.000000">
          <error type="Doctrine\DBAL\Exception\ConnectionException">App\Tests\Functional\Controller\GameControllerTest::testMyGamesReturnsUserGames&#13;
Doctrine\DBAL\Exception\ConnectionException: An exception occurred in the driver: SQLSTATE[HY000] [1045] Accès refusé pour l'utilisateur: 'root'@'@localhost' (mot de passe: OUI)
&#13;
C:\Users\roche\Documents\RochesWebStudio\Projet_OnlyRoll\OnlyRoll\backend\vendor\doctrine\dbal\src\Driver\API\MySQL\ExceptionConverter.php:112
C:\Users\roche\Documents\RochesWebStudio\Projet_OnlyRoll\OnlyRoll\backend\vendor\doctrine\dbal\src\Connection.php:1976
C:\Users\roche\Documents\RochesWebStudio\Projet_OnlyRoll\OnlyRoll\backend\vendor\doctrine\dbal\src\Connection.php:1924
C:\Users\roche\Documents\RochesWebStudio\Projet_OnlyRoll\OnlyRoll\backend\vendor\doctrine\dbal\src\Connection.php:385
C:\Users\roche\Documents\RochesWebStudio\Projet_OnlyRoll\OnlyRoll\backend\vendor\doctrine\dbal\src\Connection.php:1692
C:\Users\roche\Documents\RochesWebStudio\Projet_OnlyRoll\OnlyRoll\backend\vendor\doctrine\dbal\src\Connection.php:1087
C:\Users\roche\Documents\RochesWebStudio\Projet_OnlyRoll\OnlyRoll\backend\vendor\doctrine\orm\src\Persisters\Entity\BasicEntityPersister.php:942
C:\Users\roche\Documents\RochesWebStudio\Projet_OnlyRoll\OnlyRoll\backend\vendor\doctrine\orm\src\EntityRepository.php:110
C:\Users\roche\Documents\RochesWebStudio\Projet_OnlyRoll\OnlyRoll\backend\vendor\doctrine\doctrine-bundle\src\Repository\ServiceEntityRepositoryProxy.php:73
C:\Users\roche\Documents\RochesWebStudio\Projet_OnlyRoll\OnlyRoll\backend\vendor\doctrine\orm\src\EntityRepository.php:96
C:\Users\roche\Documents\RochesWebStudio\Projet_OnlyRoll\OnlyRoll\backend\tests\Functional\Controller\GameControllerTest.php:502
C:\Users\roche\Documents\RochesWebStudio\Projet_OnlyRoll\OnlyRoll\backend\tests\Functional\Controller\GameControllerTest.php:33</error>
        </testcase>
        <testcase name="testMyGamesRequiresAuthentication" file="C:\Users\roche\Documents\RochesWebStudio\Projet_OnlyRoll\OnlyRoll\backend\tests\Functional\Controller\GameControllerTest.php" line="129" class="App\Tests\Functional\Controller\GameControllerTest" classname="App.Tests.Functional.Controller.GameControllerTest" assertions="0" time="0.000000">
          <error type="Doctrine\DBAL\Exception\ConnectionException">App\Tests\Functional\Controller\GameControllerTest::testMyGamesRequiresAuthentication&#13;
Doctrine\DBAL\Exception\ConnectionException: An exception occurred in the driver: SQLSTATE[HY000] [1045] Accès refusé pour l'utilisateur: 'root'@'@localhost' (mot de passe: OUI)
&#13;
C:\Users\roche\Documents\RochesWebStudio\Projet_OnlyRoll\OnlyRoll\backend\vendor\doctrine\dbal\src\Driver\API\MySQL\ExceptionConverter.php:112
C:\Users\roche\Documents\RochesWebStudio\Projet_OnlyRoll\OnlyRoll\backend\vendor\doctrine\dbal\src\Connection.php:1976
C:\Users\roche\Documents\RochesWebStudio\Projet_OnlyRoll\OnlyRoll\backend\vendor\doctrine\dbal\src\Connection.php:1924
C:\Users\roche\Documents\RochesWebStudio\Projet_OnlyRoll\OnlyRoll\backend\vendor\doctrine\dbal\src\Connection.php:385
C:\Users\roche\Documents\RochesWebStudio\Projet_OnlyRoll\OnlyRoll\backend\vendor\doctrine\dbal\src\Connection.php:1692
C:\Users\roche\Documents\RochesWebStudio\Projet_OnlyRoll\OnlyRoll\backend\vendor\doctrine\dbal\src\Connection.php:1087
C:\Users\roche\Documents\RochesWebStudio\Projet_OnlyRoll\OnlyRoll\backend\vendor\doctrine\orm\src\Persisters\Entity\BasicEntityPersister.php:942
C:\Users\roche\Documents\RochesWebStudio\Projet_OnlyRoll\OnlyRoll\backend\vendor\doctrine\orm\src\EntityRepository.php:110
C:\Users\roche\Documents\RochesWebStudio\Projet_OnlyRoll\OnlyRoll\backend\vendor\doctrine\doctrine-bundle\src\Repository\ServiceEntityRepositoryProxy.php:73
C:\Users\roche\Documents\RochesWebStudio\Projet_OnlyRoll\OnlyRoll\backend\vendor\doctrine\orm\src\EntityRepository.php:96
C:\Users\roche\Documents\RochesWebStudio\Projet_OnlyRoll\OnlyRoll\backend\tests\Functional\Controller\GameControllerTest.php:502
C:\Users\roche\Documents\RochesWebStudio\Projet_OnlyRoll\OnlyRoll\backend\tests\Functional\Controller\GameControllerTest.php:33</error>
        </testcase>
        <testcase name="testShowGameReturnsGameDetails" file="C:\Users\roche\Documents\RochesWebStudio\Projet_OnlyRoll\OnlyRoll\backend\tests\Functional\Controller\GameControllerTest.php" line="138" class="App\Tests\Functional\Controller\GameControllerTest" classname="App.Tests.Functional.Controller.GameControllerTest" assertions="0" time="0.000000">
          <error type="Doctrine\DBAL\Exception\ConnectionException">App\Tests\Functional\Controller\GameControllerTest::testShowGameReturnsGameDetails&#13;
Doctrine\DBAL\Exception\ConnectionException: An exception occurred in the driver: SQLSTATE[HY000] [1045] Accès refusé pour l'utilisateur: 'root'@'@localhost' (mot de passe: OUI)
&#13;
C:\Users\roche\Documents\RochesWebStudio\Projet_OnlyRoll\OnlyRoll\backend\vendor\doctrine\dbal\src\Driver\API\MySQL\ExceptionConverter.php:112
C:\Users\roche\Documents\RochesWebStudio\Projet_OnlyRoll\OnlyRoll\backend\vendor\doctrine\dbal\src\Connection.php:1976
C:\Users\roche\Documents\RochesWebStudio\Projet_OnlyRoll\OnlyRoll\backend\vendor\doctrine\dbal\src\Connection.php:1924
C:\Users\roche\Documents\RochesWebStudio\Projet_OnlyRoll\OnlyRoll\backend\vendor\doctrine\dbal\src\Connection.php:385
C:\Users\roche\Documents\RochesWebStudio\Projet_OnlyRoll\OnlyRoll\backend\vendor\doctrine\dbal\src\Connection.php:1692
C:\Users\roche\Documents\RochesWebStudio\Projet_OnlyRoll\OnlyRoll\backend\vendor\doctrine\dbal\src\Connection.php:1087
C:\Users\roche\Documents\RochesWebStudio\Projet_OnlyRoll\OnlyRoll\backend\vendor\doctrine\orm\src\Persisters\Entity\BasicEntityPersister.php:942
C:\Users\roche\Documents\RochesWebStudio\Projet_OnlyRoll\OnlyRoll\backend\vendor\doctrine\orm\src\EntityRepository.php:110
C:\Users\roche\Documents\RochesWebStudio\Projet_OnlyRoll\OnlyRoll\backend\vendor\doctrine\doctrine-bundle\src\Repository\ServiceEntityRepositoryProxy.php:73
C:\Users\roche\Documents\RochesWebStudio\Projet_OnlyRoll\OnlyRoll\backend\vendor\doctrine\orm\src\EntityRepository.php:96
C:\Users\roche\Documents\RochesWebStudio\Projet_OnlyRoll\OnlyRoll\backend\tests\Functional\Controller\GameControllerTest.php:502
C:\Users\roche\Documents\RochesWebStudio\Projet_OnlyRoll\OnlyRoll\backend\tests\Functional\Controller\GameControllerTest.php:33</error>
        </testcase>
        <testcase name="testShowGameReturnsNotFoundForInvalidId" file="C:\Users\roche\Documents\RochesWebStudio\Projet_OnlyRoll\OnlyRoll\backend\tests\Functional\Controller\GameControllerTest.php" line="153" class="App\Tests\Functional\Controller\GameControllerTest" classname="App.Tests.Functional.Controller.GameControllerTest" assertions="0" time="0.000000">
          <error type="Doctrine\DBAL\Exception\ConnectionException">App\Tests\Functional\Controller\GameControllerTest::testShowGameReturnsNotFoundForInvalidId&#13;
Doctrine\DBAL\Exception\ConnectionException: An exception occurred in the driver: SQLSTATE[HY000] [1045] Accès refusé pour l'utilisateur: 'root'@'@localhost' (mot de passe: OUI)
&#13;
C:\Users\roche\Documents\RochesWebStudio\Projet_OnlyRoll\OnlyRoll\backend\vendor\doctrine\dbal\src\Driver\API\MySQL\ExceptionConverter.php:112
C:\Users\roche\Documents\RochesWebStudio\Projet_OnlyRoll\OnlyRoll\backend\vendor\doctrine\dbal\src\Connection.php:1976
C:\Users\roche\Documents\RochesWebStudio\Projet_OnlyRoll\OnlyRoll\backend\vendor\doctrine\dbal\src\Connection.php:1924
C:\Users\roche\Documents\RochesWebStudio\Projet_OnlyRoll\OnlyRoll\backend\vendor\doctrine\dbal\src\Connection.php:385
C:\Users\roche\Documents\RochesWebStudio\Projet_OnlyRoll\OnlyRoll\backend\vendor\doctrine\dbal\src\Connection.php:1692
C:\Users\roche\Documents\RochesWebStudio\Projet_OnlyRoll\OnlyRoll\backend\vendor\doctrine\dbal\src\Connection.php:1087
C:\Users\roche\Documents\RochesWebStudio\Projet_OnlyRoll\OnlyRoll\backend\vendor\doctrine\orm\src\Persisters\Entity\BasicEntityPersister.php:942
C:\Users\roche\Documents\RochesWebStudio\Projet_OnlyRoll\OnlyRoll\backend\vendor\doctrine\orm\src\EntityRepository.php:110
C:\Users\roche\Documents\RochesWebStudio\Projet_OnlyRoll\OnlyRoll\backend\vendor\doctrine\doctrine-bundle\src\Repository\ServiceEntityRepositoryProxy.php:73
C:\Users\roche\Documents\RochesWebStudio\Projet_OnlyRoll\OnlyRoll\backend\vendor\doctrine\orm\src\EntityRepository.php:96
C:\Users\roche\Documents\RochesWebStudio\Projet_OnlyRoll\OnlyRoll\backend\tests\Functional\Controller\GameControllerTest.php:502
C:\Users\roche\Documents\RochesWebStudio\Projet_OnlyRoll\OnlyRoll\backend\tests\Functional\Controller\GameControllerTest.php:33</error>
        </testcase>
        <testcase name="testShowGameReturnsForbiddenForPrivateGame" file="C:\Users\roche\Documents\RochesWebStudio\Projet_OnlyRoll\OnlyRoll\backend\tests\Functional\Controller\GameControllerTest.php" line="165" class="App\Tests\Functional\Controller\GameControllerTest" classname="App.Tests.Functional.Controller.GameControllerTest" assertions="0" time="0.000000">
          <error type="Doctrine\DBAL\Exception\ConnectionException">App\Tests\Functional\Controller\GameControllerTest::testShowGameReturnsForbiddenForPrivateGame&#13;
Doctrine\DBAL\Exception\ConnectionException: An exception occurred in the driver: SQLSTATE[HY000] [1045] Accès refusé pour l'utilisateur: 'root'@'@localhost' (mot de passe: OUI)
&#13;
C:\Users\roche\Documents\RochesWebStudio\Projet_OnlyRoll\OnlyRoll\backend\vendor\doctrine\dbal\src\Driver\API\MySQL\ExceptionConverter.php:112
C:\Users\roche\Documents\RochesWebStudio\Projet_OnlyRoll\OnlyRoll\backend\vendor\doctrine\dbal\src\Connection.php:1976
C:\Users\roche\Documents\RochesWebStudio\Projet_OnlyRoll\OnlyRoll\backend\vendor\doctrine\dbal\src\Connection.php:1924
C:\Users\roche\Documents\RochesWebStudio\Projet_OnlyRoll\OnlyRoll\backend\vendor\doctrine\dbal\src\Connection.php:385
C:\Users\roche\Documents\RochesWebStudio\Projet_OnlyRoll\OnlyRoll\backend\vendor\doctrine\dbal\src\Connection.php:1692
C:\Users\roche\Documents\RochesWebStudio\Projet_OnlyRoll\OnlyRoll\backend\vendor\doctrine\dbal\src\Connection.php:1087
C:\Users\roche\Documents\RochesWebStudio\Projet_OnlyRoll\OnlyRoll\backend\vendor\doctrine\orm\src\Persisters\Entity\BasicEntityPersister.php:942
C:\Users\roche\Documents\RochesWebStudio\Projet_OnlyRoll\OnlyRoll\backend\vendor\doctrine\orm\src\EntityRepository.php:110
C:\Users\roche\Documents\RochesWebStudio\Projet_OnlyRoll\OnlyRoll\backend\vendor\doctrine\doctrine-bundle\src\Repository\ServiceEntityRepositoryProxy.php:73
C:\Users\roche\Documents\RochesWebStudio\Projet_OnlyRoll\OnlyRoll\backend\vendor\doctrine\orm\src\EntityRepository.php:96
C:\Users\roche\Documents\RochesWebStudio\Projet_OnlyRoll\OnlyRoll\backend\tests\Functional\Controller\GameControllerTest.php:502
C:\Users\roche\Documents\RochesWebStudio\Projet_OnlyRoll\OnlyRoll\backend\tests\Functional\Controller\GameControllerTest.php:33</error>
        </testcase>
        <testcase name="testCreateGameWithValidData" file="C:\Users\roche\Documents\RochesWebStudio\Projet_OnlyRoll\OnlyRoll\backend\tests\Functional\Controller\GameControllerTest.php" line="177" class="App\Tests\Functional\Controller\GameControllerTest" classname="App.Tests.Functional.Controller.GameControllerTest" assertions="0" time="0.000000">
          <error type="Doctrine\DBAL\Exception\ConnectionException">App\Tests\Functional\Controller\GameControllerTest::testCreateGameWithValidData&#13;
Doctrine\DBAL\Exception\ConnectionException: An exception occurred in the driver: SQLSTATE[HY000] [1045] Accès refusé pour l'utilisateur: 'root'@'@localhost' (mot de passe: OUI)
&#13;
C:\Users\roche\Documents\RochesWebStudio\Projet_OnlyRoll\OnlyRoll\backend\vendor\doctrine\dbal\src\Driver\API\MySQL\ExceptionConverter.php:112
C:\Users\roche\Documents\RochesWebStudio\Projet_OnlyRoll\OnlyRoll\backend\vendor\doctrine\dbal\src\Connection.php:1976
C:\Users\roche\Documents\RochesWebStudio\Projet_OnlyRoll\OnlyRoll\backend\vendor\doctrine\dbal\src\Connection.php:1924
C:\Users\roche\Documents\RochesWebStudio\Projet_OnlyRoll\OnlyRoll\backend\vendor\doctrine\dbal\src\Connection.php:385
C:\Users\roche\Documents\RochesWebStudio\Projet_OnlyRoll\OnlyRoll\backend\vendor\doctrine\dbal\src\Connection.php:1692
C:\Users\roche\Documents\RochesWebStudio\Projet_OnlyRoll\OnlyRoll\backend\vendor\doctrine\dbal\src\Connection.php:1087
C:\Users\roche\Documents\RochesWebStudio\Projet_OnlyRoll\OnlyRoll\backend\vendor\doctrine\orm\src\Persisters\Entity\BasicEntityPersister.php:942
C:\Users\roche\Documents\RochesWebStudio\Projet_OnlyRoll\OnlyRoll\backend\vendor\doctrine\orm\src\EntityRepository.php:110
C:\Users\roche\Documents\RochesWebStudio\Projet_OnlyRoll\OnlyRoll\backend\vendor\doctrine\doctrine-bundle\src\Repository\ServiceEntityRepositoryProxy.php:73
C:\Users\roche\Documents\RochesWebStudio\Projet_OnlyRoll\OnlyRoll\backend\vendor\doctrine\orm\src\EntityRepository.php:96
C:\Users\roche\Documents\RochesWebStudio\Projet_OnlyRoll\OnlyRoll\backend\tests\Functional\Controller\GameControllerTest.php:502
C:\Users\roche\Documents\RochesWebStudio\Projet_OnlyRoll\OnlyRoll\backend\tests\Functional\Controller\GameControllerTest.php:33</error>
        </testcase>
        <testcase name="testCreatePrivateGameWithPassword" file="C:\Users\roche\Documents\RochesWebStudio\Projet_OnlyRoll\OnlyRoll\backend\tests\Functional\Controller\GameControllerTest.php" line="198" class="App\Tests\Functional\Controller\GameControllerTest" classname="App.Tests.Functional.Controller.GameControllerTest" assertions="0" time="0.000000">
          <error type="Doctrine\DBAL\Exception\ConnectionException">App\Tests\Functional\Controller\GameControllerTest::testCreatePrivateGameWithPassword&#13;
Doctrine\DBAL\Exception\ConnectionException: An exception occurred in the driver: SQLSTATE[HY000] [1045] Accès refusé pour l'utilisateur: 'root'@'@localhost' (mot de passe: OUI)
&#13;
C:\Users\roche\Documents\RochesWebStudio\Projet_OnlyRoll\OnlyRoll\backend\vendor\doctrine\dbal\src\Driver\API\MySQL\ExceptionConverter.php:112
C:\Users\roche\Documents\RochesWebStudio\Projet_OnlyRoll\OnlyRoll\backend\vendor\doctrine\dbal\src\Connection.php:1976
C:\Users\roche\Documents\RochesWebStudio\Projet_OnlyRoll\OnlyRoll\backend\vendor\doctrine\dbal\src\Connection.php:1924
C:\Users\roche\Documents\RochesWebStudio\Projet_OnlyRoll\OnlyRoll\backend\vendor\doctrine\dbal\src\Connection.php:385
C:\Users\roche\Documents\RochesWebStudio\Projet_OnlyRoll\OnlyRoll\backend\vendor\doctrine\dbal\src\Connection.php:1692
C:\Users\roche\Documents\RochesWebStudio\Projet_OnlyRoll\OnlyRoll\backend\vendor\doctrine\dbal\src\Connection.php:1087
C:\Users\roche\Documents\RochesWebStudio\Projet_OnlyRoll\OnlyRoll\backend\vendor\doctrine\orm\src\Persisters\Entity\BasicEntityPersister.php:942
C:\Users\roche\Documents\RochesWebStudio\Projet_OnlyRoll\OnlyRoll\backend\vendor\doctrine\orm\src\EntityRepository.php:110
C:\Users\roche\Documents\RochesWebStudio\Projet_OnlyRoll\OnlyRoll\backend\vendor\doctrine\doctrine-bundle\src\Repository\ServiceEntityRepositoryProxy.php:73
C:\Users\roche\Documents\RochesWebStudio\Projet_OnlyRoll\OnlyRoll\backend\vendor\doctrine\orm\src\EntityRepository.php:96
C:\Users\roche\Documents\RochesWebStudio\Projet_OnlyRoll\OnlyRoll\backend\tests\Functional\Controller\GameControllerTest.php:502
C:\Users\roche\Documents\RochesWebStudio\Projet_OnlyRoll\OnlyRoll\backend\tests\Functional\Controller\GameControllerTest.php:33</error>
        </testcase>
        <testcase name="testCreateGameWithInvalidDataReturnsBadRequest" file="C:\Users\roche\Documents\RochesWebStudio\Projet_OnlyRoll\OnlyRoll\backend\tests\Functional\Controller\GameControllerTest.php" line="218" class="App\Tests\Functional\Controller\GameControllerTest" classname="App.Tests.Functional.Controller.GameControllerTest" assertions="0" time="0.000000">
          <error type="Doctrine\DBAL\Exception\ConnectionException">App\Tests\Functional\Controller\GameControllerTest::testCreateGameWithInvalidDataReturnsBadRequest&#13;
Doctrine\DBAL\Exception\ConnectionException: An exception occurred in the driver: SQLSTATE[HY000] [1045] Accès refusé pour l'utilisateur: 'root'@'@localhost' (mot de passe: OUI)
&#13;
C:\Users\roche\Documents\RochesWebStudio\Projet_OnlyRoll\OnlyRoll\backend\vendor\doctrine\dbal\src\Driver\API\MySQL\ExceptionConverter.php:112
C:\Users\roche\Documents\RochesWebStudio\Projet_OnlyRoll\OnlyRoll\backend\vendor\doctrine\dbal\src\Connection.php:1976
C:\Users\roche\Documents\RochesWebStudio\Projet_OnlyRoll\OnlyRoll\backend\vendor\doctrine\dbal\src\Connection.php:1924
C:\Users\roche\Documents\RochesWebStudio\Projet_OnlyRoll\OnlyRoll\backend\vendor\doctrine\dbal\src\Connection.php:385
C:\Users\roche\Documents\RochesWebStudio\Projet_OnlyRoll\OnlyRoll\backend\vendor\doctrine\dbal\src\Connection.php:1692
C:\Users\roche\Documents\RochesWebStudio\Projet_OnlyRoll\OnlyRoll\backend\vendor\doctrine\dbal\src\Connection.php:1087
C:\Users\roche\Documents\RochesWebStudio\Projet_OnlyRoll\OnlyRoll\backend\vendor\doctrine\orm\src\Persisters\Entity\BasicEntityPersister.php:942
C:\Users\roche\Documents\RochesWebStudio\Projet_OnlyRoll\OnlyRoll\backend\vendor\doctrine\orm\src\EntityRepository.php:110
C:\Users\roche\Documents\RochesWebStudio\Projet_OnlyRoll\OnlyRoll\backend\vendor\doctrine\doctrine-bundle\src\Repository\ServiceEntityRepositoryProxy.php:73
C:\Users\roche\Documents\RochesWebStudio\Projet_OnlyRoll\OnlyRoll\backend\vendor\doctrine\orm\src\EntityRepository.php:96
C:\Users\roche\Documents\RochesWebStudio\Projet_OnlyRoll\OnlyRoll\backend\tests\Functional\Controller\GameControllerTest.php:502
C:\Users\roche\Documents\RochesWebStudio\Projet_OnlyRoll\OnlyRoll\backend\tests\Functional\Controller\GameControllerTest.php:33</error>
        </testcase>
        <testcase name="testUpdateGameAsGameMaster" file="C:\Users\roche\Documents\RochesWebStudio\Projet_OnlyRoll\OnlyRoll\backend\tests\Functional\Controller\GameControllerTest.php" line="233" class="App\Tests\Functional\Controller\GameControllerTest" classname="App.Tests.Functional.Controller.GameControllerTest" assertions="0" time="0.000000">
          <error type="Doctrine\DBAL\Exception\ConnectionException">App\Tests\Functional\Controller\GameControllerTest::testUpdateGameAsGameMaster&#13;
Doctrine\DBAL\Exception\ConnectionException: An exception occurred in the driver: SQLSTATE[HY000] [1045] Accès refusé pour l'utilisateur: 'root'@'@localhost' (mot de passe: OUI)
&#13;
C:\Users\roche\Documents\RochesWebStudio\Projet_OnlyRoll\OnlyRoll\backend\vendor\doctrine\dbal\src\Driver\API\MySQL\ExceptionConverter.php:112
C:\Users\roche\Documents\RochesWebStudio\Projet_OnlyRoll\OnlyRoll\backend\vendor\doctrine\dbal\src\Connection.php:1976
C:\Users\roche\Documents\RochesWebStudio\Projet_OnlyRoll\OnlyRoll\backend\vendor\doctrine\dbal\src\Connection.php:1924
C:\Users\roche\Documents\RochesWebStudio\Projet_OnlyRoll\OnlyRoll\backend\vendor\doctrine\dbal\src\Connection.php:385
C:\Users\roche\Documents\RochesWebStudio\Projet_OnlyRoll\OnlyRoll\backend\vendor\doctrine\dbal\src\Connection.php:1692
C:\Users\roche\Documents\RochesWebStudio\Projet_OnlyRoll\OnlyRoll\backend\vendor\doctrine\dbal\src\Connection.php:1087
C:\Users\roche\Documents\RochesWebStudio\Projet_OnlyRoll\OnlyRoll\backend\vendor\doctrine\orm\src\Persisters\Entity\BasicEntityPersister.php:942
C:\Users\roche\Documents\RochesWebStudio\Projet_OnlyRoll\OnlyRoll\backend\vendor\doctrine\orm\src\EntityRepository.php:110
C:\Users\roche\Documents\RochesWebStudio\Projet_OnlyRoll\OnlyRoll\backend\vendor\doctrine\doctrine-bundle\src\Repository\ServiceEntityRepositoryProxy.php:73
C:\Users\roche\Documents\RochesWebStudio\Projet_OnlyRoll\OnlyRoll\backend\vendor\doctrine\orm\src\EntityRepository.php:96
C:\Users\roche\Documents\RochesWebStudio\Projet_OnlyRoll\OnlyRoll\backend\tests\Functional\Controller\GameControllerTest.php:502
C:\Users\roche\Documents\RochesWebStudio\Projet_OnlyRoll\OnlyRoll\backend\tests\Functional\Controller\GameControllerTest.php:33</error>
        </testcase>
        <testcase name="testUpdateGameAsNonGameMasterReturnsForbidden" file="C:\Users\roche\Documents\RochesWebStudio\Projet_OnlyRoll\OnlyRoll\backend\tests\Functional\Controller\GameControllerTest.php" line="252" class="App\Tests\Functional\Controller\GameControllerTest" classname="App.Tests.Functional.Controller.GameControllerTest" assertions="0" time="0.000000">
          <error type="Doctrine\DBAL\Exception\ConnectionException">App\Tests\Functional\Controller\GameControllerTest::testUpdateGameAsNonGameMasterReturnsForbidden&#13;
Doctrine\DBAL\Exception\ConnectionException: An exception occurred in the driver: SQLSTATE[HY000] [1045] Accès refusé pour l'utilisateur: 'root'@'@localhost' (mot de passe: OUI)
&#13;
C:\Users\roche\Documents\RochesWebStudio\Projet_OnlyRoll\OnlyRoll\backend\vendor\doctrine\dbal\src\Driver\API\MySQL\ExceptionConverter.php:112
C:\Users\roche\Documents\RochesWebStudio\Projet_OnlyRoll\OnlyRoll\backend\vendor\doctrine\dbal\src\Connection.php:1976
C:\Users\roche\Documents\RochesWebStudio\Projet_OnlyRoll\OnlyRoll\backend\vendor\doctrine\dbal\src\Connection.php:1924
C:\Users\roche\Documents\RochesWebStudio\Projet_OnlyRoll\OnlyRoll\backend\vendor\doctrine\dbal\src\Connection.php:385
C:\Users\roche\Documents\RochesWebStudio\Projet_OnlyRoll\OnlyRoll\backend\vendor\doctrine\dbal\src\Connection.php:1692
C:\Users\roche\Documents\RochesWebStudio\Projet_OnlyRoll\OnlyRoll\backend\vendor\doctrine\dbal\src\Connection.php:1087
C:\Users\roche\Documents\RochesWebStudio\Projet_OnlyRoll\OnlyRoll\backend\vendor\doctrine\orm\src\Persisters\Entity\BasicEntityPersister.php:942
C:\Users\roche\Documents\RochesWebStudio\Projet_OnlyRoll\OnlyRoll\backend\vendor\doctrine\orm\src\EntityRepository.php:110
C:\Users\roche\Documents\RochesWebStudio\Projet_OnlyRoll\OnlyRoll\backend\vendor\doctrine\doctrine-bundle\src\Repository\ServiceEntityRepositoryProxy.php:73
C:\Users\roche\Documents\RochesWebStudio\Projet_OnlyRoll\OnlyRoll\backend\vendor\doctrine\orm\src\EntityRepository.php:96
C:\Users\roche\Documents\RochesWebStudio\Projet_OnlyRoll\OnlyRoll\backend\tests\Functional\Controller\GameControllerTest.php:502
C:\Users\roche\Documents\RochesWebStudio\Projet_OnlyRoll\OnlyRoll\backend\tests\Functional\Controller\GameControllerTest.php:33</error>
        </testcase>
        <testcase name="testUpdateGameReturnsNotFoundForInvalidId" file="C:\Users\roche\Documents\RochesWebStudio\Projet_OnlyRoll\OnlyRoll\backend\tests\Functional\Controller\GameControllerTest.php" line="266" class="App\Tests\Functional\Controller\GameControllerTest" classname="App.Tests.Functional.Controller.GameControllerTest" assertions="0" time="0.000000">
          <error type="Doctrine\DBAL\Exception\ConnectionException">App\Tests\Functional\Controller\GameControllerTest::testUpdateGameReturnsNotFoundForInvalidId&#13;
Doctrine\DBAL\Exception\ConnectionException: An exception occurred in the driver: SQLSTATE[HY000] [1045] Accès refusé pour l'utilisateur: 'root'@'@localhost' (mot de passe: OUI)
&#13;
C:\Users\roche\Documents\RochesWebStudio\Projet_OnlyRoll\OnlyRoll\backend\vendor\doctrine\dbal\src\Driver\API\MySQL\ExceptionConverter.php:112
C:\Users\roche\Documents\RochesWebStudio\Projet_OnlyRoll\OnlyRoll\backend\vendor\doctrine\dbal\src\Connection.php:1976
C:\Users\roche\Documents\RochesWebStudio\Projet_OnlyRoll\OnlyRoll\backend\vendor\doctrine\dbal\src\Connection.php:1924
C:\Users\roche\Documents\RochesWebStudio\Projet_OnlyRoll\OnlyRoll\backend\vendor\doctrine\dbal\src\Connection.php:385
C:\Users\roche\Documents\RochesWebStudio\Projet_OnlyRoll\OnlyRoll\backend\vendor\doctrine\dbal\src\Connection.php:1692
C:\Users\roche\Documents\RochesWebStudio\Projet_OnlyRoll\OnlyRoll\backend\vendor\doctrine\dbal\src\Connection.php:1087
C:\Users\roche\Documents\RochesWebStudio\Projet_OnlyRoll\OnlyRoll\backend\vendor\doctrine\orm\src\Persisters\Entity\BasicEntityPersister.php:942
C:\Users\roche\Documents\RochesWebStudio\Projet_OnlyRoll\OnlyRoll\backend\vendor\doctrine\orm\src\EntityRepository.php:110
C:\Users\roche\Documents\RochesWebStudio\Projet_OnlyRoll\OnlyRoll\backend\vendor\doctrine\doctrine-bundle\src\Repository\ServiceEntityRepositoryProxy.php:73
C:\Users\roche\Documents\RochesWebStudio\Projet_OnlyRoll\OnlyRoll\backend\vendor\doctrine\orm\src\EntityRepository.php:96
C:\Users\roche\Documents\RochesWebStudio\Projet_OnlyRoll\OnlyRoll\backend\tests\Functional\Controller\GameControllerTest.php:502
C:\Users\roche\Documents\RochesWebStudio\Projet_OnlyRoll\OnlyRoll\backend\tests\Functional\Controller\GameControllerTest.php:33</error>
        </testcase>
        <testcase name="testJoinByCodeWithValidInviteCode" file="C:\Users\roche\Documents\RochesWebStudio\Projet_OnlyRoll\OnlyRoll\backend\tests\Functional\Controller\GameControllerTest.php" line="280" class="App\Tests\Functional\Controller\GameControllerTest" classname="App.Tests.Functional.Controller.GameControllerTest" assertions="0" time="0.000000">
          <error type="Doctrine\DBAL\Exception\ConnectionException">App\Tests\Functional\Controller\GameControllerTest::testJoinByCodeWithValidInviteCode&#13;
Doctrine\DBAL\Exception\ConnectionException: An exception occurred in the driver: SQLSTATE[HY000] [1045] Accès refusé pour l'utilisateur: 'root'@'@localhost' (mot de passe: OUI)
&#13;
C:\Users\roche\Documents\RochesWebStudio\Projet_OnlyRoll\OnlyRoll\backend\vendor\doctrine\dbal\src\Driver\API\MySQL\ExceptionConverter.php:112
C:\Users\roche\Documents\RochesWebStudio\Projet_OnlyRoll\OnlyRoll\backend\vendor\doctrine\dbal\src\Connection.php:1976
C:\Users\roche\Documents\RochesWebStudio\Projet_OnlyRoll\OnlyRoll\backend\vendor\doctrine\dbal\src\Connection.php:1924
C:\Users\roche\Documents\RochesWebStudio\Projet_OnlyRoll\OnlyRoll\backend\vendor\doctrine\dbal\src\Connection.php:385
C:\Users\roche\Documents\RochesWebStudio\Projet_OnlyRoll\OnlyRoll\backend\vendor\doctrine\dbal\src\Connection.php:1692
C:\Users\roche\Documents\RochesWebStudio\Projet_OnlyRoll\OnlyRoll\backend\vendor\doctrine\dbal\src\Connection.php:1087
C:\Users\roche\Documents\RochesWebStudio\Projet_OnlyRoll\OnlyRoll\backend\vendor\doctrine\orm\src\Persisters\Entity\BasicEntityPersister.php:942
C:\Users\roche\Documents\RochesWebStudio\Projet_OnlyRoll\OnlyRoll\backend\vendor\doctrine\orm\src\EntityRepository.php:110
C:\Users\roche\Documents\RochesWebStudio\Projet_OnlyRoll\OnlyRoll\backend\vendor\doctrine\doctrine-bundle\src\Repository\ServiceEntityRepositoryProxy.php:73
C:\Users\roche\Documents\RochesWebStudio\Projet_OnlyRoll\OnlyRoll\backend\vendor\doctrine\orm\src\EntityRepository.php:96
C:\Users\roche\Documents\RochesWebStudio\Projet_OnlyRoll\OnlyRoll\backend\tests\Functional\Controller\GameControllerTest.php:502
C:\Users\roche\Documents\RochesWebStudio\Projet_OnlyRoll\OnlyRoll\backend\tests\Functional\Controller\GameControllerTest.php:33</error>
        </testcase>
        <testcase name="testJoinByCodeWithInvalidInviteCode" file="C:\Users\roche\Documents\RochesWebStudio\Projet_OnlyRoll\OnlyRoll\backend\tests\Functional\Controller\GameControllerTest.php" line="295" class="App\Tests\Functional\Controller\GameControllerTest" classname="App.Tests.Functional.Controller.GameControllerTest" assertions="0" time="0.000000">
          <error type="Doctrine\DBAL\Exception\ConnectionException">App\Tests\Functional\Controller\GameControllerTest::testJoinByCodeWithInvalidInviteCode&#13;
Doctrine\DBAL\Exception\ConnectionException: An exception occurred in the driver: SQLSTATE[HY000] [1045] Accès refusé pour l'utilisateur: 'root'@'@localhost' (mot de passe: OUI)
&#13;
C:\Users\roche\Documents\RochesWebStudio\Projet_OnlyRoll\OnlyRoll\backend\vendor\doctrine\dbal\src\Driver\API\MySQL\ExceptionConverter.php:112
C:\Users\roche\Documents\RochesWebStudio\Projet_OnlyRoll\OnlyRoll\backend\vendor\doctrine\dbal\src\Connection.php:1976
C:\Users\roche\Documents\RochesWebStudio\Projet_OnlyRoll\OnlyRoll\backend\vendor\doctrine\dbal\src\Connection.php:1924
C:\Users\roche\Documents\RochesWebStudio\Projet_OnlyRoll\OnlyRoll\backend\vendor\doctrine\dbal\src\Connection.php:385
C:\Users\roche\Documents\RochesWebStudio\Projet_OnlyRoll\OnlyRoll\backend\vendor\doctrine\dbal\src\Connection.php:1692
C:\Users\roche\Documents\RochesWebStudio\Projet_OnlyRoll\OnlyRoll\backend\vendor\doctrine\dbal\src\Connection.php:1087
C:\Users\roche\Documents\RochesWebStudio\Projet_OnlyRoll\OnlyRoll\backend\vendor\doctrine\orm\src\Persisters\Entity\BasicEntityPersister.php:942
C:\Users\roche\Documents\RochesWebStudio\Projet_OnlyRoll\OnlyRoll\backend\vendor\doctrine\orm\src\EntityRepository.php:110
C:\Users\roche\Documents\RochesWebStudio\Projet_OnlyRoll\OnlyRoll\backend\vendor\doctrine\doctrine-bundle\src\Repository\ServiceEntityRepositoryProxy.php:73
C:\Users\roche\Documents\RochesWebStudio\Projet_OnlyRoll\OnlyRoll\backend\vendor\doctrine\orm\src\EntityRepository.php:96
C:\Users\roche\Documents\RochesWebStudio\Projet_OnlyRoll\OnlyRoll\backend\tests\Functional\Controller\GameControllerTest.php:502
C:\Users\roche\Documents\RochesWebStudio\Projet_OnlyRoll\OnlyRoll\backend\tests\Functional\Controller\GameControllerTest.php:33</error>
        </testcase>
        <testcase name="testJoinByCodeWithoutInviteCode" file="C:\Users\roche\Documents\RochesWebStudio\Projet_OnlyRoll\OnlyRoll\backend\tests\Functional\Controller\GameControllerTest.php" line="310" class="App\Tests\Functional\Controller\GameControllerTest" classname="App.Tests.Functional.Controller.GameControllerTest" assertions="0" time="0.000000">
          <error type="Doctrine\DBAL\Exception\ConnectionException">App\Tests\Functional\Controller\GameControllerTest::testJoinByCodeWithoutInviteCode&#13;
Doctrine\DBAL\Exception\ConnectionException: An exception occurred in the driver: SQLSTATE[HY000] [1045] Accès refusé pour l'utilisateur: 'root'@'@localhost' (mot de passe: OUI)
&#13;
C:\Users\roche\Documents\RochesWebStudio\Projet_OnlyRoll\OnlyRoll\backend\vendor\doctrine\dbal\src\Driver\API\MySQL\ExceptionConverter.php:112
C:\Users\roche\Documents\RochesWebStudio\Projet_OnlyRoll\OnlyRoll\backend\vendor\doctrine\dbal\src\Connection.php:1976
C:\Users\roche\Documents\RochesWebStudio\Projet_OnlyRoll\OnlyRoll\backend\vendor\doctrine\dbal\src\Connection.php:1924
C:\Users\roche\Documents\RochesWebStudio\Projet_OnlyRoll\OnlyRoll\backend\vendor\doctrine\dbal\src\Connection.php:385
C:\Users\roche\Documents\RochesWebStudio\Projet_OnlyRoll\OnlyRoll\backend\vendor\doctrine\dbal\src\Connection.php:1692
C:\Users\roche\Documents\RochesWebStudio\Projet_OnlyRoll\OnlyRoll\backend\vendor\doctrine\dbal\src\Connection.php:1087
C:\Users\roche\Documents\RochesWebStudio\Projet_OnlyRoll\OnlyRoll\backend\vendor\doctrine\orm\src\Persisters\Entity\BasicEntityPersister.php:942
C:\Users\roche\Documents\RochesWebStudio\Projet_OnlyRoll\OnlyRoll\backend\vendor\doctrine\orm\src\EntityRepository.php:110
C:\Users\roche\Documents\RochesWebStudio\Projet_OnlyRoll\OnlyRoll\backend\vendor\doctrine\doctrine-bundle\src\Repository\ServiceEntityRepositoryProxy.php:73
C:\Users\roche\Documents\RochesWebStudio\Projet_OnlyRoll\OnlyRoll\backend\vendor\doctrine\orm\src\EntityRepository.php:96
C:\Users\roche\Documents\RochesWebStudio\Projet_OnlyRoll\OnlyRoll\backend\tests\Functional\Controller\GameControllerTest.php:502
C:\Users\roche\Documents\RochesWebStudio\Projet_OnlyRoll\OnlyRoll\backend\tests\Functional\Controller\GameControllerTest.php:33</error>
        </testcase>
        <testcase name="testJoinPublicGame" file="C:\Users\roche\Documents\RochesWebStudio\Projet_OnlyRoll\OnlyRoll\backend\tests\Functional\Controller\GameControllerTest.php" line="325" class="App\Tests\Functional\Controller\GameControllerTest" classname="App.Tests.Functional.Controller.GameControllerTest" assertions="0" time="0.000000">
          <error type="Doctrine\DBAL\Exception\ConnectionException">App\Tests\Functional\Controller\GameControllerTest::testJoinPublicGame&#13;
Doctrine\DBAL\Exception\ConnectionException: An exception occurred in the driver: SQLSTATE[HY000] [1045] Accès refusé pour l'utilisateur: 'root'@'@localhost' (mot de passe: OUI)
&#13;
C:\Users\roche\Documents\RochesWebStudio\Projet_OnlyRoll\OnlyRoll\backend\vendor\doctrine\dbal\src\Driver\API\MySQL\ExceptionConverter.php:112
C:\Users\roche\Documents\RochesWebStudio\Projet_OnlyRoll\OnlyRoll\backend\vendor\doctrine\dbal\src\Connection.php:1976
C:\Users\roche\Documents\RochesWebStudio\Projet_OnlyRoll\OnlyRoll\backend\vendor\doctrine\dbal\src\Connection.php:1924
C:\Users\roche\Documents\RochesWebStudio\Projet_OnlyRoll\OnlyRoll\backend\vendor\doctrine\dbal\src\Connection.php:385
C:\Users\roche\Documents\RochesWebStudio\Projet_OnlyRoll\OnlyRoll\backend\vendor\doctrine\dbal\src\Connection.php:1692
C:\Users\roche\Documents\RochesWebStudio\Projet_OnlyRoll\OnlyRoll\backend\vendor\doctrine\dbal\src\Connection.php:1087
C:\Users\roche\Documents\RochesWebStudio\Projet_OnlyRoll\OnlyRoll\backend\vendor\doctrine\orm\src\Persisters\Entity\BasicEntityPersister.php:942
C:\Users\roche\Documents\RochesWebStudio\Projet_OnlyRoll\OnlyRoll\backend\vendor\doctrine\orm\src\EntityRepository.php:110
C:\Users\roche\Documents\RochesWebStudio\Projet_OnlyRoll\OnlyRoll\backend\vendor\doctrine\doctrine-bundle\src\Repository\ServiceEntityRepositoryProxy.php:73
C:\Users\roche\Documents\RochesWebStudio\Projet_OnlyRoll\OnlyRoll\backend\vendor\doctrine\orm\src\EntityRepository.php:96
C:\Users\roche\Documents\RochesWebStudio\Projet_OnlyRoll\OnlyRoll\backend\tests\Functional\Controller\GameControllerTest.php:502
C:\Users\roche\Documents\RochesWebStudio\Projet_OnlyRoll\OnlyRoll\backend\tests\Functional\Controller\GameControllerTest.php:33</error>
        </testcase>
        <testcase name="testJoinPrivateGameWithCorrectPassword" file="C:\Users\roche\Documents\RochesWebStudio\Projet_OnlyRoll\OnlyRoll\backend\tests\Functional\Controller\GameControllerTest.php" line="337" class="App\Tests\Functional\Controller\GameControllerTest" classname="App.Tests.Functional.Controller.GameControllerTest" assertions="0" time="0.000000">
          <error type="Doctrine\DBAL\Exception\ConnectionException">App\Tests\Functional\Controller\GameControllerTest::testJoinPrivateGameWithCorrectPassword&#13;
Doctrine\DBAL\Exception\ConnectionException: An exception occurred in the driver: SQLSTATE[HY000] [1045] Accès refusé pour l'utilisateur: 'root'@'@localhost' (mot de passe: OUI)
&#13;
C:\Users\roche\Documents\RochesWebStudio\Projet_OnlyRoll\OnlyRoll\backend\vendor\doctrine\dbal\src\Driver\API\MySQL\ExceptionConverter.php:112
C:\Users\roche\Documents\RochesWebStudio\Projet_OnlyRoll\OnlyRoll\backend\vendor\doctrine\dbal\src\Connection.php:1976
C:\Users\roche\Documents\RochesWebStudio\Projet_OnlyRoll\OnlyRoll\backend\vendor\doctrine\dbal\src\Connection.php:1924
C:\Users\roche\Documents\RochesWebStudio\Projet_OnlyRoll\OnlyRoll\backend\vendor\doctrine\dbal\src\Connection.php:385
C:\Users\roche\Documents\RochesWebStudio\Projet_OnlyRoll\OnlyRoll\backend\vendor\doctrine\dbal\src\Connection.php:1692
C:\Users\roche\Documents\RochesWebStudio\Projet_OnlyRoll\OnlyRoll\backend\vendor\doctrine\dbal\src\Connection.php:1087
C:\Users\roche\Documents\RochesWebStudio\Projet_OnlyRoll\OnlyRoll\backend\vendor\doctrine\orm\src\Persisters\Entity\BasicEntityPersister.php:942
C:\Users\roche\Documents\RochesWebStudio\Projet_OnlyRoll\OnlyRoll\backend\vendor\doctrine\orm\src\EntityRepository.php:110
C:\Users\roche\Documents\RochesWebStudio\Projet_OnlyRoll\OnlyRoll\backend\vendor\doctrine\doctrine-bundle\src\Repository\ServiceEntityRepositoryProxy.php:73
C:\Users\roche\Documents\RochesWebStudio\Projet_OnlyRoll\OnlyRoll\backend\vendor\doctrine\orm\src\EntityRepository.php:96
C:\Users\roche\Documents\RochesWebStudio\Projet_OnlyRoll\OnlyRoll\backend\tests\Functional\Controller\GameControllerTest.php:502
C:\Users\roche\Documents\RochesWebStudio\Projet_OnlyRoll\OnlyRoll\backend\tests\Functional\Controller\GameControllerTest.php:33</error>
        </testcase>
        <testcase name="testJoinPrivateGameWithIncorrectPassword" file="C:\Users\roche\Documents\RochesWebStudio\Projet_OnlyRoll\OnlyRoll\backend\tests\Functional\Controller\GameControllerTest.php" line="351" class="App\Tests\Functional\Controller\GameControllerTest" classname="App.Tests.Functional.Controller.GameControllerTest" assertions="0" time="0.000000">
          <error type="Doctrine\DBAL\Exception\ConnectionException">App\Tests\Functional\Controller\GameControllerTest::testJoinPrivateGameWithIncorrectPassword&#13;
Doctrine\DBAL\Exception\ConnectionException: An exception occurred in the driver: SQLSTATE[HY000] [1045] Accès refusé pour l'utilisateur: 'root'@'@localhost' (mot de passe: OUI)
&#13;
C:\Users\roche\Documents\RochesWebStudio\Projet_OnlyRoll\OnlyRoll\backend\vendor\doctrine\dbal\src\Driver\API\MySQL\ExceptionConverter.php:112
C:\Users\roche\Documents\RochesWebStudio\Projet_OnlyRoll\OnlyRoll\backend\vendor\doctrine\dbal\src\Connection.php:1976
C:\Users\roche\Documents\RochesWebStudio\Projet_OnlyRoll\OnlyRoll\backend\vendor\doctrine\dbal\src\Connection.php:1924
C:\Users\roche\Documents\RochesWebStudio\Projet_OnlyRoll\OnlyRoll\backend\vendor\doctrine\dbal\src\Connection.php:385
C:\Users\roche\Documents\RochesWebStudio\Projet_OnlyRoll\OnlyRoll\backend\vendor\doctrine\dbal\src\Connection.php:1692
C:\Users\roche\Documents\RochesWebStudio\Projet_OnlyRoll\OnlyRoll\backend\vendor\doctrine\dbal\src\Connection.php:1087
C:\Users\roche\Documents\RochesWebStudio\Projet_OnlyRoll\OnlyRoll\backend\vendor\doctrine\orm\src\Persisters\Entity\BasicEntityPersister.php:942
C:\Users\roche\Documents\RochesWebStudio\Projet_OnlyRoll\OnlyRoll\backend\vendor\doctrine\orm\src\EntityRepository.php:110
C:\Users\roche\Documents\RochesWebStudio\Projet_OnlyRoll\OnlyRoll\backend\vendor\doctrine\doctrine-bundle\src\Repository\ServiceEntityRepositoryProxy.php:73
C:\Users\roche\Documents\RochesWebStudio\Projet_OnlyRoll\OnlyRoll\backend\vendor\doctrine\orm\src\EntityRepository.php:96
C:\Users\roche\Documents\RochesWebStudio\Projet_OnlyRoll\OnlyRoll\backend\tests\Functional\Controller\GameControllerTest.php:502
C:\Users\roche\Documents\RochesWebStudio\Projet_OnlyRoll\OnlyRoll\backend\tests\Functional\Controller\GameControllerTest.php:33</error>
        </testcase>
        <testcase name="testLeaveGame" file="C:\Users\roche\Documents\RochesWebStudio\Projet_OnlyRoll\OnlyRoll\backend\tests\Functional\Controller\GameControllerTest.php" line="367" class="App\Tests\Functional\Controller\GameControllerTest" classname="App.Tests.Functional.Controller.GameControllerTest" assertions="0" time="0.000000">
          <error type="Doctrine\DBAL\Exception\ConnectionException">App\Tests\Functional\Controller\GameControllerTest::testLeaveGame&#13;
Doctrine\DBAL\Exception\ConnectionException: An exception occurred in the driver: SQLSTATE[HY000] [1045] Accès refusé pour l'utilisateur: 'root'@'@localhost' (mot de passe: OUI)
&#13;
C:\Users\roche\Documents\RochesWebStudio\Projet_OnlyRoll\OnlyRoll\backend\vendor\doctrine\dbal\src\Driver\API\MySQL\ExceptionConverter.php:112
C:\Users\roche\Documents\RochesWebStudio\Projet_OnlyRoll\OnlyRoll\backend\vendor\doctrine\dbal\src\Connection.php:1976
C:\Users\roche\Documents\RochesWebStudio\Projet_OnlyRoll\OnlyRoll\backend\vendor\doctrine\dbal\src\Connection.php:1924
C:\Users\roche\Documents\RochesWebStudio\Projet_OnlyRoll\OnlyRoll\backend\vendor\doctrine\dbal\src\Connection.php:385
C:\Users\roche\Documents\RochesWebStudio\Projet_OnlyRoll\OnlyRoll\backend\vendor\doctrine\dbal\src\Connection.php:1692
C:\Users\roche\Documents\RochesWebStudio\Projet_OnlyRoll\OnlyRoll\backend\vendor\doctrine\dbal\src\Connection.php:1087
C:\Users\roche\Documents\RochesWebStudio\Projet_OnlyRoll\OnlyRoll\backend\vendor\doctrine\orm\src\Persisters\Entity\BasicEntityPersister.php:942
C:\Users\roche\Documents\RochesWebStudio\Projet_OnlyRoll\OnlyRoll\backend\vendor\doctrine\orm\src\EntityRepository.php:110
C:\Users\roche\Documents\RochesWebStudio\Projet_OnlyRoll\OnlyRoll\backend\vendor\doctrine\doctrine-bundle\src\Repository\ServiceEntityRepositoryProxy.php:73
C:\Users\roche\Documents\RochesWebStudio\Projet_OnlyRoll\OnlyRoll\backend\vendor\doctrine\orm\src\EntityRepository.php:96
C:\Users\roche\Documents\RochesWebStudio\Projet_OnlyRoll\OnlyRoll\backend\tests\Functional\Controller\GameControllerTest.php:502
C:\Users\roche\Documents\RochesWebStudio\Projet_OnlyRoll\OnlyRoll\backend\tests\Functional\Controller\GameControllerTest.php:33</error>
        </testcase>
        <testcase name="testLeaveGameReturnsNotFoundForInvalidId" file="C:\Users\roche\Documents\RochesWebStudio\Projet_OnlyRoll\OnlyRoll\backend\tests\Functional\Controller\GameControllerTest.php" line="381" class="App\Tests\Functional\Controller\GameControllerTest" classname="App.Tests.Functional.Controller.GameControllerTest" assertions="0" time="0.000000">
          <error type="Doctrine\DBAL\Exception\ConnectionException">App\Tests\Functional\Controller\GameControllerTest::testLeaveGameReturnsNotFoundForInvalidId&#13;
Doctrine\DBAL\Exception\ConnectionException: An exception occurred in the driver: SQLSTATE[HY000] [1045] Accès refusé pour l'utilisateur: 'root'@'@localhost' (mot de passe: OUI)
&#13;
C:\Users\roche\Documents\RochesWebStudio\Projet_OnlyRoll\OnlyRoll\backend\vendor\doctrine\dbal\src\Driver\API\MySQL\ExceptionConverter.php:112
C:\Users\roche\Documents\RochesWebStudio\Projet_OnlyRoll\OnlyRoll\backend\vendor\doctrine\dbal\src\Connection.php:1976
C:\Users\roche\Documents\RochesWebStudio\Projet_OnlyRoll\OnlyRoll\backend\vendor\doctrine\dbal\src\Connection.php:1924
C:\Users\roche\Documents\RochesWebStudio\Projet_OnlyRoll\OnlyRoll\backend\vendor\doctrine\dbal\src\Connection.php:385
C:\Users\roche\Documents\RochesWebStudio\Projet_OnlyRoll\OnlyRoll\backend\vendor\doctrine\dbal\src\Connection.php:1692
C:\Users\roche\Documents\RochesWebStudio\Projet_OnlyRoll\OnlyRoll\backend\vendor\doctrine\dbal\src\Connection.php:1087
C:\Users\roche\Documents\RochesWebStudio\Projet_OnlyRoll\OnlyRoll\backend\vendor\doctrine\orm\src\Persisters\Entity\BasicEntityPersister.php:942
C:\Users\roche\Documents\RochesWebStudio\Projet_OnlyRoll\OnlyRoll\backend\vendor\doctrine\orm\src\EntityRepository.php:110
C:\Users\roche\Documents\RochesWebStudio\Projet_OnlyRoll\OnlyRoll\backend\vendor\doctrine\doctrine-bundle\src\Repository\ServiceEntityRepositoryProxy.php:73
C:\Users\roche\Documents\RochesWebStudio\Projet_OnlyRoll\OnlyRoll\backend\vendor\doctrine\orm\src\EntityRepository.php:96
C:\Users\roche\Documents\RochesWebStudio\Projet_OnlyRoll\OnlyRoll\backend\tests\Functional\Controller\GameControllerTest.php:502
C:\Users\roche\Documents\RochesWebStudio\Projet_OnlyRoll\OnlyRoll\backend\tests\Functional\Controller\GameControllerTest.php:33</error>
        </testcase>
        <testcase name="testDeleteGameAsGameMaster" file="C:\Users\roche\Documents\RochesWebStudio\Projet_OnlyRoll\OnlyRoll\backend\tests\Functional\Controller\GameControllerTest.php" line="391" class="App\Tests\Functional\Controller\GameControllerTest" classname="App.Tests.Functional.Controller.GameControllerTest" assertions="0" time="0.000000">
          <error type="Doctrine\DBAL\Exception\ConnectionException">App\Tests\Functional\Controller\GameControllerTest::testDeleteGameAsGameMaster&#13;
Doctrine\DBAL\Exception\ConnectionException: An exception occurred in the driver: SQLSTATE[HY000] [1045] Accès refusé pour l'utilisateur: 'root'@'@localhost' (mot de passe: OUI)
&#13;
C:\Users\roche\Documents\RochesWebStudio\Projet_OnlyRoll\OnlyRoll\backend\vendor\doctrine\dbal\src\Driver\API\MySQL\ExceptionConverter.php:112
C:\Users\roche\Documents\RochesWebStudio\Projet_OnlyRoll\OnlyRoll\backend\vendor\doctrine\dbal\src\Connection.php:1976
C:\Users\roche\Documents\RochesWebStudio\Projet_OnlyRoll\OnlyRoll\backend\vendor\doctrine\dbal\src\Connection.php:1924
C:\Users\roche\Documents\RochesWebStudio\Projet_OnlyRoll\OnlyRoll\backend\vendor\doctrine\dbal\src\Connection.php:385
C:\Users\roche\Documents\RochesWebStudio\Projet_OnlyRoll\OnlyRoll\backend\vendor\doctrine\dbal\src\Connection.php:1692
C:\Users\roche\Documents\RochesWebStudio\Projet_OnlyRoll\OnlyRoll\backend\vendor\doctrine\dbal\src\Connection.php:1087
C:\Users\roche\Documents\RochesWebStudio\Projet_OnlyRoll\OnlyRoll\backend\vendor\doctrine\orm\src\Persisters\Entity\BasicEntityPersister.php:942
C:\Users\roche\Documents\RochesWebStudio\Projet_OnlyRoll\OnlyRoll\backend\vendor\doctrine\orm\src\EntityRepository.php:110
C:\Users\roche\Documents\RochesWebStudio\Projet_OnlyRoll\OnlyRoll\backend\vendor\doctrine\doctrine-bundle\src\Repository\ServiceEntityRepositoryProxy.php:73
C:\Users\roche\Documents\RochesWebStudio\Projet_OnlyRoll\OnlyRoll\backend\vendor\doctrine\orm\src\EntityRepository.php:96
C:\Users\roche\Documents\RochesWebStudio\Projet_OnlyRoll\OnlyRoll\backend\tests\Functional\Controller\GameControllerTest.php:502
C:\Users\roche\Documents\RochesWebStudio\Projet_OnlyRoll\OnlyRoll\backend\tests\Functional\Controller\GameControllerTest.php:33</error>
        </testcase>
        <testcase name="testDeleteGameAsNonGameMasterReturnsForbidden" file="C:\Users\roche\Documents\RochesWebStudio\Projet_OnlyRoll\OnlyRoll\backend\tests\Functional\Controller\GameControllerTest.php" line="404" class="App\Tests\Functional\Controller\GameControllerTest" classname="App.Tests.Functional.Controller.GameControllerTest" assertions="0" time="0.000000">
          <error type="Doctrine\DBAL\Exception\ConnectionException">App\Tests\Functional\Controller\GameControllerTest::testDeleteGameAsNonGameMasterReturnsForbidden&#13;
Doctrine\DBAL\Exception\ConnectionException: An exception occurred in the driver: SQLSTATE[HY000] [1045] Accès refusé pour l'utilisateur: 'root'@'@localhost' (mot de passe: OUI)
&#13;
C:\Users\roche\Documents\RochesWebStudio\Projet_OnlyRoll\OnlyRoll\backend\vendor\doctrine\dbal\src\Driver\API\MySQL\ExceptionConverter.php:112
C:\Users\roche\Documents\RochesWebStudio\Projet_OnlyRoll\OnlyRoll\backend\vendor\doctrine\dbal\src\Connection.php:1976
C:\Users\roche\Documents\RochesWebStudio\Projet_OnlyRoll\OnlyRoll\backend\vendor\doctrine\dbal\src\Connection.php:1924
C:\Users\roche\Documents\RochesWebStudio\Projet_OnlyRoll\OnlyRoll\backend\vendor\doctrine\dbal\src\Connection.php:385
C:\Users\roche\Documents\RochesWebStudio\Projet_OnlyRoll\OnlyRoll\backend\vendor\doctrine\dbal\src\Connection.php:1692
C:\Users\roche\Documents\RochesWebStudio\Projet_OnlyRoll\OnlyRoll\backend\vendor\doctrine\dbal\src\Connection.php:1087
C:\Users\roche\Documents\RochesWebStudio\Projet_OnlyRoll\OnlyRoll\backend\vendor\doctrine\orm\src\Persisters\Entity\BasicEntityPersister.php:942
C:\Users\roche\Documents\RochesWebStudio\Projet_OnlyRoll\OnlyRoll\backend\vendor\doctrine\orm\src\EntityRepository.php:110
C:\Users\roche\Documents\RochesWebStudio\Projet_OnlyRoll\OnlyRoll\backend\vendor\doctrine\doctrine-bundle\src\Repository\ServiceEntityRepositoryProxy.php:73
C:\Users\roche\Documents\RochesWebStudio\Projet_OnlyRoll\OnlyRoll\backend\vendor\doctrine\orm\src\EntityRepository.php:96
C:\Users\roche\Documents\RochesWebStudio\Projet_OnlyRoll\OnlyRoll\backend\tests\Functional\Controller\GameControllerTest.php:502
C:\Users\roche\Documents\RochesWebStudio\Projet_OnlyRoll\OnlyRoll\backend\tests\Functional\Controller\GameControllerTest.php:33</error>
        </testcase>
        <testcase name="testDeleteGameReturnsNotFoundForInvalidId" file="C:\Users\roche\Documents\RochesWebStudio\Projet_OnlyRoll\OnlyRoll\backend\tests\Functional\Controller\GameControllerTest.php" line="414" class="App\Tests\Functional\Controller\GameControllerTest" classname="App.Tests.Functional.Controller.GameControllerTest" assertions="0" time="0.000000">
          <error type="Doctrine\DBAL\Exception\ConnectionException">App\Tests\Functional\Controller\GameControllerTest::testDeleteGameReturnsNotFoundForInvalidId&#13;
Doctrine\DBAL\Exception\ConnectionException: An exception occurred in the driver: SQLSTATE[HY000] [1045] Accès refusé pour l'utilisateur: 'root'@'@localhost' (mot de passe: OUI)
&#13;
C:\Users\roche\Documents\RochesWebStudio\Projet_OnlyRoll\OnlyRoll\backend\vendor\doctrine\dbal\src\Driver\API\MySQL\ExceptionConverter.php:112
C:\Users\roche\Documents\RochesWebStudio\Projet_OnlyRoll\OnlyRoll\backend\vendor\doctrine\dbal\src\Connection.php:1976
C:\Users\roche\Documents\RochesWebStudio\Projet_OnlyRoll\OnlyRoll\backend\vendor\doctrine\dbal\src\Connection.php:1924
C:\Users\roche\Documents\RochesWebStudio\Projet_OnlyRoll\OnlyRoll\backend\vendor\doctrine\dbal\src\Connection.php:385
C:\Users\roche\Documents\RochesWebStudio\Projet_OnlyRoll\OnlyRoll\backend\vendor\doctrine\dbal\src\Connection.php:1692
C:\Users\roche\Documents\RochesWebStudio\Projet_OnlyRoll\OnlyRoll\backend\vendor\doctrine\dbal\src\Connection.php:1087
C:\Users\roche\Documents\RochesWebStudio\Projet_OnlyRoll\OnlyRoll\backend\vendor\doctrine\orm\src\Persisters\Entity\BasicEntityPersister.php:942
C:\Users\roche\Documents\RochesWebStudio\Projet_OnlyRoll\OnlyRoll\backend\vendor\doctrine\orm\src\EntityRepository.php:110
C:\Users\roche\Documents\RochesWebStudio\Projet_OnlyRoll\OnlyRoll\backend\vendor\doctrine\doctrine-bundle\src\Repository\ServiceEntityRepositoryProxy.php:73
C:\Users\roche\Documents\RochesWebStudio\Projet_OnlyRoll\OnlyRoll\backend\vendor\doctrine\orm\src\EntityRepository.php:96
C:\Users\roche\Documents\RochesWebStudio\Projet_OnlyRoll\OnlyRoll\backend\tests\Functional\Controller\GameControllerTest.php:502
C:\Users\roche\Documents\RochesWebStudio\Projet_OnlyRoll\OnlyRoll\backend\tests\Functional\Controller\GameControllerTest.php:33</error>
        </testcase>
      </testsuite>
      <testsuite name="App\Tests\Functional\Controller\MapControllerTest" file="C:\Users\roche\Documents\RochesWebStudio\Projet_OnlyRoll\OnlyRoll\backend\tests\Functional\Controller\MapControllerTest.php" tests="17" assertions="0" errors="17" failures="0" skipped="0" time="0.000000">
        <testcase name="testListMapsWithoutAuthentication" file="C:\Users\roche\Documents\RochesWebStudio\Projet_OnlyRoll\OnlyRoll\backend\tests\Functional\Controller\MapControllerTest.php" line="79" class="App\Tests\Functional\Controller\MapControllerTest" classname="App.Tests.Functional.Controller.MapControllerTest" assertions="0" time="0.000000">
          <error type="Doctrine\DBAL\Exception\ConnectionException">App\Tests\Functional\Controller\MapControllerTest::testListMapsWithoutAuthentication&#13;
Doctrine\DBAL\Exception\ConnectionException: An exception occurred in the driver: SQLSTATE[HY000] [1045] Accès refusé pour l'utilisateur: 'root'@'@localhost' (mot de passe: OUI)
&#13;
C:\Users\roche\Documents\RochesWebStudio\Projet_OnlyRoll\OnlyRoll\backend\vendor\doctrine\dbal\src\Driver\API\MySQL\ExceptionConverter.php:112
C:\Users\roche\Documents\RochesWebStudio\Projet_OnlyRoll\OnlyRoll\backend\vendor\doctrine\dbal\src\Connection.php:1976
C:\Users\roche\Documents\RochesWebStudio\Projet_OnlyRoll\OnlyRoll\backend\vendor\doctrine\dbal\src\Connection.php:1924
C:\Users\roche\Documents\RochesWebStudio\Projet_OnlyRoll\OnlyRoll\backend\vendor\doctrine\dbal\src\Connection.php:385
C:\Users\roche\Documents\RochesWebStudio\Projet_OnlyRoll\OnlyRoll\backend\vendor\doctrine\dbal\src\Connection.php:1692
C:\Users\roche\Documents\RochesWebStudio\Projet_OnlyRoll\OnlyRoll\backend\vendor\doctrine\dbal\src\Connection.php:1195
C:\Users\roche\Documents\RochesWebStudio\Projet_OnlyRoll\OnlyRoll\backend\tests\Functional\Controller\MapControllerTest.php:35</error>
        </testcase>
        <testcase name="testListMapsForNonExistentGame" file="C:\Users\roche\Documents\RochesWebStudio\Projet_OnlyRoll\OnlyRoll\backend\tests\Functional\Controller\MapControllerTest.php" line="85" class="App\Tests\Functional\Controller\MapControllerTest" classname="App.Tests.Functional.Controller.MapControllerTest" assertions="0" time="0.000000">
          <error type="Doctrine\DBAL\Exception\ConnectionException">App\Tests\Functional\Controller\MapControllerTest::testListMapsForNonExistentGame&#13;
Doctrine\DBAL\Exception\ConnectionException: An exception occurred in the driver: SQLSTATE[HY000] [1045] Accès refusé pour l'utilisateur: 'root'@'@localhost' (mot de passe: OUI)
&#13;
C:\Users\roche\Documents\RochesWebStudio\Projet_OnlyRoll\OnlyRoll\backend\vendor\doctrine\dbal\src\Driver\API\MySQL\ExceptionConverter.php:112
C:\Users\roche\Documents\RochesWebStudio\Projet_OnlyRoll\OnlyRoll\backend\vendor\doctrine\dbal\src\Connection.php:1976
C:\Users\roche\Documents\RochesWebStudio\Projet_OnlyRoll\OnlyRoll\backend\vendor\doctrine\dbal\src\Connection.php:1924
C:\Users\roche\Documents\RochesWebStudio\Projet_OnlyRoll\OnlyRoll\backend\vendor\doctrine\dbal\src\Connection.php:385
C:\Users\roche\Documents\RochesWebStudio\Projet_OnlyRoll\OnlyRoll\backend\vendor\doctrine\dbal\src\Connection.php:1692
C:\Users\roche\Documents\RochesWebStudio\Projet_OnlyRoll\OnlyRoll\backend\vendor\doctrine\dbal\src\Connection.php:1195
C:\Users\roche\Documents\RochesWebStudio\Projet_OnlyRoll\OnlyRoll\backend\tests\Functional\Controller\MapControllerTest.php:35</error>
        </testcase>
        <testcase name="testListMapsSuccess" file="C:\Users\roche\Documents\RochesWebStudio\Projet_OnlyRoll\OnlyRoll\backend\tests\Functional\Controller\MapControllerTest.php" line="92" class="App\Tests\Functional\Controller\MapControllerTest" classname="App.Tests.Functional.Controller.MapControllerTest" assertions="0" time="0.000000">
          <error type="Doctrine\DBAL\Exception\ConnectionException">App\Tests\Functional\Controller\MapControllerTest::testListMapsSuccess&#13;
Doctrine\DBAL\Exception\ConnectionException: An exception occurred in the driver: SQLSTATE[HY000] [1045] Accès refusé pour l'utilisateur: 'root'@'@localhost' (mot de passe: OUI)
&#13;
C:\Users\roche\Documents\RochesWebStudio\Projet_OnlyRoll\OnlyRoll\backend\vendor\doctrine\dbal\src\Driver\API\MySQL\ExceptionConverter.php:112
C:\Users\roche\Documents\RochesWebStudio\Projet_OnlyRoll\OnlyRoll\backend\vendor\doctrine\dbal\src\Connection.php:1976
C:\Users\roche\Documents\RochesWebStudio\Projet_OnlyRoll\OnlyRoll\backend\vendor\doctrine\dbal\src\Connection.php:1924
C:\Users\roche\Documents\RochesWebStudio\Projet_OnlyRoll\OnlyRoll\backend\vendor\doctrine\dbal\src\Connection.php:385
C:\Users\roche\Documents\RochesWebStudio\Projet_OnlyRoll\OnlyRoll\backend\vendor\doctrine\dbal\src\Connection.php:1692
C:\Users\roche\Documents\RochesWebStudio\Projet_OnlyRoll\OnlyRoll\backend\vendor\doctrine\dbal\src\Connection.php:1195
C:\Users\roche\Documents\RochesWebStudio\Projet_OnlyRoll\OnlyRoll\backend\tests\Functional\Controller\MapControllerTest.php:35</error>
        </testcase>
        <testcase name="testGetActiveMapWhenNoActiveMap" file="C:\Users\roche\Documents\RochesWebStudio\Projet_OnlyRoll\OnlyRoll\backend\tests\Functional\Controller\MapControllerTest.php" line="118" class="App\Tests\Functional\Controller\MapControllerTest" classname="App.Tests.Functional.Controller.MapControllerTest" assertions="0" time="0.000000">
          <error type="Doctrine\DBAL\Exception\ConnectionException">App\Tests\Functional\Controller\MapControllerTest::testGetActiveMapWhenNoActiveMap&#13;
Doctrine\DBAL\Exception\ConnectionException: An exception occurred in the driver: SQLSTATE[HY000] [1045] Accès refusé pour l'utilisateur: 'root'@'@localhost' (mot de passe: OUI)
&#13;
C:\Users\roche\Documents\RochesWebStudio\Projet_OnlyRoll\OnlyRoll\backend\vendor\doctrine\dbal\src\Driver\API\MySQL\ExceptionConverter.php:112
C:\Users\roche\Documents\RochesWebStudio\Projet_OnlyRoll\OnlyRoll\backend\vendor\doctrine\dbal\src\Connection.php:1976
C:\Users\roche\Documents\RochesWebStudio\Projet_OnlyRoll\OnlyRoll\backend\vendor\doctrine\dbal\src\Connection.php:1924
C:\Users\roche\Documents\RochesWebStudio\Projet_OnlyRoll\OnlyRoll\backend\vendor\doctrine\dbal\src\Connection.php:385
C:\Users\roche\Documents\RochesWebStudio\Projet_OnlyRoll\OnlyRoll\backend\vendor\doctrine\dbal\src\Connection.php:1692
C:\Users\roche\Documents\RochesWebStudio\Projet_OnlyRoll\OnlyRoll\backend\vendor\doctrine\dbal\src\Connection.php:1195
C:\Users\roche\Documents\RochesWebStudio\Projet_OnlyRoll\OnlyRoll\backend\tests\Functional\Controller\MapControllerTest.php:35</error>
        </testcase>
        <testcase name="testGetActiveMapSuccess" file="C:\Users\roche\Documents\RochesWebStudio\Projet_OnlyRoll\OnlyRoll\backend\tests\Functional\Controller\MapControllerTest.php" line="125" class="App\Tests\Functional\Controller\MapControllerTest" classname="App.Tests.Functional.Controller.MapControllerTest" assertions="0" time="0.000000">
          <error type="Doctrine\DBAL\Exception\ConnectionException">App\Tests\Functional\Controller\MapControllerTest::testGetActiveMapSuccess&#13;
Doctrine\DBAL\Exception\ConnectionException: An exception occurred in the driver: SQLSTATE[HY000] [1045] Accès refusé pour l'utilisateur: 'root'@'@localhost' (mot de passe: OUI)
&#13;
C:\Users\roche\Documents\RochesWebStudio\Projet_OnlyRoll\OnlyRoll\backend\vendor\doctrine\dbal\src\Driver\API\MySQL\ExceptionConverter.php:112
C:\Users\roche\Documents\RochesWebStudio\Projet_OnlyRoll\OnlyRoll\backend\vendor\doctrine\dbal\src\Connection.php:1976
C:\Users\roche\Documents\RochesWebStudio\Projet_OnlyRoll\OnlyRoll\backend\vendor\doctrine\dbal\src\Connection.php:1924
C:\Users\roche\Documents\RochesWebStudio\Projet_OnlyRoll\OnlyRoll\backend\vendor\doctrine\dbal\src\Connection.php:385
C:\Users\roche\Documents\RochesWebStudio\Projet_OnlyRoll\OnlyRoll\backend\vendor\doctrine\dbal\src\Connection.php:1692
C:\Users\roche\Documents\RochesWebStudio\Projet_OnlyRoll\OnlyRoll\backend\vendor\doctrine\dbal\src\Connection.php:1195
C:\Users\roche\Documents\RochesWebStudio\Projet_OnlyRoll\OnlyRoll\backend\tests\Functional\Controller\MapControllerTest.php:35</error>
        </testcase>
        <testcase name="testShowMapSuccess" file="C:\Users\roche\Documents\RochesWebStudio\Projet_OnlyRoll\OnlyRoll\backend\tests\Functional\Controller\MapControllerTest.php" line="146" class="App\Tests\Functional\Controller\MapControllerTest" classname="App.Tests.Functional.Controller.MapControllerTest" assertions="0" time="0.000000">
          <error type="Doctrine\DBAL\Exception\ConnectionException">App\Tests\Functional\Controller\MapControllerTest::testShowMapSuccess&#13;
Doctrine\DBAL\Exception\ConnectionException: An exception occurred in the driver: SQLSTATE[HY000] [1045] Accès refusé pour l'utilisateur: 'root'@'@localhost' (mot de passe: OUI)
&#13;
C:\Users\roche\Documents\RochesWebStudio\Projet_OnlyRoll\OnlyRoll\backend\vendor\doctrine\dbal\src\Driver\API\MySQL\ExceptionConverter.php:112
C:\Users\roche\Documents\RochesWebStudio\Projet_OnlyRoll\OnlyRoll\backend\vendor\doctrine\dbal\src\Connection.php:1976
C:\Users\roche\Documents\RochesWebStudio\Projet_OnlyRoll\OnlyRoll\backend\vendor\doctrine\dbal\src\Connection.php:1924
C:\Users\roche\Documents\RochesWebStudio\Projet_OnlyRoll\OnlyRoll\backend\vendor\doctrine\dbal\src\Connection.php:385
C:\Users\roche\Documents\RochesWebStudio\Projet_OnlyRoll\OnlyRoll\backend\vendor\doctrine\dbal\src\Connection.php:1692
C:\Users\roche\Documents\RochesWebStudio\Projet_OnlyRoll\OnlyRoll\backend\vendor\doctrine\dbal\src\Connection.php:1195
C:\Users\roche\Documents\RochesWebStudio\Projet_OnlyRoll\OnlyRoll\backend\tests\Functional\Controller\MapControllerTest.php:35</error>
        </testcase>
        <testcase name="testShowMapNotFound" file="C:\Users\roche\Documents\RochesWebStudio\Projet_OnlyRoll\OnlyRoll\backend\tests\Functional\Controller\MapControllerTest.php" line="164" class="App\Tests\Functional\Controller\MapControllerTest" classname="App.Tests.Functional.Controller.MapControllerTest" assertions="0" time="0.000000">
          <error type="Doctrine\DBAL\Exception\ConnectionException">App\Tests\Functional\Controller\MapControllerTest::testShowMapNotFound&#13;
Doctrine\DBAL\Exception\ConnectionException: An exception occurred in the driver: SQLSTATE[HY000] [1045] Accès refusé pour l'utilisateur: 'root'@'@localhost' (mot de passe: OUI)
&#13;
C:\Users\roche\Documents\RochesWebStudio\Projet_OnlyRoll\OnlyRoll\backend\vendor\doctrine\dbal\src\Driver\API\MySQL\ExceptionConverter.php:112
C:\Users\roche\Documents\RochesWebStudio\Projet_OnlyRoll\OnlyRoll\backend\vendor\doctrine\dbal\src\Connection.php:1976
C:\Users\roche\Documents\RochesWebStudio\Projet_OnlyRoll\OnlyRoll\backend\vendor\doctrine\dbal\src\Connection.php:1924
C:\Users\roche\Documents\RochesWebStudio\Projet_OnlyRoll\OnlyRoll\backend\vendor\doctrine\dbal\src\Connection.php:385
C:\Users\roche\Documents\RochesWebStudio\Projet_OnlyRoll\OnlyRoll\backend\vendor\doctrine\dbal\src\Connection.php:1692
C:\Users\roche\Documents\RochesWebStudio\Projet_OnlyRoll\OnlyRoll\backend\vendor\doctrine\dbal\src\Connection.php:1195
C:\Users\roche\Documents\RochesWebStudio\Projet_OnlyRoll\OnlyRoll\backend\tests\Functional\Controller\MapControllerTest.php:35</error>
        </testcase>
        <testcase name="testCreateMapAsPlayerForbidden" file="C:\Users\roche\Documents\RochesWebStudio\Projet_OnlyRoll\OnlyRoll\backend\tests\Functional\Controller\MapControllerTest.php" line="171" class="App\Tests\Functional\Controller\MapControllerTest" classname="App.Tests.Functional.Controller.MapControllerTest" assertions="0" time="0.000000">
          <error type="Doctrine\DBAL\Exception\ConnectionException">App\Tests\Functional\Controller\MapControllerTest::testCreateMapAsPlayerForbidden&#13;
Doctrine\DBAL\Exception\ConnectionException: An exception occurred in the driver: SQLSTATE[HY000] [1045] Accès refusé pour l'utilisateur: 'root'@'@localhost' (mot de passe: OUI)
&#13;
C:\Users\roche\Documents\RochesWebStudio\Projet_OnlyRoll\OnlyRoll\backend\vendor\doctrine\dbal\src\Driver\API\MySQL\ExceptionConverter.php:112
C:\Users\roche\Documents\RochesWebStudio\Projet_OnlyRoll\OnlyRoll\backend\vendor\doctrine\dbal\src\Connection.php:1976
C:\Users\roche\Documents\RochesWebStudio\Projet_OnlyRoll\OnlyRoll\backend\vendor\doctrine\dbal\src\Connection.php:1924
C:\Users\roche\Documents\RochesWebStudio\Projet_OnlyRoll\OnlyRoll\backend\vendor\doctrine\dbal\src\Connection.php:385
C:\Users\roche\Documents\RochesWebStudio\Projet_OnlyRoll\OnlyRoll\backend\vendor\doctrine\dbal\src\Connection.php:1692
C:\Users\roche\Documents\RochesWebStudio\Projet_OnlyRoll\OnlyRoll\backend\vendor\doctrine\dbal\src\Connection.php:1195
C:\Users\roche\Documents\RochesWebStudio\Projet_OnlyRoll\OnlyRoll\backend\tests\Functional\Controller\MapControllerTest.php:35</error>
        </testcase>
        <testcase name="testCreateMapAsGameMasterSuccess" file="C:\Users\roche\Documents\RochesWebStudio\Projet_OnlyRoll\OnlyRoll\backend\tests\Functional\Controller\MapControllerTest.php" line="190" class="App\Tests\Functional\Controller\MapControllerTest" classname="App.Tests.Functional.Controller.MapControllerTest" assertions="0" time="0.000000">
          <error type="Doctrine\DBAL\Exception\ConnectionException">App\Tests\Functional\Controller\MapControllerTest::testCreateMapAsGameMasterSuccess&#13;
Doctrine\DBAL\Exception\ConnectionException: An exception occurred in the driver: SQLSTATE[HY000] [1045] Accès refusé pour l'utilisateur: 'root'@'@localhost' (mot de passe: OUI)
&#13;
C:\Users\roche\Documents\RochesWebStudio\Projet_OnlyRoll\OnlyRoll\backend\vendor\doctrine\dbal\src\Driver\API\MySQL\ExceptionConverter.php:112
C:\Users\roche\Documents\RochesWebStudio\Projet_OnlyRoll\OnlyRoll\backend\vendor\doctrine\dbal\src\Connection.php:1976
C:\Users\roche\Documents\RochesWebStudio\Projet_OnlyRoll\OnlyRoll\backend\vendor\doctrine\dbal\src\Connection.php:1924
C:\Users\roche\Documents\RochesWebStudio\Projet_OnlyRoll\OnlyRoll\backend\vendor\doctrine\dbal\src\Connection.php:385
C:\Users\roche\Documents\RochesWebStudio\Projet_OnlyRoll\OnlyRoll\backend\vendor\doctrine\dbal\src\Connection.php:1692
C:\Users\roche\Documents\RochesWebStudio\Projet_OnlyRoll\OnlyRoll\backend\vendor\doctrine\dbal\src\Connection.php:1195
C:\Users\roche\Documents\RochesWebStudio\Projet_OnlyRoll\OnlyRoll\backend\tests\Functional\Controller\MapControllerTest.php:35</error>
        </testcase>
        <testcase name="testCreateMapWithInvalidData" file="C:\Users\roche\Documents\RochesWebStudio\Projet_OnlyRoll\OnlyRoll\backend\tests\Functional\Controller\MapControllerTest.php" line="216" class="App\Tests\Functional\Controller\MapControllerTest" classname="App.Tests.Functional.Controller.MapControllerTest" assertions="0" time="0.000000">
          <error type="Doctrine\DBAL\Exception\ConnectionException">App\Tests\Functional\Controller\MapControllerTest::testCreateMapWithInvalidData&#13;
Doctrine\DBAL\Exception\ConnectionException: An exception occurred in the driver: SQLSTATE[HY000] [1045] Accès refusé pour l'utilisateur: 'root'@'@localhost' (mot de passe: OUI)
&#13;
C:\Users\roche\Documents\RochesWebStudio\Projet_OnlyRoll\OnlyRoll\backend\vendor\doctrine\dbal\src\Driver\API\MySQL\ExceptionConverter.php:112
C:\Users\roche\Documents\RochesWebStudio\Projet_OnlyRoll\OnlyRoll\backend\vendor\doctrine\dbal\src\Connection.php:1976
C:\Users\roche\Documents\RochesWebStudio\Projet_OnlyRoll\OnlyRoll\backend\vendor\doctrine\dbal\src\Connection.php:1924
C:\Users\roche\Documents\RochesWebStudio\Projet_OnlyRoll\OnlyRoll\backend\vendor\doctrine\dbal\src\Connection.php:385
C:\Users\roche\Documents\RochesWebStudio\Projet_OnlyRoll\OnlyRoll\backend\vendor\doctrine\dbal\src\Connection.php:1692
C:\Users\roche\Documents\RochesWebStudio\Projet_OnlyRoll\OnlyRoll\backend\vendor\doctrine\dbal\src\Connection.php:1195
C:\Users\roche\Documents\RochesWebStudio\Projet_OnlyRoll\OnlyRoll\backend\tests\Functional\Controller\MapControllerTest.php:35</error>
        </testcase>
        <testcase name="testUpdateMapAsGameMasterSuccess" file="C:\Users\roche\Documents\RochesWebStudio\Projet_OnlyRoll\OnlyRoll\backend\tests\Functional\Controller\MapControllerTest.php" line="235" class="App\Tests\Functional\Controller\MapControllerTest" classname="App.Tests.Functional.Controller.MapControllerTest" assertions="0" time="0.000000">
          <error type="Doctrine\DBAL\Exception\ConnectionException">App\Tests\Functional\Controller\MapControllerTest::testUpdateMapAsGameMasterSuccess&#13;
Doctrine\DBAL\Exception\ConnectionException: An exception occurred in the driver: SQLSTATE[HY000] [1045] Accès refusé pour l'utilisateur: 'root'@'@localhost' (mot de passe: OUI)
&#13;
C:\Users\roche\Documents\RochesWebStudio\Projet_OnlyRoll\OnlyRoll\backend\vendor\doctrine\dbal\src\Driver\API\MySQL\ExceptionConverter.php:112
C:\Users\roche\Documents\RochesWebStudio\Projet_OnlyRoll\OnlyRoll\backend\vendor\doctrine\dbal\src\Connection.php:1976
C:\Users\roche\Documents\RochesWebStudio\Projet_OnlyRoll\OnlyRoll\backend\vendor\doctrine\dbal\src\Connection.php:1924
C:\Users\roche\Documents\RochesWebStudio\Projet_OnlyRoll\OnlyRoll\backend\vendor\doctrine\dbal\src\Connection.php:385
C:\Users\roche\Documents\RochesWebStudio\Projet_OnlyRoll\OnlyRoll\backend\vendor\doctrine\dbal\src\Connection.php:1692
C:\Users\roche\Documents\RochesWebStudio\Projet_OnlyRoll\OnlyRoll\backend\vendor\doctrine\dbal\src\Connection.php:1195
C:\Users\roche\Documents\RochesWebStudio\Projet_OnlyRoll\OnlyRoll\backend\tests\Functional\Controller\MapControllerTest.php:35</error>
        </testcase>
        <testcase name="testUpdateMapAsPlayerForbidden" file="C:\Users\roche\Documents\RochesWebStudio\Projet_OnlyRoll\OnlyRoll\backend\tests\Functional\Controller\MapControllerTest.php" line="263" class="App\Tests\Functional\Controller\MapControllerTest" classname="App.Tests.Functional.Controller.MapControllerTest" assertions="0" time="0.000000">
          <error type="Doctrine\DBAL\Exception\ConnectionException">App\Tests\Functional\Controller\MapControllerTest::testUpdateMapAsPlayerForbidden&#13;
Doctrine\DBAL\Exception\ConnectionException: An exception occurred in the driver: SQLSTATE[HY000] [1045] Accès refusé pour l'utilisateur: 'root'@'@localhost' (mot de passe: OUI)
&#13;
C:\Users\roche\Documents\RochesWebStudio\Projet_OnlyRoll\OnlyRoll\backend\vendor\doctrine\dbal\src\Driver\API\MySQL\ExceptionConverter.php:112
C:\Users\roche\Documents\RochesWebStudio\Projet_OnlyRoll\OnlyRoll\backend\vendor\doctrine\dbal\src\Connection.php:1976
C:\Users\roche\Documents\RochesWebStudio\Projet_OnlyRoll\OnlyRoll\backend\vendor\doctrine\dbal\src\Connection.php:1924
C:\Users\roche\Documents\RochesWebStudio\Projet_OnlyRoll\OnlyRoll\backend\vendor\doctrine\dbal\src\Connection.php:385
C:\Users\roche\Documents\RochesWebStudio\Projet_OnlyRoll\OnlyRoll\backend\vendor\doctrine\dbal\src\Connection.php:1692
C:\Users\roche\Documents\RochesWebStudio\Projet_OnlyRoll\OnlyRoll\backend\vendor\doctrine\dbal\src\Connection.php:1195
C:\Users\roche\Documents\RochesWebStudio\Projet_OnlyRoll\OnlyRoll\backend\tests\Functional\Controller\MapControllerTest.php:35</error>
        </testcase>
        <testcase name="testActivateMapSuccess" file="C:\Users\roche\Documents\RochesWebStudio\Projet_OnlyRoll\OnlyRoll\backend\tests\Functional\Controller\MapControllerTest.php" line="286" class="App\Tests\Functional\Controller\MapControllerTest" classname="App.Tests.Functional.Controller.MapControllerTest" assertions="0" time="0.000000">
          <error type="Doctrine\DBAL\Exception\ConnectionException">App\Tests\Functional\Controller\MapControllerTest::testActivateMapSuccess&#13;
Doctrine\DBAL\Exception\ConnectionException: An exception occurred in the driver: SQLSTATE[HY000] [1045] Accès refusé pour l'utilisateur: 'root'@'@localhost' (mot de passe: OUI)
&#13;
C:\Users\roche\Documents\RochesWebStudio\Projet_OnlyRoll\OnlyRoll\backend\vendor\doctrine\dbal\src\Driver\API\MySQL\ExceptionConverter.php:112
C:\Users\roche\Documents\RochesWebStudio\Projet_OnlyRoll\OnlyRoll\backend\vendor\doctrine\dbal\src\Connection.php:1976
C:\Users\roche\Documents\RochesWebStudio\Projet_OnlyRoll\OnlyRoll\backend\vendor\doctrine\dbal\src\Connection.php:1924
C:\Users\roche\Documents\RochesWebStudio\Projet_OnlyRoll\OnlyRoll\backend\vendor\doctrine\dbal\src\Connection.php:385
C:\Users\roche\Documents\RochesWebStudio\Projet_OnlyRoll\OnlyRoll\backend\vendor\doctrine\dbal\src\Connection.php:1692
C:\Users\roche\Documents\RochesWebStudio\Projet_OnlyRoll\OnlyRoll\backend\vendor\doctrine\dbal\src\Connection.php:1195
C:\Users\roche\Documents\RochesWebStudio\Projet_OnlyRoll\OnlyRoll\backend\tests\Functional\Controller\MapControllerTest.php:35</error>
        </testcase>
        <testcase name="testActivateMapAsPlayerForbidden" file="C:\Users\roche\Documents\RochesWebStudio\Projet_OnlyRoll\OnlyRoll\backend\tests\Functional\Controller\MapControllerTest.php" line="321" class="App\Tests\Functional\Controller\MapControllerTest" classname="App.Tests.Functional.Controller.MapControllerTest" assertions="0" time="0.000000">
          <error type="Doctrine\DBAL\Exception\ConnectionException">App\Tests\Functional\Controller\MapControllerTest::testActivateMapAsPlayerForbidden&#13;
Doctrine\DBAL\Exception\ConnectionException: An exception occurred in the driver: SQLSTATE[HY000] [1045] Accès refusé pour l'utilisateur: 'root'@'@localhost' (mot de passe: OUI)
&#13;
C:\Users\roche\Documents\RochesWebStudio\Projet_OnlyRoll\OnlyRoll\backend\vendor\doctrine\dbal\src\Driver\API\MySQL\ExceptionConverter.php:112
C:\Users\roche\Documents\RochesWebStudio\Projet_OnlyRoll\OnlyRoll\backend\vendor\doctrine\dbal\src\Connection.php:1976
C:\Users\roche\Documents\RochesWebStudio\Projet_OnlyRoll\OnlyRoll\backend\vendor\doctrine\dbal\src\Connection.php:1924
C:\Users\roche\Documents\RochesWebStudio\Projet_OnlyRoll\OnlyRoll\backend\vendor\doctrine\dbal\src\Connection.php:385
C:\Users\roche\Documents\RochesWebStudio\Projet_OnlyRoll\OnlyRoll\backend\vendor\doctrine\dbal\src\Connection.php:1692
C:\Users\roche\Documents\RochesWebStudio\Projet_OnlyRoll\OnlyRoll\backend\vendor\doctrine\dbal\src\Connection.php:1195
C:\Users\roche\Documents\RochesWebStudio\Projet_OnlyRoll\OnlyRoll\backend\tests\Functional\Controller\MapControllerTest.php:35</error>
        </testcase>
        <testcase name="testDeleteMapSuccess" file="C:\Users\roche\Documents\RochesWebStudio\Projet_OnlyRoll\OnlyRoll\backend\tests\Functional\Controller\MapControllerTest.php" line="340" class="App\Tests\Functional\Controller\MapControllerTest" classname="App.Tests.Functional.Controller.MapControllerTest" assertions="0" time="0.000000">
          <error type="Doctrine\DBAL\Exception\ConnectionException">App\Tests\Functional\Controller\MapControllerTest::testDeleteMapSuccess&#13;
Doctrine\DBAL\Exception\ConnectionException: An exception occurred in the driver: SQLSTATE[HY000] [1045] Accès refusé pour l'utilisateur: 'root'@'@localhost' (mot de passe: OUI)
&#13;
C:\Users\roche\Documents\RochesWebStudio\Projet_OnlyRoll\OnlyRoll\backend\vendor\doctrine\dbal\src\Driver\API\MySQL\ExceptionConverter.php:112
C:\Users\roche\Documents\RochesWebStudio\Projet_OnlyRoll\OnlyRoll\backend\vendor\doctrine\dbal\src\Connection.php:1976
C:\Users\roche\Documents\RochesWebStudio\Projet_OnlyRoll\OnlyRoll\backend\vendor\doctrine\dbal\src\Connection.php:1924
C:\Users\roche\Documents\RochesWebStudio\Projet_OnlyRoll\OnlyRoll\backend\vendor\doctrine\dbal\src\Connection.php:385
C:\Users\roche\Documents\RochesWebStudio\Projet_OnlyRoll\OnlyRoll\backend\vendor\doctrine\dbal\src\Connection.php:1692
C:\Users\roche\Documents\RochesWebStudio\Projet_OnlyRoll\OnlyRoll\backend\vendor\doctrine\dbal\src\Connection.php:1195
C:\Users\roche\Documents\RochesWebStudio\Projet_OnlyRoll\OnlyRoll\backend\tests\Functional\Controller\MapControllerTest.php:35</error>
        </testcase>
        <testcase name="testDeleteMapAsPlayerForbidden" file="C:\Users\roche\Documents\RochesWebStudio\Projet_OnlyRoll\OnlyRoll\backend\tests\Functional\Controller\MapControllerTest.php" line="365" class="App\Tests\Functional\Controller\MapControllerTest" classname="App.Tests.Functional.Controller.MapControllerTest" assertions="0" time="0.000000">
          <error type="Doctrine\DBAL\Exception\ConnectionException">App\Tests\Functional\Controller\MapControllerTest::testDeleteMapAsPlayerForbidden&#13;
Doctrine\DBAL\Exception\ConnectionException: An exception occurred in the driver: SQLSTATE[HY000] [1045] Accès refusé pour l'utilisateur: 'root'@'@localhost' (mot de passe: OUI)
&#13;
C:\Users\roche\Documents\RochesWebStudio\Projet_OnlyRoll\OnlyRoll\backend\vendor\doctrine\dbal\src\Driver\API\MySQL\ExceptionConverter.php:112
C:\Users\roche\Documents\RochesWebStudio\Projet_OnlyRoll\OnlyRoll\backend\vendor\doctrine\dbal\src\Connection.php:1976
C:\Users\roche\Documents\RochesWebStudio\Projet_OnlyRoll\OnlyRoll\backend\vendor\doctrine\dbal\src\Connection.php:1924
C:\Users\roche\Documents\RochesWebStudio\Projet_OnlyRoll\OnlyRoll\backend\vendor\doctrine\dbal\src\Connection.php:385
C:\Users\roche\Documents\RochesWebStudio\Projet_OnlyRoll\OnlyRoll\backend\vendor\doctrine\dbal\src\Connection.php:1692
C:\Users\roche\Documents\RochesWebStudio\Projet_OnlyRoll\OnlyRoll\backend\vendor\doctrine\dbal\src\Connection.php:1195
C:\Users\roche\Documents\RochesWebStudio\Projet_OnlyRoll\OnlyRoll\backend\tests\Functional\Controller\MapControllerTest.php:35</error>
        </testcase>
        <testcase name="testMapBelongsToCorrectGame" file="C:\Users\roche\Documents\RochesWebStudio\Projet_OnlyRoll\OnlyRoll\backend\tests\Functional\Controller\MapControllerTest.php" line="384" class="App\Tests\Functional\Controller\MapControllerTest" classname="App.Tests.Functional.Controller.MapControllerTest" assertions="0" time="0.000000">
          <error type="Doctrine\DBAL\Exception\ConnectionException">App\Tests\Functional\Controller\MapControllerTest::testMapBelongsToCorrectGame&#13;
Doctrine\DBAL\Exception\ConnectionException: An exception occurred in the driver: SQLSTATE[HY000] [1045] Accès refusé pour l'utilisateur: 'root'@'@localhost' (mot de passe: OUI)
&#13;
C:\Users\roche\Documents\RochesWebStudio\Projet_OnlyRoll\OnlyRoll\backend\vendor\doctrine\dbal\src\Driver\API\MySQL\ExceptionConverter.php:112
C:\Users\roche\Documents\RochesWebStudio\Projet_OnlyRoll\OnlyRoll\backend\vendor\doctrine\dbal\src\Connection.php:1976
C:\Users\roche\Documents\RochesWebStudio\Projet_OnlyRoll\OnlyRoll\backend\vendor\doctrine\dbal\src\Connection.php:1924
C:\Users\roche\Documents\RochesWebStudio\Projet_OnlyRoll\OnlyRoll\backend\vendor\doctrine\dbal\src\Connection.php:385
C:\Users\roche\Documents\RochesWebStudio\Projet_OnlyRoll\OnlyRoll\backend\vendor\doctrine\dbal\src\Connection.php:1692
C:\Users\roche\Documents\RochesWebStudio\Projet_OnlyRoll\OnlyRoll\backend\vendor\doctrine\dbal\src\Connection.php:1195
C:\Users\roche\Documents\RochesWebStudio\Projet_OnlyRoll\OnlyRoll\backend\tests\Functional\Controller\MapControllerTest.php:35</error>
        </testcase>
      </testsuite>
      <testsuite name="App\Tests\Functional\Controller\TokenControllerTest" file="C:\Users\roche\Documents\RochesWebStudio\Projet_OnlyRoll\OnlyRoll\backend\tests\Functional\Controller\TokenControllerTest.php" tests="20" assertions="0" errors="20" failures="0" skipped="0" time="0.000000">
        <testcase name="testListTokensWithoutAuthentication" file="C:\Users\roche\Documents\RochesWebStudio\Projet_OnlyRoll\OnlyRoll\backend\tests\Functional\Controller\TokenControllerTest.php" line="79" class="App\Tests\Functional\Controller\TokenControllerTest" classname="App.Tests.Functional.Controller.TokenControllerTest" assertions="0" time="0.000000">
          <error type="Doctrine\DBAL\Exception\ConnectionException">App\Tests\Functional\Controller\TokenControllerTest::testListTokensWithoutAuthentication&#13;
Doctrine\DBAL\Exception\ConnectionException: An exception occurred in the driver: SQLSTATE[HY000] [1045] Accès refusé pour l'utilisateur: 'root'@'@localhost' (mot de passe: OUI)
&#13;
C:\Users\roche\Documents\RochesWebStudio\Projet_OnlyRoll\OnlyRoll\backend\vendor\doctrine\dbal\src\Driver\API\MySQL\ExceptionConverter.php:112
C:\Users\roche\Documents\RochesWebStudio\Projet_OnlyRoll\OnlyRoll\backend\vendor\doctrine\dbal\src\Connection.php:1976
C:\Users\roche\Documents\RochesWebStudio\Projet_OnlyRoll\OnlyRoll\backend\vendor\doctrine\dbal\src\Connection.php:1924
C:\Users\roche\Documents\RochesWebStudio\Projet_OnlyRoll\OnlyRoll\backend\vendor\doctrine\dbal\src\Connection.php:385
C:\Users\roche\Documents\RochesWebStudio\Projet_OnlyRoll\OnlyRoll\backend\vendor\doctrine\dbal\src\Connection.php:1692
C:\Users\roche\Documents\RochesWebStudio\Projet_OnlyRoll\OnlyRoll\backend\vendor\doctrine\dbal\src\Connection.php:1380
C:\Users\roche\Documents\RochesWebStudio\Projet_OnlyRoll\OnlyRoll\backend\vendor\doctrine\orm\src\UnitOfWork.php:381
C:\Users\roche\Documents\RochesWebStudio\Projet_OnlyRoll\OnlyRoll\backend\vendor\doctrine\orm\src\EntityManager.php:268
C:\Users\roche\Documents\RochesWebStudio\Projet_OnlyRoll\OnlyRoll\backend\tests\Functional\Controller\TokenControllerTest.php:70</error>
        </testcase>
        <testcase name="testListTokensForNonExistentGame" file="C:\Users\roche\Documents\RochesWebStudio\Projet_OnlyRoll\OnlyRoll\backend\tests\Functional\Controller\TokenControllerTest.php" line="85" class="App\Tests\Functional\Controller\TokenControllerTest" classname="App.Tests.Functional.Controller.TokenControllerTest" assertions="0" time="0.000000">
          <error type="Doctrine\DBAL\Exception\ConnectionException">App\Tests\Functional\Controller\TokenControllerTest::testListTokensForNonExistentGame&#13;
Doctrine\DBAL\Exception\ConnectionException: An exception occurred in the driver: SQLSTATE[HY000] [1045] Accès refusé pour l'utilisateur: 'root'@'@localhost' (mot de passe: OUI)
&#13;
C:\Users\roche\Documents\RochesWebStudio\Projet_OnlyRoll\OnlyRoll\backend\vendor\doctrine\dbal\src\Driver\API\MySQL\ExceptionConverter.php:112
C:\Users\roche\Documents\RochesWebStudio\Projet_OnlyRoll\OnlyRoll\backend\vendor\doctrine\dbal\src\Connection.php:1976
C:\Users\roche\Documents\RochesWebStudio\Projet_OnlyRoll\OnlyRoll\backend\vendor\doctrine\dbal\src\Connection.php:1924
C:\Users\roche\Documents\RochesWebStudio\Projet_OnlyRoll\OnlyRoll\backend\vendor\doctrine\dbal\src\Connection.php:385
C:\Users\roche\Documents\RochesWebStudio\Projet_OnlyRoll\OnlyRoll\backend\vendor\doctrine\dbal\src\Connection.php:1692
C:\Users\roche\Documents\RochesWebStudio\Projet_OnlyRoll\OnlyRoll\backend\vendor\doctrine\dbal\src\Connection.php:1380
C:\Users\roche\Documents\RochesWebStudio\Projet_OnlyRoll\OnlyRoll\backend\vendor\doctrine\orm\src\UnitOfWork.php:381
C:\Users\roche\Documents\RochesWebStudio\Projet_OnlyRoll\OnlyRoll\backend\vendor\doctrine\orm\src\EntityManager.php:268
C:\Users\roche\Documents\RochesWebStudio\Projet_OnlyRoll\OnlyRoll\backend\tests\Functional\Controller\TokenControllerTest.php:70</error>
        </testcase>
        <testcase name="testListTokensSuccess" file="C:\Users\roche\Documents\RochesWebStudio\Projet_OnlyRoll\OnlyRoll\backend\tests\Functional\Controller\TokenControllerTest.php" line="92" class="App\Tests\Functional\Controller\TokenControllerTest" classname="App.Tests.Functional.Controller.TokenControllerTest" assertions="0" time="0.000000">
          <error type="Doctrine\DBAL\Exception\ConnectionException">App\Tests\Functional\Controller\TokenControllerTest::testListTokensSuccess&#13;
Doctrine\DBAL\Exception\ConnectionException: An exception occurred in the driver: SQLSTATE[HY000] [1045] Accès refusé pour l'utilisateur: 'root'@'@localhost' (mot de passe: OUI)
&#13;
C:\Users\roche\Documents\RochesWebStudio\Projet_OnlyRoll\OnlyRoll\backend\vendor\doctrine\dbal\src\Driver\API\MySQL\ExceptionConverter.php:112
C:\Users\roche\Documents\RochesWebStudio\Projet_OnlyRoll\OnlyRoll\backend\vendor\doctrine\dbal\src\Connection.php:1976
C:\Users\roche\Documents\RochesWebStudio\Projet_OnlyRoll\OnlyRoll\backend\vendor\doctrine\dbal\src\Connection.php:1924
C:\Users\roche\Documents\RochesWebStudio\Projet_OnlyRoll\OnlyRoll\backend\vendor\doctrine\dbal\src\Connection.php:385
C:\Users\roche\Documents\RochesWebStudio\Projet_OnlyRoll\OnlyRoll\backend\vendor\doctrine\dbal\src\Connection.php:1692
C:\Users\roche\Documents\RochesWebStudio\Projet_OnlyRoll\OnlyRoll\backend\vendor\doctrine\dbal\src\Connection.php:1380
C:\Users\roche\Documents\RochesWebStudio\Projet_OnlyRoll\OnlyRoll\backend\vendor\doctrine\orm\src\UnitOfWork.php:381
C:\Users\roche\Documents\RochesWebStudio\Projet_OnlyRoll\OnlyRoll\backend\vendor\doctrine\orm\src\EntityManager.php:268
C:\Users\roche\Documents\RochesWebStudio\Projet_OnlyRoll\OnlyRoll\backend\tests\Functional\Controller\TokenControllerTest.php:70</error>
        </testcase>
        <testcase name="testListTokensPlayerSeesOnlyVisible" file="C:\Users\roche\Documents\RochesWebStudio\Projet_OnlyRoll\OnlyRoll\backend\tests\Functional\Controller\TokenControllerTest.php" line="105" class="App\Tests\Functional\Controller\TokenControllerTest" classname="App.Tests.Functional.Controller.TokenControllerTest" assertions="0" time="0.000000">
          <error type="Doctrine\DBAL\Exception\ConnectionException">App\Tests\Functional\Controller\TokenControllerTest::testListTokensPlayerSeesOnlyVisible&#13;
Doctrine\DBAL\Exception\ConnectionException: An exception occurred in the driver: SQLSTATE[HY000] [1045] Accès refusé pour l'utilisateur: 'root'@'@localhost' (mot de passe: OUI)
&#13;
C:\Users\roche\Documents\RochesWebStudio\Projet_OnlyRoll\OnlyRoll\backend\vendor\doctrine\dbal\src\Driver\API\MySQL\ExceptionConverter.php:112
C:\Users\roche\Documents\RochesWebStudio\Projet_OnlyRoll\OnlyRoll\backend\vendor\doctrine\dbal\src\Connection.php:1976
C:\Users\roche\Documents\RochesWebStudio\Projet_OnlyRoll\OnlyRoll\backend\vendor\doctrine\dbal\src\Connection.php:1924
C:\Users\roche\Documents\RochesWebStudio\Projet_OnlyRoll\OnlyRoll\backend\vendor\doctrine\dbal\src\Connection.php:385
C:\Users\roche\Documents\RochesWebStudio\Projet_OnlyRoll\OnlyRoll\backend\vendor\doctrine\dbal\src\Connection.php:1692
C:\Users\roche\Documents\RochesWebStudio\Projet_OnlyRoll\OnlyRoll\backend\vendor\doctrine\dbal\src\Connection.php:1380
C:\Users\roche\Documents\RochesWebStudio\Projet_OnlyRoll\OnlyRoll\backend\vendor\doctrine\orm\src\UnitOfWork.php:381
C:\Users\roche\Documents\RochesWebStudio\Projet_OnlyRoll\OnlyRoll\backend\vendor\doctrine\orm\src\EntityManager.php:268
C:\Users\roche\Documents\RochesWebStudio\Projet_OnlyRoll\OnlyRoll\backend\tests\Functional\Controller\TokenControllerTest.php:70</error>
        </testcase>
        <testcase name="testListTokensGameMasterSeesAll" file="C:\Users\roche\Documents\RochesWebStudio\Projet_OnlyRoll\OnlyRoll\backend\tests\Functional\Controller\TokenControllerTest.php" line="119" class="App\Tests\Functional\Controller\TokenControllerTest" classname="App.Tests.Functional.Controller.TokenControllerTest" assertions="0" time="0.000000">
          <error type="Doctrine\DBAL\Exception\ConnectionException">App\Tests\Functional\Controller\TokenControllerTest::testListTokensGameMasterSeesAll&#13;
Doctrine\DBAL\Exception\ConnectionException: An exception occurred in the driver: SQLSTATE[HY000] [1045] Accès refusé pour l'utilisateur: 'root'@'@localhost' (mot de passe: OUI)
&#13;
C:\Users\roche\Documents\RochesWebStudio\Projet_OnlyRoll\OnlyRoll\backend\vendor\doctrine\dbal\src\Driver\API\MySQL\ExceptionConverter.php:112
C:\Users\roche\Documents\RochesWebStudio\Projet_OnlyRoll\OnlyRoll\backend\vendor\doctrine\dbal\src\Connection.php:1976
C:\Users\roche\Documents\RochesWebStudio\Projet_OnlyRoll\OnlyRoll\backend\vendor\doctrine\dbal\src\Connection.php:1924
C:\Users\roche\Documents\RochesWebStudio\Projet_OnlyRoll\OnlyRoll\backend\vendor\doctrine\dbal\src\Connection.php:385
C:\Users\roche\Documents\RochesWebStudio\Projet_OnlyRoll\OnlyRoll\backend\vendor\doctrine\dbal\src\Connection.php:1692
C:\Users\roche\Documents\RochesWebStudio\Projet_OnlyRoll\OnlyRoll\backend\vendor\doctrine\dbal\src\Connection.php:1380
C:\Users\roche\Documents\RochesWebStudio\Projet_OnlyRoll\OnlyRoll\backend\vendor\doctrine\orm\src\UnitOfWork.php:381
C:\Users\roche\Documents\RochesWebStudio\Projet_OnlyRoll\OnlyRoll\backend\vendor\doctrine\orm\src\EntityManager.php:268
C:\Users\roche\Documents\RochesWebStudio\Projet_OnlyRoll\OnlyRoll\backend\tests\Functional\Controller\TokenControllerTest.php:70</error>
        </testcase>
        <testcase name="testShowTokenSuccess" file="C:\Users\roche\Documents\RochesWebStudio\Projet_OnlyRoll\OnlyRoll\backend\tests\Functional\Controller\TokenControllerTest.php" line="132" class="App\Tests\Functional\Controller\TokenControllerTest" classname="App.Tests.Functional.Controller.TokenControllerTest" assertions="0" time="0.000000">
          <error type="Doctrine\DBAL\Exception\ConnectionException">App\Tests\Functional\Controller\TokenControllerTest::testShowTokenSuccess&#13;
Doctrine\DBAL\Exception\ConnectionException: An exception occurred in the driver: SQLSTATE[HY000] [1045] Accès refusé pour l'utilisateur: 'root'@'@localhost' (mot de passe: OUI)
&#13;
C:\Users\roche\Documents\RochesWebStudio\Projet_OnlyRoll\OnlyRoll\backend\vendor\doctrine\dbal\src\Driver\API\MySQL\ExceptionConverter.php:112
C:\Users\roche\Documents\RochesWebStudio\Projet_OnlyRoll\OnlyRoll\backend\vendor\doctrine\dbal\src\Connection.php:1976
C:\Users\roche\Documents\RochesWebStudio\Projet_OnlyRoll\OnlyRoll\backend\vendor\doctrine\dbal\src\Connection.php:1924
C:\Users\roche\Documents\RochesWebStudio\Projet_OnlyRoll\OnlyRoll\backend\vendor\doctrine\dbal\src\Connection.php:385
C:\Users\roche\Documents\RochesWebStudio\Projet_OnlyRoll\OnlyRoll\backend\vendor\doctrine\dbal\src\Connection.php:1692
C:\Users\roche\Documents\RochesWebStudio\Projet_OnlyRoll\OnlyRoll\backend\vendor\doctrine\dbal\src\Connection.php:1380
C:\Users\roche\Documents\RochesWebStudio\Projet_OnlyRoll\OnlyRoll\backend\vendor\doctrine\orm\src\UnitOfWork.php:381
C:\Users\roche\Documents\RochesWebStudio\Projet_OnlyRoll\OnlyRoll\backend\vendor\doctrine\orm\src\EntityManager.php:268
C:\Users\roche\Documents\RochesWebStudio\Projet_OnlyRoll\OnlyRoll\backend\tests\Functional\Controller\TokenControllerTest.php:70</error>
        </testcase>
        <testcase name="testShowHiddenTokenAsPlayerForbidden" file="C:\Users\roche\Documents\RochesWebStudio\Projet_OnlyRoll\OnlyRoll\backend\tests\Functional\Controller\TokenControllerTest.php" line="144" class="App\Tests\Functional\Controller\TokenControllerTest" classname="App.Tests.Functional.Controller.TokenControllerTest" assertions="0" time="0.000000">
          <error type="Doctrine\DBAL\Exception\ConnectionException">App\Tests\Functional\Controller\TokenControllerTest::testShowHiddenTokenAsPlayerForbidden&#13;
Doctrine\DBAL\Exception\ConnectionException: An exception occurred in the driver: SQLSTATE[HY000] [1045] Accès refusé pour l'utilisateur: 'root'@'@localhost' (mot de passe: OUI)
&#13;
C:\Users\roche\Documents\RochesWebStudio\Projet_OnlyRoll\OnlyRoll\backend\vendor\doctrine\dbal\src\Driver\API\MySQL\ExceptionConverter.php:112
C:\Users\roche\Documents\RochesWebStudio\Projet_OnlyRoll\OnlyRoll\backend\vendor\doctrine\dbal\src\Connection.php:1976
C:\Users\roche\Documents\RochesWebStudio\Projet_OnlyRoll\OnlyRoll\backend\vendor\doctrine\dbal\src\Connection.php:1924
C:\Users\roche\Documents\RochesWebStudio\Projet_OnlyRoll\OnlyRoll\backend\vendor\doctrine\dbal\src\Connection.php:385
C:\Users\roche\Documents\RochesWebStudio\Projet_OnlyRoll\OnlyRoll\backend\vendor\doctrine\dbal\src\Connection.php:1692
C:\Users\roche\Documents\RochesWebStudio\Projet_OnlyRoll\OnlyRoll\backend\vendor\doctrine\dbal\src\Connection.php:1380
C:\Users\roche\Documents\RochesWebStudio\Projet_OnlyRoll\OnlyRoll\backend\vendor\doctrine\orm\src\UnitOfWork.php:381
C:\Users\roche\Documents\RochesWebStudio\Projet_OnlyRoll\OnlyRoll\backend\vendor\doctrine\orm\src\EntityManager.php:268
C:\Users\roche\Documents\RochesWebStudio\Projet_OnlyRoll\OnlyRoll\backend\tests\Functional\Controller\TokenControllerTest.php:70</error>
        </testcase>
        <testcase name="testShowHiddenTokenAsGameMasterSuccess" file="C:\Users\roche\Documents\RochesWebStudio\Projet_OnlyRoll\OnlyRoll\backend\tests\Functional\Controller\TokenControllerTest.php" line="154" class="App\Tests\Functional\Controller\TokenControllerTest" classname="App.Tests.Functional.Controller.TokenControllerTest" assertions="0" time="0.000000">
          <error type="Doctrine\DBAL\Exception\ConnectionException">App\Tests\Functional\Controller\TokenControllerTest::testShowHiddenTokenAsGameMasterSuccess&#13;
Doctrine\DBAL\Exception\ConnectionException: An exception occurred in the driver: SQLSTATE[HY000] [1045] Accès refusé pour l'utilisateur: 'root'@'@localhost' (mot de passe: OUI)
&#13;
C:\Users\roche\Documents\RochesWebStudio\Projet_OnlyRoll\OnlyRoll\backend\vendor\doctrine\dbal\src\Driver\API\MySQL\ExceptionConverter.php:112
C:\Users\roche\Documents\RochesWebStudio\Projet_OnlyRoll\OnlyRoll\backend\vendor\doctrine\dbal\src\Connection.php:1976
C:\Users\roche\Documents\RochesWebStudio\Projet_OnlyRoll\OnlyRoll\backend\vendor\doctrine\dbal\src\Connection.php:1924
C:\Users\roche\Documents\RochesWebStudio\Projet_OnlyRoll\OnlyRoll\backend\vendor\doctrine\dbal\src\Connection.php:385
C:\Users\roche\Documents\RochesWebStudio\Projet_OnlyRoll\OnlyRoll\backend\vendor\doctrine\dbal\src\Connection.php:1692
C:\Users\roche\Documents\RochesWebStudio\Projet_OnlyRoll\OnlyRoll\backend\vendor\doctrine\dbal\src\Connection.php:1380
C:\Users\roche\Documents\RochesWebStudio\Projet_OnlyRoll\OnlyRoll\backend\vendor\doctrine\orm\src\UnitOfWork.php:381
C:\Users\roche\Documents\RochesWebStudio\Projet_OnlyRoll\OnlyRoll\backend\vendor\doctrine\orm\src\EntityManager.php:268
C:\Users\roche\Documents\RochesWebStudio\Projet_OnlyRoll\OnlyRoll\backend\tests\Functional\Controller\TokenControllerTest.php:70</error>
        </testcase>
        <testcase name="testCreateTokenAsPlayerForbidden" file="C:\Users\roche\Documents\RochesWebStudio\Projet_OnlyRoll\OnlyRoll\backend\tests\Functional\Controller\TokenControllerTest.php" line="164" class="App\Tests\Functional\Controller\TokenControllerTest" classname="App.Tests.Functional.Controller.TokenControllerTest" assertions="0" time="0.000000">
          <error type="Doctrine\DBAL\Exception\ConnectionException">App\Tests\Functional\Controller\TokenControllerTest::testCreateTokenAsPlayerForbidden&#13;
Doctrine\DBAL\Exception\ConnectionException: An exception occurred in the driver: SQLSTATE[HY000] [1045] Accès refusé pour l'utilisateur: 'root'@'@localhost' (mot de passe: OUI)
&#13;
C:\Users\roche\Documents\RochesWebStudio\Projet_OnlyRoll\OnlyRoll\backend\vendor\doctrine\dbal\src\Driver\API\MySQL\ExceptionConverter.php:112
C:\Users\roche\Documents\RochesWebStudio\Projet_OnlyRoll\OnlyRoll\backend\vendor\doctrine\dbal\src\Connection.php:1976
C:\Users\roche\Documents\RochesWebStudio\Projet_OnlyRoll\OnlyRoll\backend\vendor\doctrine\dbal\src\Connection.php:1924
C:\Users\roche\Documents\RochesWebStudio\Projet_OnlyRoll\OnlyRoll\backend\vendor\doctrine\dbal\src\Connection.php:385
C:\Users\roche\Documents\RochesWebStudio\Projet_OnlyRoll\OnlyRoll\backend\vendor\doctrine\dbal\src\Connection.php:1692
C:\Users\roche\Documents\RochesWebStudio\Projet_OnlyRoll\OnlyRoll\backend\vendor\doctrine\dbal\src\Connection.php:1380
C:\Users\roche\Documents\RochesWebStudio\Projet_OnlyRoll\OnlyRoll\backend\vendor\doctrine\orm\src\UnitOfWork.php:381
C:\Users\roche\Documents\RochesWebStudio\Projet_OnlyRoll\OnlyRoll\backend\vendor\doctrine\orm\src\EntityManager.php:268
C:\Users\roche\Documents\RochesWebStudio\Projet_OnlyRoll\OnlyRoll\backend\tests\Functional\Controller\TokenControllerTest.php:70</error>
        </testcase>
        <testcase name="testCreateTokenAsGameMasterSuccess" file="C:\Users\roche\Documents\RochesWebStudio\Projet_OnlyRoll\OnlyRoll\backend\tests\Functional\Controller\TokenControllerTest.php" line="184" class="App\Tests\Functional\Controller\TokenControllerTest" classname="App.Tests.Functional.Controller.TokenControllerTest" assertions="0" time="0.000000">
          <error type="Doctrine\DBAL\Exception\ConnectionException">App\Tests\Functional\Controller\TokenControllerTest::testCreateTokenAsGameMasterSuccess&#13;
Doctrine\DBAL\Exception\ConnectionException: An exception occurred in the driver: SQLSTATE[HY000] [1045] Accès refusé pour l'utilisateur: 'root'@'@localhost' (mot de passe: OUI)
&#13;
C:\Users\roche\Documents\RochesWebStudio\Projet_OnlyRoll\OnlyRoll\backend\vendor\doctrine\dbal\src\Driver\API\MySQL\ExceptionConverter.php:112
C:\Users\roche\Documents\RochesWebStudio\Projet_OnlyRoll\OnlyRoll\backend\vendor\doctrine\dbal\src\Connection.php:1976
C:\Users\roche\Documents\RochesWebStudio\Projet_OnlyRoll\OnlyRoll\backend\vendor\doctrine\dbal\src\Connection.php:1924
C:\Users\roche\Documents\RochesWebStudio\Projet_OnlyRoll\OnlyRoll\backend\vendor\doctrine\dbal\src\Connection.php:385
C:\Users\roche\Documents\RochesWebStudio\Projet_OnlyRoll\OnlyRoll\backend\vendor\doctrine\dbal\src\Connection.php:1692
C:\Users\roche\Documents\RochesWebStudio\Projet_OnlyRoll\OnlyRoll\backend\vendor\doctrine\dbal\src\Connection.php:1380
C:\Users\roche\Documents\RochesWebStudio\Projet_OnlyRoll\OnlyRoll\backend\vendor\doctrine\orm\src\UnitOfWork.php:381
C:\Users\roche\Documents\RochesWebStudio\Projet_OnlyRoll\OnlyRoll\backend\vendor\doctrine\orm\src\EntityManager.php:268
C:\Users\roche\Documents\RochesWebStudio\Projet_OnlyRoll\OnlyRoll\backend\tests\Functional\Controller\TokenControllerTest.php:70</error>
        </testcase>
        <testcase name="testCreateTokenWithInvalidData" file="C:\Users\roche\Documents\RochesWebStudio\Projet_OnlyRoll\OnlyRoll\backend\tests\Functional\Controller\TokenControllerTest.php" line="210" class="App\Tests\Functional\Controller\TokenControllerTest" classname="App.Tests.Functional.Controller.TokenControllerTest" assertions="0" time="0.000000">
          <error type="Doctrine\DBAL\Exception\ConnectionException">App\Tests\Functional\Controller\TokenControllerTest::testCreateTokenWithInvalidData&#13;
Doctrine\DBAL\Exception\ConnectionException: An exception occurred in the driver: SQLSTATE[HY000] [1045] Accès refusé pour l'utilisateur: 'root'@'@localhost' (mot de passe: OUI)
&#13;
C:\Users\roche\Documents\RochesWebStudio\Projet_OnlyRoll\OnlyRoll\backend\vendor\doctrine\dbal\src\Driver\API\MySQL\ExceptionConverter.php:112
C:\Users\roche\Documents\RochesWebStudio\Projet_OnlyRoll\OnlyRoll\backend\vendor\doctrine\dbal\src\Connection.php:1976
C:\Users\roche\Documents\RochesWebStudio\Projet_OnlyRoll\OnlyRoll\backend\vendor\doctrine\dbal\src\Connection.php:1924
C:\Users\roche\Documents\RochesWebStudio\Projet_OnlyRoll\OnlyRoll\backend\vendor\doctrine\dbal\src\Connection.php:385
C:\Users\roche\Documents\RochesWebStudio\Projet_OnlyRoll\OnlyRoll\backend\vendor\doctrine\dbal\src\Connection.php:1692
C:\Users\roche\Documents\RochesWebStudio\Projet_OnlyRoll\OnlyRoll\backend\vendor\doctrine\dbal\src\Connection.php:1380
C:\Users\roche\Documents\RochesWebStudio\Projet_OnlyRoll\OnlyRoll\backend\vendor\doctrine\orm\src\UnitOfWork.php:381
C:\Users\roche\Documents\RochesWebStudio\Projet_OnlyRoll\OnlyRoll\backend\vendor\doctrine\orm\src\EntityManager.php:268
C:\Users\roche\Documents\RochesWebStudio\Projet_OnlyRoll\OnlyRoll\backend\tests\Functional\Controller\TokenControllerTest.php:70</error>
        </testcase>
        <testcase name="testMoveTokenSuccess" file="C:\Users\roche\Documents\RochesWebStudio\Projet_OnlyRoll\OnlyRoll\backend\tests\Functional\Controller\TokenControllerTest.php" line="229" class="App\Tests\Functional\Controller\TokenControllerTest" classname="App.Tests.Functional.Controller.TokenControllerTest" assertions="0" time="0.000000">
          <error type="Doctrine\DBAL\Exception\ConnectionException">App\Tests\Functional\Controller\TokenControllerTest::testMoveTokenSuccess&#13;
Doctrine\DBAL\Exception\ConnectionException: An exception occurred in the driver: SQLSTATE[HY000] [1045] Accès refusé pour l'utilisateur: 'root'@'@localhost' (mot de passe: OUI)
&#13;
C:\Users\roche\Documents\RochesWebStudio\Projet_OnlyRoll\OnlyRoll\backend\vendor\doctrine\dbal\src\Driver\API\MySQL\ExceptionConverter.php:112
C:\Users\roche\Documents\RochesWebStudio\Projet_OnlyRoll\OnlyRoll\backend\vendor\doctrine\dbal\src\Connection.php:1976
C:\Users\roche\Documents\RochesWebStudio\Projet_OnlyRoll\OnlyRoll\backend\vendor\doctrine\dbal\src\Connection.php:1924
C:\Users\roche\Documents\RochesWebStudio\Projet_OnlyRoll\OnlyRoll\backend\vendor\doctrine\dbal\src\Connection.php:385
C:\Users\roche\Documents\RochesWebStudio\Projet_OnlyRoll\OnlyRoll\backend\vendor\doctrine\dbal\src\Connection.php:1692
C:\Users\roche\Documents\RochesWebStudio\Projet_OnlyRoll\OnlyRoll\backend\vendor\doctrine\dbal\src\Connection.php:1380
C:\Users\roche\Documents\RochesWebStudio\Projet_OnlyRoll\OnlyRoll\backend\vendor\doctrine\orm\src\UnitOfWork.php:381
C:\Users\roche\Documents\RochesWebStudio\Projet_OnlyRoll\OnlyRoll\backend\vendor\doctrine\orm\src\EntityManager.php:268
C:\Users\roche\Documents\RochesWebStudio\Projet_OnlyRoll\OnlyRoll\backend\tests\Functional\Controller\TokenControllerTest.php:70</error>
        </testcase>
        <testcase name="testMoveLockedTokenFails" file="C:\Users\roche\Documents\RochesWebStudio\Projet_OnlyRoll\OnlyRoll\backend\tests\Functional\Controller\TokenControllerTest.php" line="249" class="App\Tests\Functional\Controller\TokenControllerTest" classname="App.Tests.Functional.Controller.TokenControllerTest" assertions="0" time="0.000000">
          <error type="Doctrine\DBAL\Exception\ConnectionException">App\Tests\Functional\Controller\TokenControllerTest::testMoveLockedTokenFails&#13;
Doctrine\DBAL\Exception\ConnectionException: An exception occurred in the driver: SQLSTATE[HY000] [1045] Accès refusé pour l'utilisateur: 'root'@'@localhost' (mot de passe: OUI)
&#13;
C:\Users\roche\Documents\RochesWebStudio\Projet_OnlyRoll\OnlyRoll\backend\vendor\doctrine\dbal\src\Driver\API\MySQL\ExceptionConverter.php:112
C:\Users\roche\Documents\RochesWebStudio\Projet_OnlyRoll\OnlyRoll\backend\vendor\doctrine\dbal\src\Connection.php:1976
C:\Users\roche\Documents\RochesWebStudio\Projet_OnlyRoll\OnlyRoll\backend\vendor\doctrine\dbal\src\Connection.php:1924
C:\Users\roche\Documents\RochesWebStudio\Projet_OnlyRoll\OnlyRoll\backend\vendor\doctrine\dbal\src\Connection.php:385
C:\Users\roche\Documents\RochesWebStudio\Projet_OnlyRoll\OnlyRoll\backend\vendor\doctrine\dbal\src\Connection.php:1692
C:\Users\roche\Documents\RochesWebStudio\Projet_OnlyRoll\OnlyRoll\backend\vendor\doctrine\dbal\src\Connection.php:1380
C:\Users\roche\Documents\RochesWebStudio\Projet_OnlyRoll\OnlyRoll\backend\vendor\doctrine\orm\src\UnitOfWork.php:381
C:\Users\roche\Documents\RochesWebStudio\Projet_OnlyRoll\OnlyRoll\backend\vendor\doctrine\orm\src\EntityManager.php:268
C:\Users\roche\Documents\RochesWebStudio\Projet_OnlyRoll\OnlyRoll\backend\tests\Functional\Controller\TokenControllerTest.php:70</error>
        </testcase>
        <testcase name="testToggleVisibilityAsGameMasterSuccess" file="C:\Users\roche\Documents\RochesWebStudio\Projet_OnlyRoll\OnlyRoll\backend\tests\Functional\Controller\TokenControllerTest.php" line="269" class="App\Tests\Functional\Controller\TokenControllerTest" classname="App.Tests.Functional.Controller.TokenControllerTest" assertions="0" time="0.000000">
          <error type="Doctrine\DBAL\Exception\ConnectionException">App\Tests\Functional\Controller\TokenControllerTest::testToggleVisibilityAsGameMasterSuccess&#13;
Doctrine\DBAL\Exception\ConnectionException: An exception occurred in the driver: SQLSTATE[HY000] [1045] Accès refusé pour l'utilisateur: 'root'@'@localhost' (mot de passe: OUI)
&#13;
C:\Users\roche\Documents\RochesWebStudio\Projet_OnlyRoll\OnlyRoll\backend\vendor\doctrine\dbal\src\Driver\API\MySQL\ExceptionConverter.php:112
C:\Users\roche\Documents\RochesWebStudio\Projet_OnlyRoll\OnlyRoll\backend\vendor\doctrine\dbal\src\Connection.php:1976
C:\Users\roche\Documents\RochesWebStudio\Projet_OnlyRoll\OnlyRoll\backend\vendor\doctrine\dbal\src\Connection.php:1924
C:\Users\roche\Documents\RochesWebStudio\Projet_OnlyRoll\OnlyRoll\backend\vendor\doctrine\dbal\src\Connection.php:385
C:\Users\roche\Documents\RochesWebStudio\Projet_OnlyRoll\OnlyRoll\backend\vendor\doctrine\dbal\src\Connection.php:1692
C:\Users\roche\Documents\RochesWebStudio\Projet_OnlyRoll\OnlyRoll\backend\vendor\doctrine\dbal\src\Connection.php:1380
C:\Users\roche\Documents\RochesWebStudio\Projet_OnlyRoll\OnlyRoll\backend\vendor\doctrine\orm\src\UnitOfWork.php:381
C:\Users\roche\Documents\RochesWebStudio\Projet_OnlyRoll\OnlyRoll\backend\vendor\doctrine\orm\src\EntityManager.php:268
C:\Users\roche\Documents\RochesWebStudio\Projet_OnlyRoll\OnlyRoll\backend\tests\Functional\Controller\TokenControllerTest.php:70</error>
        </testcase>
        <testcase name="testToggleVisibilityAsPlayerForbidden" file="C:\Users\roche\Documents\RochesWebStudio\Projet_OnlyRoll\OnlyRoll\backend\tests\Functional\Controller\TokenControllerTest.php" line="281" class="App\Tests\Functional\Controller\TokenControllerTest" classname="App.Tests.Functional.Controller.TokenControllerTest" assertions="0" time="0.000000">
          <error type="Doctrine\DBAL\Exception\ConnectionException">App\Tests\Functional\Controller\TokenControllerTest::testToggleVisibilityAsPlayerForbidden&#13;
Doctrine\DBAL\Exception\ConnectionException: An exception occurred in the driver: SQLSTATE[HY000] [1045] Accès refusé pour l'utilisateur: 'root'@'@localhost' (mot de passe: OUI)
&#13;
C:\Users\roche\Documents\RochesWebStudio\Projet_OnlyRoll\OnlyRoll\backend\vendor\doctrine\dbal\src\Driver\API\MySQL\ExceptionConverter.php:112
C:\Users\roche\Documents\RochesWebStudio\Projet_OnlyRoll\OnlyRoll\backend\vendor\doctrine\dbal\src\Connection.php:1976
C:\Users\roche\Documents\RochesWebStudio\Projet_OnlyRoll\OnlyRoll\backend\vendor\doctrine\dbal\src\Connection.php:1924
C:\Users\roche\Documents\RochesWebStudio\Projet_OnlyRoll\OnlyRoll\backend\vendor\doctrine\dbal\src\Connection.php:385
C:\Users\roche\Documents\RochesWebStudio\Projet_OnlyRoll\OnlyRoll\backend\vendor\doctrine\dbal\src\Connection.php:1692
C:\Users\roche\Documents\RochesWebStudio\Projet_OnlyRoll\OnlyRoll\backend\vendor\doctrine\dbal\src\Connection.php:1380
C:\Users\roche\Documents\RochesWebStudio\Projet_OnlyRoll\OnlyRoll\backend\vendor\doctrine\orm\src\UnitOfWork.php:381
C:\Users\roche\Documents\RochesWebStudio\Projet_OnlyRoll\OnlyRoll\backend\vendor\doctrine\orm\src\EntityManager.php:268
C:\Users\roche\Documents\RochesWebStudio\Projet_OnlyRoll\OnlyRoll\backend\tests\Functional\Controller\TokenControllerTest.php:70</error>
        </testcase>
        <testcase name="testToggleLockAsGameMasterSuccess" file="C:\Users\roche\Documents\RochesWebStudio\Projet_OnlyRoll\OnlyRoll\backend\tests\Functional\Controller\TokenControllerTest.php" line="291" class="App\Tests\Functional\Controller\TokenControllerTest" classname="App.Tests.Functional.Controller.TokenControllerTest" assertions="0" time="0.000000">
          <error type="Doctrine\DBAL\Exception\ConnectionException">App\Tests\Functional\Controller\TokenControllerTest::testToggleLockAsGameMasterSuccess&#13;
Doctrine\DBAL\Exception\ConnectionException: An exception occurred in the driver: SQLSTATE[HY000] [1045] Accès refusé pour l'utilisateur: 'root'@'@localhost' (mot de passe: OUI)
&#13;
C:\Users\roche\Documents\RochesWebStudio\Projet_OnlyRoll\OnlyRoll\backend\vendor\doctrine\dbal\src\Driver\API\MySQL\ExceptionConverter.php:112
C:\Users\roche\Documents\RochesWebStudio\Projet_OnlyRoll\OnlyRoll\backend\vendor\doctrine\dbal\src\Connection.php:1976
C:\Users\roche\Documents\RochesWebStudio\Projet_OnlyRoll\OnlyRoll\backend\vendor\doctrine\dbal\src\Connection.php:1924
C:\Users\roche\Documents\RochesWebStudio\Projet_OnlyRoll\OnlyRoll\backend\vendor\doctrine\dbal\src\Connection.php:385
C:\Users\roche\Documents\RochesWebStudio\Projet_OnlyRoll\OnlyRoll\backend\vendor\doctrine\dbal\src\Connection.php:1692
C:\Users\roche\Documents\RochesWebStudio\Projet_OnlyRoll\OnlyRoll\backend\vendor\doctrine\dbal\src\Connection.php:1380
C:\Users\roche\Documents\RochesWebStudio\Projet_OnlyRoll\OnlyRoll\backend\vendor\doctrine\orm\src\UnitOfWork.php:381
C:\Users\roche\Documents\RochesWebStudio\Projet_OnlyRoll\OnlyRoll\backend\vendor\doctrine\orm\src\EntityManager.php:268
C:\Users\roche\Documents\RochesWebStudio\Projet_OnlyRoll\OnlyRoll\backend\tests\Functional\Controller\TokenControllerTest.php:70</error>
        </testcase>
        <testcase name="testToggleLockAsPlayerForbidden" file="C:\Users\roche\Documents\RochesWebStudio\Projet_OnlyRoll\OnlyRoll\backend\tests\Functional\Controller\TokenControllerTest.php" line="303" class="App\Tests\Functional\Controller\TokenControllerTest" classname="App.Tests.Functional.Controller.TokenControllerTest" assertions="0" time="0.000000">
          <error type="Doctrine\DBAL\Exception\ConnectionException">App\Tests\Functional\Controller\TokenControllerTest::testToggleLockAsPlayerForbidden&#13;
Doctrine\DBAL\Exception\ConnectionException: An exception occurred in the driver: SQLSTATE[HY000] [1045] Accès refusé pour l'utilisateur: 'root'@'@localhost' (mot de passe: OUI)
&#13;
C:\Users\roche\Documents\RochesWebStudio\Projet_OnlyRoll\OnlyRoll\backend\vendor\doctrine\dbal\src\Driver\API\MySQL\ExceptionConverter.php:112
C:\Users\roche\Documents\RochesWebStudio\Projet_OnlyRoll\OnlyRoll\backend\vendor\doctrine\dbal\src\Connection.php:1976
C:\Users\roche\Documents\RochesWebStudio\Projet_OnlyRoll\OnlyRoll\backend\vendor\doctrine\dbal\src\Connection.php:1924
C:\Users\roche\Documents\RochesWebStudio\Projet_OnlyRoll\OnlyRoll\backend\vendor\doctrine\dbal\src\Connection.php:385
C:\Users\roche\Documents\RochesWebStudio\Projet_OnlyRoll\OnlyRoll\backend\vendor\doctrine\dbal\src\Connection.php:1692
C:\Users\roche\Documents\RochesWebStudio\Projet_OnlyRoll\OnlyRoll\backend\vendor\doctrine\dbal\src\Connection.php:1380
C:\Users\roche\Documents\RochesWebStudio\Projet_OnlyRoll\OnlyRoll\backend\vendor\doctrine\orm\src\UnitOfWork.php:381
C:\Users\roche\Documents\RochesWebStudio\Projet_OnlyRoll\OnlyRoll\backend\vendor\doctrine\orm\src\EntityManager.php:268
C:\Users\roche\Documents\RochesWebStudio\Projet_OnlyRoll\OnlyRoll\backend\tests\Functional\Controller\TokenControllerTest.php:70</error>
        </testcase>
        <testcase name="testDeleteTokenAsGameMasterSuccess" file="C:\Users\roche\Documents\RochesWebStudio\Projet_OnlyRoll\OnlyRoll\backend\tests\Functional\Controller\TokenControllerTest.php" line="313" class="App\Tests\Functional\Controller\TokenControllerTest" classname="App.Tests.Functional.Controller.TokenControllerTest" assertions="0" time="0.000000">
          <error type="Doctrine\DBAL\Exception\ConnectionException">App\Tests\Functional\Controller\TokenControllerTest::testDeleteTokenAsGameMasterSuccess&#13;
Doctrine\DBAL\Exception\ConnectionException: An exception occurred in the driver: SQLSTATE[HY000] [1045] Accès refusé pour l'utilisateur: 'root'@'@localhost' (mot de passe: OUI)
&#13;
C:\Users\roche\Documents\RochesWebStudio\Projet_OnlyRoll\OnlyRoll\backend\vendor\doctrine\dbal\src\Driver\API\MySQL\ExceptionConverter.php:112
C:\Users\roche\Documents\RochesWebStudio\Projet_OnlyRoll\OnlyRoll\backend\vendor\doctrine\dbal\src\Connection.php:1976
C:\Users\roche\Documents\RochesWebStudio\Projet_OnlyRoll\OnlyRoll\backend\vendor\doctrine\dbal\src\Connection.php:1924
C:\Users\roche\Documents\RochesWebStudio\Projet_OnlyRoll\OnlyRoll\backend\vendor\doctrine\dbal\src\Connection.php:385
C:\Users\roche\Documents\RochesWebStudio\Projet_OnlyRoll\OnlyRoll\backend\vendor\doctrine\dbal\src\Connection.php:1692
C:\Users\roche\Documents\RochesWebStudio\Projet_OnlyRoll\OnlyRoll\backend\vendor\doctrine\dbal\src\Connection.php:1380
C:\Users\roche\Documents\RochesWebStudio\Projet_OnlyRoll\OnlyRoll\backend\vendor\doctrine\orm\src\UnitOfWork.php:381
C:\Users\roche\Documents\RochesWebStudio\Projet_OnlyRoll\OnlyRoll\backend\vendor\doctrine\orm\src\EntityManager.php:268
C:\Users\roche\Documents\RochesWebStudio\Projet_OnlyRoll\OnlyRoll\backend\tests\Functional\Controller\TokenControllerTest.php:70</error>
        </testcase>
        <testcase name="testDeleteTokenAsPlayerForbidden" file="C:\Users\roche\Documents\RochesWebStudio\Projet_OnlyRoll\OnlyRoll\backend\tests\Functional\Controller\TokenControllerTest.php" line="327" class="App\Tests\Functional\Controller\TokenControllerTest" classname="App.Tests.Functional.Controller.TokenControllerTest" assertions="0" time="0.000000">
          <error type="Doctrine\DBAL\Exception\ConnectionException">App\Tests\Functional\Controller\TokenControllerTest::testDeleteTokenAsPlayerForbidden&#13;
Doctrine\DBAL\Exception\ConnectionException: An exception occurred in the driver: SQLSTATE[HY000] [1045] Accès refusé pour l'utilisateur: 'root'@'@localhost' (mot de passe: OUI)
&#13;
C:\Users\roche\Documents\RochesWebStudio\Projet_OnlyRoll\OnlyRoll\backend\vendor\doctrine\dbal\src\Driver\API\MySQL\ExceptionConverter.php:112
C:\Users\roche\Documents\RochesWebStudio\Projet_OnlyRoll\OnlyRoll\backend\vendor\doctrine\dbal\src\Connection.php:1976
C:\Users\roche\Documents\RochesWebStudio\Projet_OnlyRoll\OnlyRoll\backend\vendor\doctrine\dbal\src\Connection.php:1924
C:\Users\roche\Documents\RochesWebStudio\Projet_OnlyRoll\OnlyRoll\backend\vendor\doctrine\dbal\src\Connection.php:385
C:\Users\roche\Documents\RochesWebStudio\Projet_OnlyRoll\OnlyRoll\backend\vendor\doctrine\dbal\src\Connection.php:1692
C:\Users\roche\Documents\RochesWebStudio\Projet_OnlyRoll\OnlyRoll\backend\vendor\doctrine\dbal\src\Connection.php:1380
C:\Users\roche\Documents\RochesWebStudio\Projet_OnlyRoll\OnlyRoll\backend\vendor\doctrine\orm\src\UnitOfWork.php:381
C:\Users\roche\Documents\RochesWebStudio\Projet_OnlyRoll\OnlyRoll\backend\vendor\doctrine\orm\src\EntityManager.php:268
C:\Users\roche\Documents\RochesWebStudio\Projet_OnlyRoll\OnlyRoll\backend\tests\Functional\Controller\TokenControllerTest.php:70</error>
        </testcase>
        <testcase name="testTokenBelongsToCorrectMap" file="C:\Users\roche\Documents\RochesWebStudio\Projet_OnlyRoll\OnlyRoll\backend\tests\Functional\Controller\TokenControllerTest.php" line="337" class="App\Tests\Functional\Controller\TokenControllerTest" classname="App.Tests.Functional.Controller.TokenControllerTest" assertions="0" time="0.000000">
          <error type="Doctrine\DBAL\Exception\ConnectionException">App\Tests\Functional\Controller\TokenControllerTest::testTokenBelongsToCorrectMap&#13;
Doctrine\DBAL\Exception\ConnectionException: An exception occurred in the driver: SQLSTATE[HY000] [1045] Accès refusé pour l'utilisateur: 'root'@'@localhost' (mot de passe: OUI)
&#13;
C:\Users\roche\Documents\RochesWebStudio\Projet_OnlyRoll\OnlyRoll\backend\vendor\doctrine\dbal\src\Driver\API\MySQL\ExceptionConverter.php:112
C:\Users\roche\Documents\RochesWebStudio\Projet_OnlyRoll\OnlyRoll\backend\vendor\doctrine\dbal\src\Connection.php:1976
C:\Users\roche\Documents\RochesWebStudio\Projet_OnlyRoll\OnlyRoll\backend\vendor\doctrine\dbal\src\Connection.php:1924
C:\Users\roche\Documents\RochesWebStudio\Projet_OnlyRoll\OnlyRoll\backend\vendor\doctrine\dbal\src\Connection.php:385
C:\Users\roche\Documents\RochesWebStudio\Projet_OnlyRoll\OnlyRoll\backend\vendor\doctrine\dbal\src\Connection.php:1692
C:\Users\roche\Documents\RochesWebStudio\Projet_OnlyRoll\OnlyRoll\backend\vendor\doctrine\dbal\src\Connection.php:1380
C:\Users\roche\Documents\RochesWebStudio\Projet_OnlyRoll\OnlyRoll\backend\vendor\doctrine\orm\src\UnitOfWork.php:381
C:\Users\roche\Documents\RochesWebStudio\Projet_OnlyRoll\OnlyRoll\backend\vendor\doctrine\orm\src\EntityManager.php:268
C:\Users\roche\Documents\RochesWebStudio\Projet_OnlyRoll\OnlyRoll\backend\tests\Functional\Controller\TokenControllerTest.php:70</error>
        </testcase>
      </testsuite>
    </testsuite>
  </testsuite>
</testsuites>
